Archive member included to satisfy reference by file (symbol)

c:/program files (x86)/atollic/truestudio for stm32 9.0.1/armtools/bin/../lib/gcc/arm-atollic-eabi/6.3.1/../../../../arm-atollic-eabi/lib/armv7e-m/fpu\libc_nano.a(lib_a-fclose.o)
                              Src\vl53l0x\vl53l0x_platform_log.o (fclose)
c:/program files (x86)/atollic/truestudio for stm32 9.0.1/armtools/bin/../lib/gcc/arm-atollic-eabi/6.3.1/../../../../arm-atollic-eabi/lib/armv7e-m/fpu\libc_nano.a(lib_a-fflush.o)
                              c:/program files (x86)/atollic/truestudio for stm32 9.0.1/armtools/bin/../lib/gcc/arm-atollic-eabi/6.3.1/../../../../arm-atollic-eabi/lib/armv7e-m/fpu\libc_nano.a(lib_a-fclose.o) (__sflush_r)
c:/program files (x86)/atollic/truestudio for stm32 9.0.1/armtools/bin/../lib/gcc/arm-atollic-eabi/6.3.1/../../../../arm-atollic-eabi/lib/armv7e-m/fpu\libc_nano.a(lib_a-findfp.o)
                              c:/program files (x86)/atollic/truestudio for stm32 9.0.1/armtools/bin/../lib/gcc/arm-atollic-eabi/6.3.1/../../../../arm-atollic-eabi/lib/armv7e-m/fpu\libc_nano.a(lib_a-fclose.o) (__sinit)
c:/program files (x86)/atollic/truestudio for stm32 9.0.1/armtools/bin/../lib/gcc/arm-atollic-eabi/6.3.1/../../../../arm-atollic-eabi/lib/armv7e-m/fpu\libc_nano.a(lib_a-fopen.o)
                              Src\vl53l0x\vl53l0x_platform_log.o (fopen)
c:/program files (x86)/atollic/truestudio for stm32 9.0.1/armtools/bin/../lib/gcc/arm-atollic-eabi/6.3.1/../../../../arm-atollic-eabi/lib/armv7e-m/fpu\libc_nano.a(lib_a-fprintf.o)
                              Src\vl53l0x\vl53l0x_platform_log.o (fprintf)
c:/program files (x86)/atollic/truestudio for stm32 9.0.1/armtools/bin/../lib/gcc/arm-atollic-eabi/6.3.1/../../../../arm-atollic-eabi/lib/armv7e-m/fpu\libc_nano.a(lib_a-fseek.o)
                              c:/program files (x86)/atollic/truestudio for stm32 9.0.1/armtools/bin/../lib/gcc/arm-atollic-eabi/6.3.1/../../../../arm-atollic-eabi/lib/armv7e-m/fpu\libc_nano.a(lib_a-fopen.o) (_fseek_r)
c:/program files (x86)/atollic/truestudio for stm32 9.0.1/armtools/bin/../lib/gcc/arm-atollic-eabi/6.3.1/../../../../arm-atollic-eabi/lib/armv7e-m/fpu\libc_nano.a(lib_a-fseeko.o)
                              c:/program files (x86)/atollic/truestudio for stm32 9.0.1/armtools/bin/../lib/gcc/arm-atollic-eabi/6.3.1/../../../../arm-atollic-eabi/lib/armv7e-m/fpu\libc_nano.a(lib_a-fseek.o) (_fseeko_r)
c:/program files (x86)/atollic/truestudio for stm32 9.0.1/armtools/bin/../lib/gcc/arm-atollic-eabi/6.3.1/../../../../arm-atollic-eabi/lib/armv7e-m/fpu\libc_nano.a(lib_a-fwalk.o)
                              c:/program files (x86)/atollic/truestudio for stm32 9.0.1/armtools/bin/../lib/gcc/arm-atollic-eabi/6.3.1/../../../../arm-atollic-eabi/lib/armv7e-m/fpu\libc_nano.a(lib_a-findfp.o) (_fwalk)
c:/program files (x86)/atollic/truestudio for stm32 9.0.1/armtools/bin/../lib/gcc/arm-atollic-eabi/6.3.1/../../../../arm-atollic-eabi/lib/armv7e-m/fpu\libc_nano.a(lib_a-impure.o)
                              c:/program files (x86)/atollic/truestudio for stm32 9.0.1/armtools/bin/../lib/gcc/arm-atollic-eabi/6.3.1/../../../../arm-atollic-eabi/lib/armv7e-m/fpu\libc_nano.a(lib_a-fflush.o) (_global_impure_ptr)
c:/program files (x86)/atollic/truestudio for stm32 9.0.1/armtools/bin/../lib/gcc/arm-atollic-eabi/6.3.1/../../../../arm-atollic-eabi/lib/armv7e-m/fpu\libc_nano.a(lib_a-init.o)
                              startup\startup_stm32f401xe.o (__libc_init_array)
c:/program files (x86)/atollic/truestudio for stm32 9.0.1/armtools/bin/../lib/gcc/arm-atollic-eabi/6.3.1/../../../../arm-atollic-eabi/lib/armv7e-m/fpu\libc_nano.a(lib_a-makebuf.o)
                              c:/program files (x86)/atollic/truestudio for stm32 9.0.1/armtools/bin/../lib/gcc/arm-atollic-eabi/6.3.1/../../../../arm-atollic-eabi/lib/armv7e-m/fpu\libc_nano.a(lib_a-fseeko.o) (__smakebuf_r)
c:/program files (x86)/atollic/truestudio for stm32 9.0.1/armtools/bin/../lib/gcc/arm-atollic-eabi/6.3.1/../../../../arm-atollic-eabi/lib/armv7e-m/fpu\libc_nano.a(lib_a-malloc.o)
                              Src\TFMini.o (malloc)
c:/program files (x86)/atollic/truestudio for stm32 9.0.1/armtools/bin/../lib/gcc/arm-atollic-eabi/6.3.1/../../../../arm-atollic-eabi/lib/armv7e-m/fpu\libc_nano.a(lib_a-memcpy-stub.o)
                              Src\vl53l0x\vl53l0x_api_calibration.o (memcpy)
c:/program files (x86)/atollic/truestudio for stm32 9.0.1/armtools/bin/../lib/gcc/arm-atollic-eabi/6.3.1/../../../../arm-atollic-eabi/lib/armv7e-m/fpu\libc_nano.a(lib_a-memset.o)
                              Src\vl53l0x\vl53l0x_api.o (memset)
c:/program files (x86)/atollic/truestudio for stm32 9.0.1/armtools/bin/../lib/gcc/arm-atollic-eabi/6.3.1/../../../../arm-atollic-eabi/lib/armv7e-m/fpu\libc_nano.a(lib_a-nano-freer.o)
[...]
Memory Configuration

Name             Origin             Length             Attributes
RAM              0x20000000         0x00018000         xrw
FLASH            0x08000000         0x00080000         xr
*default*        0x00000000         0xffffffff

Linker script and memory map

LOAD c:/program files (x86)/atollic/truestudio for stm32 9.0.1/armtools/bin/../lib/gcc/arm-atollic-eabi/6.3.1/armv7e-m/fpu/crti.o
LOAD c:/program files (x86)/atollic/truestudio for stm32 9.0.1/armtools/bin/../lib/gcc/arm-atollic-eabi/6.3.1/armv7e-m/fpu/crtbegin.o
LOAD Drivers\STM32F4xx_HAL_Driver\Src\stm32f4xx_hal.o
LOAD Drivers\STM32F4xx_HAL_Driver\Src\stm32f4xx_hal_adc.o
LOAD Drivers\STM32F4xx_HAL_Driver\Src\stm32f4xx_hal_adc_ex.o
LOAD Drivers\STM32F4xx_HAL_Driver\Src\stm32f4xx_hal_cortex.o
LOAD Drivers\STM32F4xx_HAL_Driver\Src\stm32f4xx_hal_dma.o
LOAD Drivers\STM32F4xx_HAL_Driver\Src\stm32f4xx_hal_dma_ex.o
LOAD Drivers\STM32F4xx_HAL_Driver\Src\stm32f4xx_hal_flash.o
LOAD Drivers\STM32F4xx_HAL_Driver\Src\stm32f4xx_hal_flash_ex.o
LOAD Drivers\STM32F4xx_HAL_Driver\Src\stm32f4xx_hal_flash_ramfunc.o
LOAD Drivers\STM32F4xx_HAL_Driver\Src\stm32f4xx_hal_gpio.o
LOAD Drivers\STM32F4xx_HAL_Driver\Src\stm32f4xx_hal_i2c.o
LOAD Drivers\STM32F4xx_HAL_Driver\Src\stm32f4xx_hal_i2c_ex.o
LOAD Drivers\STM32F4xx_HAL_Driver\Src\stm32f4xx_hal_pwr.o
LOAD Drivers\STM32F4xx_HAL_Driver\Src\stm32f4xx_hal_pwr_ex.o
LOAD Drivers\STM32F4xx_HAL_Driver\Src\stm32f4xx_hal_rcc.o
LOAD Drivers\STM32F4xx_HAL_Driver\Src\stm32f4xx_hal_rcc_ex.o
LOAD Drivers\STM32F4xx_HAL_Driver\Src\stm32f4xx_hal_tim.o
LOAD Drivers\STM32F4xx_HAL_Driver\Src\stm32f4xx_hal_tim_ex.o
LOAD Drivers\STM32F4xx_HAL_Driver\Src\stm32f4xx_hal_uart.o
LOAD Src\TFMini.o
LOAD Src\adc.o
LOAD Src\dma.o
LOAD Src\gpio.o
LOAD Src\i2c.o
LOAD Src\main.o
LOAD Src\psd.o
LOAD Src\stm32f4xx_hal_msp.o
LOAD Src\stm32f4xx_it.o
LOAD Src\system_stm32f4xx.o
LOAD Src\timer.o
LOAD Src\usart.o
LOAD Src\vl53l0x\vl53l0x_api.o
LOAD Src\vl53l0x\vl53l0x_api_calibration.o
LOAD Src\vl53l0x\vl53l0x_api_core.o
LOAD Src\vl53l0x\vl53l0x_api_ranging.o
LOAD Src\vl53l0x\vl53l0x_api_strings.o
LOAD Src\vl53l0x\vl53l0x_i2c_platform.o
LOAD Src\vl53l0x\vl53l0x_platform.o
LOAD Src\vl53l0x\vl53l0x_platform_log.o
LOAD Src\vl53l0x\vl53l0x_wrap.o
LOAD Src\vl53l1x\vl53l1_api.o
LOAD Src\vl53l1x\vl53l1_api_calibration.o
LOAD Src\vl53l1x\vl53l1_api_core.o
LOAD Src\vl53l1x\vl53l1_api_debug.o
LOAD Src\vl53l1x\vl53l1_api_preset_modes.o
LOAD Src\vl53l1x\vl53l1_api_strings.o
LOAD Src\vl53l1x\vl53l1_core.o
LOAD Src\vl53l1x\vl53l1_core_support.o
LOAD Src\vl53l1x\vl53l1_error_strings.o
LOAD Src\vl53l1x\vl53l1_platform.o
LOAD Src\vl53l1x\vl53l1_register_funcs.o
LOAD Src\vl53l1x\vl53l1_silicon_core.o
LOAD Src\vl53l1x\vl53l1_wait.o
LOAD Src\vl53l1x\vl53l1_wrap.o
LOAD startup\startup_stm32f401xe.o
                0x00000080                malloc_getpagesize_P = 0x80
START GROUP
LOAD c:/program files (x86)/atollic/truestudio for stm32 9.0.1/armtools/bin/../lib/gcc/arm-atollic-eabi/6.3.1/../../../../arm-atollic-eabi/lib/armv7e-m/fpu\libc_nano.a
LOAD c:/program files (x86)/atollic/truestudio for stm32 9.0.1/armtools/bin/../lib/gcc/arm-atollic-eabi/6.3.1/../../../../arm-atollic-eabi/lib/armv7e-m/fpu\libm.a
END GROUP
START GROUP
LOAD c:/program files (x86)/atollic/truestudio for stm32 9.0.1/armtools/bin/../lib/gcc/arm-atollic-eabi/6.3.1/armv7e-m/fpu\libgcc.a
LOAD c:/program files (x86)/atollic/truestudio for stm32 9.0.1/armtools/bin/../lib/gcc/arm-atollic-eabi/6.3.1/../../../../arm-atollic-eabi/lib/armv7e-m/fpu\libc_nano.a
END GROUP
START GROUP
LOAD c:/program files (x86)/atollic/truestudio for stm32 9.0.1/armtools/bin/../lib/gcc/arm-atollic-eabi/6.3.1/armv7e-m/fpu\libgcc.a
LOAD c:/program files (x86)/atollic/truestudio for stm32 9.0.1/armtools/bin/../lib/gcc/arm-atollic-eabi/6.3.1/../../../../arm-atollic-eabi/lib/armv7e-m/fpu\libc_nano.a
LOAD c:/program files (x86)/atollic/truestudio for stm32 9.0.1/armtools/bin/../lib/gcc/arm-atollic-eabi/6.3.1/../../../../arm-atollic-eabi/lib/armv7e-m/fpu\libnosys.a
END GROUP
START GROUP
LOAD c:/program files (x86)/atollic/truestudio for stm32 9.0.1/armtools/bin/../lib/gcc/arm-atollic-eabi/6.3.1/armv7e-m/fpu\libgcc.a
LOAD c:/program files (x86)/atollic/truestudio for stm32 9.0.1/armtools/bin/../lib/gcc/arm-atollic-eabi/6.3.1/../../../../arm-atollic-eabi/lib/armv7e-m/fpu\libc_nano.a
LOAD c:/program files (x86)/atollic/truestudio for stm32 9.0.1/armtools/bin/../lib/gcc/arm-atollic-eabi/6.3.1/../../../../arm-atollic-eabi/lib/armv7e-m/fpu\libnosys.a
END GROUP
LOAD c:/program files (x86)/atollic/truestudio for stm32 9.0.1/armtools/bin/../lib/gcc/arm-atollic-eabi/6.3.1/armv7e-m/fpu/crtend.o
LOAD c:/program files (x86)/atollic/truestudio for stm32 9.0.1/armtools/bin/../lib/gcc/arm-atollic-eabi/6.3.1/armv7e-m/fpu/crtn.o
                0x20018000                _estack = 0x20018000
                0x00000200                _Min_Heap_Size = 0x200
                0x00000400                _Min_Stack_Size = 0x400

.isr_vector     0x08000000      0x194
                0x08000000                . = ALIGN (0x4)
 *(.isr_vector)
 .isr_vector    0x08000000      0x194 startup\startup_stm32f401xe.o
                0x08000000                g_pfnVectors
                0x08000194                . = ALIGN (0x4)

.text           0x080001a0    0x10194
                0x080001a0                . = ALIGN (0x4)
 *(.text)
 .text          0x080001a0       0x40 c:/program files (x86)/atollic/truestudio for stm32 9.0.1/armtools/bin/../lib/gcc/arm-atollic-eabi/6.3.1/armv7e-m/fpu/crtbegin.o
 .text          0x080001e0       0xa0 c:/program files (x86)/atollic/truestudio for stm32 9.0.1/armtools/bin/../lib/gcc/arm-atollic-eabi/6.3.1/../../../../arm-atollic-eabi/lib/armv7e-m/fpu\libc_nano.a(lib_a-memchr.o)
                0x080001e0                memchr
 .text          0x08000280      0x370 c:/program files (x86)/atollic/truestudio for stm32 9.0.1/armtools/bin/../lib/gcc/arm-atollic-eabi/6.3.1/armv7e-m/fpu\libgcc.a(_arm_addsubdf3.o)
                0x08000280                __aeabi_drsub
                0x08000288                __aeabi_dsub
                0x08000288                __subdf3
                0x0800028c                __aeabi_dadd
                0x0800028c                __adddf3
                0x08000504                __floatunsidf
                0x08000504                __aeabi_ui2d
                0x08000524                __floatsidf
                0x08000524                __aeabi_i2d
                0x08000548                __aeabi_f2d
                0x08000548                __extendsfdf2
                0x08000584                __floatundidf
                0x08000584                __aeabi_ul2d
                0x08000594                __floatdidf
                0x08000594                __aeabi_l2d
 .text          0x080005f0      0x424 c:/program files (x86)/atollic/truestudio for stm32 9.0.1/armtools/bin/../lib/gcc/arm-atollic-eabi/6.3.1/armv7e-m/fpu\libgcc.a(_arm_muldivdf3.o)
                0x080005f0                __aeabi_dmul
                0x080005f0                __muldf3
                0x08000844                __divdf3
                0x08000844                __aeabi_ddiv
 .text          0x08000a14       0x30 c:/program files (x86)/atollic/truestudio for stm32 9.0.1/armtools/bin/../lib/gcc/arm-atollic-eabi/6.3.1/armv7e-m/fpu\libgcc.a(_aeabi_uldivmod.o)
                0x08000a14                __aeabi_uldivmod
 .text          0x08000a44      0x2dc c:/program files (x86)/atollic/truestudio for stm32 9.0.1/armtools/bin/../lib/gcc/arm-atollic-eabi/6.3.1/armv7e-m/fpu\libgcc.a(_udivmoddi4.o)
                0x08000a44                __udivmoddi4
 .text          0x08000d20        0x4 c:/program files (x86)/atollic/truestudio for stm32 9.0.1/armtools/bin/../lib/gcc/arm-atollic-eabi/6.3.1/armv7e-m/fpu\libgcc.a(_dvmd_tls.o)
                0x08000d20                __aeabi_idiv0
                0x08000d20                __aeabi_ldiv0
 *(.text*)
 .text.HAL_Init
                0x08000d24       0x44 Drivers\STM32F4xx_HAL_Driver\Src\stm32f4xx_hal.o
                0x08000d24                HAL_Init
 .text.HAL_InitTick
                0x08000d68       0x60 Drivers\STM32F4xx_HAL_Driver\Src\stm32f4xx_hal.o
                0x08000d68                HAL_InitTick
 .text.HAL_IncTick
                0x08000dc8       0x28 Drivers\STM32F4xx_HAL_Driver\Src\stm32f4xx_hal.o
                0x08000dc8                HAL_IncTick
 .text.HAL_GetTick
                0x08000df0       0x18 Drivers\STM32F4xx_HAL_Driver\Src\stm32f4xx_hal.o
                0x08000df0                HAL_GetTick
 .text.HAL_Delay
                0x08000e08       0x44 Drivers\STM32F4xx_HAL_Driver\Src\stm32f4xx_hal.o
                0x08000e08                HAL_Delay
 .text.HAL_ADC_Init
                0x08000e4c       0x86 Drivers\STM32F4xx_HAL_Driver\Src\stm32f4xx_hal_adc.o
                0x08000e4c                HAL_ADC_Init
 *fill*         0x08000ed2        0x2 
 .text.HAL_ADC_ConfigChannel
                0x08000ed4      0x248 Drivers\STM32F4xx_HAL_Driver\Src\stm32f4xx_hal_adc.o
                0x08000ed4                HAL_ADC_ConfigChannel
 .text.ADC_Init
                0x0800111c      0x1f4 Drivers\STM32F4xx_HAL_Driver\Src\stm32f4xx_hal_adc.o
 .text.NVIC_SetPriorityGrouping
                0x08001310       0x48 Drivers\STM32F4xx_HAL_Driver\Src\stm32f4xx_hal_cortex.o
 .text.NVIC_GetPriorityGrouping
                0x08001358       0x1c Drivers\STM32F4xx_HAL_Driver\Src\stm32f4xx_hal_cortex.o
 .text.NVIC_EnableIRQ
                0x08001374       0x34 Drivers\STM32F4xx_HAL_Driver\Src\stm32f4xx_hal_cortex.o
 .text.NVIC_SetPriority
                0x080013a8       0x54 Drivers\STM32F4xx_HAL_Driver\Src\stm32f4xx_hal_cortex.o
 .text.NVIC_EncodePriority
                0x080013fc       0x62 Drivers\STM32F4xx_HAL_Driver\Src\stm32f4xx_hal_cortex.o
 *fill*         0x0800145e        0x2 
 .text.SysTick_Config
                0x08001460       0x44 Drivers\STM32F4xx_HAL_Driver\Src\stm32f4xx_hal_cortex.o
 .text.HAL_NVIC_SetPriorityGrouping
                0x080014a4       0x16 Drivers\STM32F4xx_HAL_Driver\Src\stm32f4xx_hal_cortex.o
                0x080014a4                HAL_NVIC_SetPriorityGrouping
 .text.HAL_NVIC_SetPriority
                0x080014ba       0x38 Drivers\STM32F4xx_HAL_Driver\Src\stm32f4xx_hal_cortex.o
                0x080014ba                HAL_NVIC_SetPriority
 .text.HAL_NVIC_EnableIRQ
                0x080014f2       0x1c Drivers\STM32F4xx_HAL_Driver\Src\stm32f4xx_hal_cortex.o
                0x080014f2                HAL_NVIC_EnableIRQ
 .text.HAL_SYSTICK_Config
                0x0800150e       0x18 Drivers\STM32F4xx_HAL_Driver\Src\stm32f4xx_hal_cortex.o
                0x0800150e                HAL_SYSTICK_Config
 *fill*         0x08001526        0x2 
 .text.HAL_SYSTICK_CLKSourceConfig
                0x08001528       0x38 Drivers\STM32F4xx_HAL_Driver\Src\stm32f4xx_hal_cortex.o
                0x08001528                HAL_SYSTICK_CLKSourceConfig
 .text.HAL_SYSTICK_IRQHandler
                0x08001560        0xc Drivers\STM32F4xx_HAL_Driver\Src\stm32f4xx_hal_cortex.o
                0x08001560                HAL_SYSTICK_IRQHandler
 .text.HAL_SYSTICK_Callback
                0x0800156c        0xe Drivers\STM32F4xx_HAL_Driver\Src\stm32f4xx_hal_cortex.o
                0x0800156c                HAL_SYSTICK_Callback
 *fill*         0x0800157a        0x2 
 .text.HAL_DMA_Init
                0x0800157c      0x15c Drivers\STM32F4xx_HAL_Driver\Src\stm32f4xx_hal_dma.o
                0x0800157c                HAL_DMA_Init
 .text.HAL_DMA_IRQHandler
                0x080016d8      0x314 Drivers\STM32F4xx_HAL_Driver\Src\stm32f4xx_hal_dma.o
                0x080016d8                HAL_DMA_IRQHandler
 .text.DMA_CalcBaseAndBitshift
                0x080019ec       0x6c Drivers\STM32F4xx_HAL_Driver\Src\stm32f4xx_hal_dma.o
 .text.DMA_CheckFifoParam
                0x08001a58       0xf4 Drivers\STM32F4xx_HAL_Driver\Src\stm32f4xx_hal_dma.o
 .text.HAL_GPIO_Init
                0x08001b4c      0x304 Drivers\STM32F4xx_HAL_Driver\Src\stm32f4xx_hal_gpio.o
                0x08001b4c                HAL_GPIO_Init
 .text.HAL_GPIO_EXTI_IRQHandler
                0x08001e50       0x30 Drivers\STM32F4xx_HAL_Driver\Src\stm32f4xx_hal_gpio.o
                0x08001e50                HAL_GPIO_EXTI_IRQHandler
 .text.HAL_I2C_Init
                0x08001e80      0x1c0 Drivers\STM32F4xx_HAL_Driver\Src\stm32f4xx_hal_i2c.o
                0x08001e80                HAL_I2C_Init
 .text.HAL_I2C_Master_Transmit
                0x08002040      0x21c Drivers\STM32F4xx_HAL_Driver\Src\stm32f4xx_hal_i2c.o
                0x08002040                HAL_I2C_Master_Transmit
 .text.HAL_I2C_Master_Receive
                0x0800225c      0x464 Drivers\STM32F4xx_HAL_Driver\Src\stm32f4xx_hal_i2c.o
                0x0800225c                HAL_I2C_Master_Receive
 .text.I2C_MasterRequestWrite
                0x080026c0      0x104 Drivers\STM32F4xx_HAL_Driver\Src\stm32f4xx_hal_i2c.o
 .text.I2C_MasterRequestRead
                0x080027c4      0x190 Drivers\STM32F4xx_HAL_Driver\Src\stm32f4xx_hal_i2c.o
 .text.I2C_WaitOnFlagUntilTimeout
                0x08002954       0xa2 Drivers\STM32F4xx_HAL_Driver\Src\stm32f4xx_hal_i2c.o
 .text.I2C_WaitOnMasterAddressFlagUntilTimeout
                0x080029f6       0xdc Drivers\STM32F4xx_HAL_Driver\Src\stm32f4xx_hal_i2c.o
 .text.I2C_WaitOnTXEFlagUntilTimeout
                0x08002ad2       0x7a Drivers\STM32F4xx_HAL_Driver\Src\stm32f4xx_hal_i2c.o
 .text.I2C_WaitOnBTFFlagUntilTimeout
                0x08002b4c       0x7a Drivers\STM32F4xx_HAL_Driver\Src\stm32f4xx_hal_i2c.o
 .text.I2C_WaitOnRXNEFlagUntilTimeout
                0x08002bc6       0x94 Drivers\STM32F4xx_HAL_Driver\Src\stm32f4xx_hal_i2c.o
 .text.I2C_IsAcknowledgeFailed
                0x08002c5a       0x50 Drivers\STM32F4xx_HAL_Driver\Src\stm32f4xx_hal_i2c.o
 *fill*         0x08002caa        0x2 
 .text.HAL_RCC_OscConfig
                0x08002cac      0x484 Drivers\STM32F4xx_HAL_Driver\Src\stm32f4xx_hal_rcc.o
                0x08002cac                HAL_RCC_OscConfig
 .text.HAL_RCC_ClockConfig
                0x08003130      0x1c4 Drivers\STM32F4xx_HAL_Driver\Src\stm32f4xx_hal_rcc.o
                0x08003130                HAL_RCC_ClockConfig
 .text.HAL_RCC_GetSysClockFreq
                0x080032f4      0x1b0 Drivers\STM32F4xx_HAL_Driver\Src\stm32f4xx_hal_rcc.o
                0x080032f4                HAL_RCC_GetSysClockFreq
 .text.HAL_RCC_GetHCLKFreq
                0x080034a4       0x18 Drivers\STM32F4xx_HAL_Driver\Src\stm32f4xx_hal_rcc.o
                0x080034a4                HAL_RCC_GetHCLKFreq
 .text.HAL_RCC_GetPCLK1Freq
                0x080034bc       0x28 Drivers\STM32F4xx_HAL_Driver\Src\stm32f4xx_hal_rcc.o
                0x080034bc                HAL_RCC_GetPCLK1Freq
 .text.HAL_RCC_GetPCLK2Freq
                0x080034e4       0x28 Drivers\STM32F4xx_HAL_Driver\Src\stm32f4xx_hal_rcc.o
                0x080034e4                HAL_RCC_GetPCLK2Freq
 .text.HAL_UART_Init
                0x0800350c       0x9a Drivers\STM32F4xx_HAL_Driver\Src\stm32f4xx_hal_uart.o
                0x0800350c                HAL_UART_Init
 .text.HAL_UART_Transmit
                0x080035a6      0x130 Drivers\STM32F4xx_HAL_Driver\Src\stm32f4xx_hal_uart.o
                0x080035a6                HAL_UART_Transmit
 .text.UART_WaitOnFlagUntilTimeout
                0x080036d6       0x94 Drivers\STM32F4xx_HAL_Driver\Src\stm32f4xx_hal_uart.o
 *fill*         0x0800376a        0x2 
 .text.UART_SetConfig
                0x0800376c      0x438 Drivers\STM32F4xx_HAL_Driver\Src\stm32f4xx_hal_uart.o
 .text.lidar_init
                0x08003ba4       0x44 Src\TFMini.o
                0x08003ba4                lidar_init
 .text.MX_ADC1_Init
                0x08003be8       0xbc Src\adc.o
                0x08003be8                MX_ADC1_Init
 .text.HAL_ADC_MspInit
                0x08003ca4       0xcc Src\adc.o
                0x08003ca4                HAL_ADC_MspInit
 .text.MX_DMA_Init
                0x08003d70       0x50 Src\dma.o
                0x08003d70                MX_DMA_Init
 .text.MX_GPIO_Init
                0x08003dc0       0xe4 Src\gpio.o
                0x08003dc0                MX_GPIO_Init
 .text.MX_I2C1_Init
                0x08003ea4       0x64 Src\i2c.o
                0x08003ea4                MX_I2C1_Init
 .text.MX_I2C3_Init
                0x08003f08       0x64 Src\i2c.o
                0x08003f08                MX_I2C3_Init
 .text.HAL_I2C_MspInit
                0x08003f6c       0xdc Src\i2c.o
                0x08003f6c                HAL_I2C_MspInit
 .text._write   0x08004048       0x28 Src\main.o
                0x08004048                _write
 .text.HAL_GPIO_EXTI_Callback
                0x08004070       0x40 Src\main.o
                0x08004070                HAL_GPIO_EXTI_Callback
 .text.AutonomousLowPowerRangingTest
                0x080040b0      0x184 Src\main.o
                0x080040b0                AutonomousLowPowerRangingTest
 *fill*         0x08004234        0x4 
 .text.AutonomousLowPowerRangingTest2
                0x08004238      0x188 Src\main.o
                0x08004238                AutonomousLowPowerRangingTest2
 .text.main     0x080043c0      0x104 Src\main.o
                0x080043c0                main
 .text.SystemClock_Config
                0x080044c4       0xf4 Src\main.o
                0x080044c4                SystemClock_Config
 .text._Error_Handler
                0x080045b8        0xc Src\main.o
                0x080045b8                _Error_Handler
 .text.PSD_init
                0x080045c4       0x40 Src\psd.o
                0x080045c4                PSD_init
 .text.HAL_MspInit
                0x08004604       0xa4 Src\stm32f4xx_hal_msp.o
                0x08004604                HAL_MspInit
 .text.NMI_Handler
                0x080046a8        0xe Src\stm32f4xx_it.o
                0x080046a8                NMI_Handler
 .text.HardFault_Handler
                0x080046b6        0x6 Src\stm32f4xx_it.o
                0x080046b6                HardFault_Handler
 .text.MemManage_Handler
                0x080046bc        0x6 Src\stm32f4xx_it.o
                0x080046bc                MemManage_Handler
 .text.BusFault_Handler
                0x080046c2        0x6 Src\stm32f4xx_it.o
                0x080046c2                BusFault_Handler
 .text.UsageFault_Handler
                0x080046c8        0x6 Src\stm32f4xx_it.o
                0x080046c8                UsageFault_Handler
 .text.SVC_Handler
                0x080046ce        0xe Src\stm32f4xx_it.o
                0x080046ce                SVC_Handler
 .text.DebugMon_Handler
                0x080046dc        0xe Src\stm32f4xx_it.o
                0x080046dc                DebugMon_Handler
 .text.PendSV_Handler
                0x080046ea        0xe Src\stm32f4xx_it.o
                0x080046ea                PendSV_Handler
 .text.SysTick_Handler
                0x080046f8       0x10 Src\stm32f4xx_it.o
                0x080046f8                SysTick_Handler
 .text.EXTI4_IRQHandler
                0x08004708        0xe Src\stm32f4xx_it.o
                0x08004708                EXTI4_IRQHandler
 .text.EXTI9_5_IRQHandler
                0x08004716        0xe Src\stm32f4xx_it.o
                0x08004716                EXTI9_5_IRQHandler
 .text.DMA2_Stream0_IRQHandler
                0x08004724       0x14 Src\stm32f4xx_it.o
                0x08004724                DMA2_Stream0_IRQHandler
 .text.DMA2_Stream1_IRQHandler
                0x08004738       0x14 Src\stm32f4xx_it.o
                0x08004738                DMA2_Stream1_IRQHandler
 .text.SystemInit
                0x0800474c       0x6c Src\system_stm32f4xx.o
                0x0800474c                SystemInit
 .text.stopwatch_init
                0x080047b8       0xbc Src\timer.o
                0x080047b8                stopwatch_init
 .text.set_stopwatch_blocking_time
                0x08004874       0x30 Src\timer.o
                0x08004874                set_stopwatch_blocking_time
 .text.MX_USART2_UART_Init
                0x080048a4       0x5c Src\usart.o
                0x080048a4                MX_USART2_UART_Init
 .text.MX_USART6_UART_Init
                0x08004900       0x5c Src\usart.o
                0x08004900                MX_USART6_UART_Init
 .text.HAL_UART_MspInit
                0x0800495c      0x120 Src\usart.o
                0x0800495c                HAL_UART_MspInit
 .text.VL53L0X_GetOffsetCalibrationDataMicroMeter
                0x08004a7c       0x26 Src\vl53l0x\vl53l0x_api.o
                0x08004a7c                VL53L0X_GetOffsetCalibrationDataMicroMeter
 *fill*         0x08004aa2        0x2 
 .text.VL53L0X_DataInit
                0x08004aa4      0x2c8 Src\vl53l0x\vl53l0x_api.o
                0x08004aa4                VL53L0X_DataInit
 .text.VL53L0X_StaticInit
                0x08004d6c      0x304 Src\vl53l0x\vl53l0x_api.o
                0x08004d6c                VL53L0X_StaticInit
 .text.VL53L0X_WaitDeviceBooted
                0x08005070       0x1c Src\vl53l0x\vl53l0x_api.o
                0x08005070                VL53L0X_WaitDeviceBooted
 .text.VL53L0X_GetDeviceParameters
                0x0800508c      0x120 Src\vl53l0x\vl53l0x_api.o
                0x0800508c                VL53L0X_GetDeviceParameters
 .text.VL53L0X_SetDeviceMode
                0x080051ac       0x90 Src\vl53l0x\vl53l0x_api.o
                0x080051ac                VL53L0X_SetDeviceMode
 .text.VL53L0X_GetDeviceMode
                0x0800523c       0x26 Src\vl53l0x\vl53l0x_api.o
                0x0800523c                VL53L0X_GetDeviceMode
 .text.VL53L0X_GetFractionEnable
                0x08005262       0x3e Src\vl53l0x\vl53l0x_api.o
                0x08005262                VL53L0X_GetFractionEnable
 .text.VL53L0X_SetMeasurementTimingBudgetMicroSeconds
                0x080052a0       0x26 Src\vl53l0x\vl53l0x_api.o
                0x080052a0                VL53L0X_SetMeasurementTimingBudgetMicroSeconds
 .text.VL53L0X_GetMeasurementTimingBudgetMicroSeconds
                0x080052c6       0x26 Src\vl53l0x\vl53l0x_api.o
                0x080052c6                VL53L0X_GetMeasurementTimingBudgetMicroSeconds
 .text.VL53L0X_SetVcselPulsePeriod
                0x080052ec       0x30 Src\vl53l0x\vl53l0x_api.o
                0x080052ec                VL53L0X_SetVcselPulsePeriod
 .text.VL53L0X_GetVcselPulsePeriod
                0x0800531c       0x2e Src\vl53l0x\vl53l0x_api.o
                0x0800531c                VL53L0X_GetVcselPulsePeriod
 *fill*         0x0800534a        0x2 
 .text.VL53L0X_SetSequenceStepEnable
                0x0800534c      0x140 Src\vl53l0x\vl53l0x_api.o
                0x0800534c                VL53L0X_SetSequenceStepEnable
 .text.sequence_step_enabled
                0x0800548c       0xa4 Src\vl53l0x\vl53l0x_api.o
                0x0800548c                sequence_step_enabled
 .text.VL53L0X_GetSequenceStepEnables
                0x08005530       0xb0 Src\vl53l0x\vl53l0x_api.o
                0x08005530                VL53L0X_GetSequenceStepEnables
 .text.VL53L0X_GetInterMeasurementPeriodMilliSeconds
                0x080055e0       0x68 Src\vl53l0x\vl53l0x_api.o
                0x080055e0                VL53L0X_GetInterMeasurementPeriodMilliSeconds
 .text.VL53L0X_GetXTalkCompensationEnable
                0x08005648       0x2a Src\vl53l0x\vl53l0x_api.o
                0x08005648                VL53L0X_GetXTalkCompensationEnable
 .text.VL53L0X_GetXTalkCompensationRateMegaCps
                0x08005672       0x66 Src\vl53l0x\vl53l0x_api.o
                0x08005672                VL53L0X_GetXTalkCompensationRateMegaCps
 .text.VL53L0X_SetLimitCheckEnable
                0x080056d8      0x118 Src\vl53l0x\vl53l0x_api.o
                0x080056d8                VL53L0X_SetLimitCheckEnable
 .text.VL53L0X_GetLimitCheckEnable
                0x080057f0       0x46 Src\vl53l0x\vl53l0x_api.o
                0x080057f0                VL53L0X_GetLimitCheckEnable
 *fill*         0x08005836        0x2 
 .text.VL53L0X_SetLimitCheckValue
                0x08005838       0xc4 Src\vl53l0x\vl53l0x_api.o
                0x08005838                VL53L0X_SetLimitCheckValue
 .text.VL53L0X_GetLimitCheckValue
                0x080058fc      0x11c Src\vl53l0x\vl53l0x_api.o
                0x080058fc                VL53L0X_GetLimitCheckValue
 .text.VL53L0X_GetWrapAroundCheckEnable
                0x08005a18       0x64 Src\vl53l0x\vl53l0x_api.o
                0x08005a18                VL53L0X_GetWrapAroundCheckEnable
 .text.VL53L0X_PerformSingleMeasurement
                0x08005a7c       0x68 Src\vl53l0x\vl53l0x_api.o
                0x08005a7c                VL53L0X_PerformSingleMeasurement
 .text.VL53L0X_CheckAndLoadInterruptSettings
                0x08005ae4       0xcc Src\vl53l0x\vl53l0x_api.o
                0x08005ae4                VL53L0X_CheckAndLoadInterruptSettings
 .text.VL53L0X_StartMeasurement
                0x08005bb0      0x17e Src\vl53l0x\vl53l0x_api.o
                0x08005bb0                VL53L0X_StartMeasurement
 .text.VL53L0X_GetMeasurementDataReady
                0x08005d2e       0x80 Src\vl53l0x\vl53l0x_api.o
                0x08005d2e                VL53L0X_GetMeasurementDataReady
 *fill*         0x08005dae        0x2 
 .text.VL53L0X_GetRangingMeasurementData
                0x08005db0      0x24c Src\vl53l0x\vl53l0x_api.o
                0x08005db0                VL53L0X_GetRangingMeasurementData
 .text.VL53L0X_PerformSingleRangingMeasurement
                0x08005ffc       0x60 Src\vl53l0x\vl53l0x_api.o
                0x08005ffc                VL53L0X_PerformSingleRangingMeasurement
 .text.VL53L0X_SetGpioConfig
                0x0800605c      0x244 Src\vl53l0x\vl53l0x_api.o
                0x0800605c                VL53L0X_SetGpioConfig
 .text.VL53L0X_GetInterruptThresholds
                0x080062a0       0x6c Src\vl53l0x\vl53l0x_api.o
                0x080062a0                VL53L0X_GetInterruptThresholds
 .text.VL53L0X_ClearInterruptMask
                0x0800630c       0x80 Src\vl53l0x\vl53l0x_api.o
                0x0800630c                VL53L0X_ClearInterruptMask
 .text.VL53L0X_GetInterruptMaskStatus
                0x0800638c       0x44 Src\vl53l0x\vl53l0x_api.o
                0x0800638c                VL53L0X_GetInterruptMaskStatus
 .text.VL53L0X_get_offset_calibration_data_micro_meter
                0x080063d0       0x7e Src\vl53l0x\vl53l0x_api_calibration.o
                0x080063d0                VL53L0X_get_offset_calibration_data_micro_meter
 .text.get_next_good_spad
                0x0800644e       0xbc Src\vl53l0x\vl53l0x_api_calibration.o
                0x0800644e                get_next_good_spad
 *fill*         0x0800650a        0x2 
 .text.is_aperture
                0x0800650c       0x34 Src\vl53l0x\vl53l0x_api_calibration.o
                0x0800650c                is_aperture
 .text.enable_spad_bit
                0x08006540       0x70 Src\vl53l0x\vl53l0x_api_calibration.o
                0x08006540                enable_spad_bit
 .text.set_ref_spad_map
                0x080065b0       0x26 Src\vl53l0x\vl53l0x_api_calibration.o
                0x080065b0                set_ref_spad_map
 .text.get_ref_spad_map
                0x080065d6       0x26 Src\vl53l0x\vl53l0x_api_calibration.o
                0x080065d6                get_ref_spad_map
 .text.enable_ref_spads
                0x080065fc       0xf8 Src\vl53l0x\vl53l0x_api_calibration.o
                0x080065fc                enable_ref_spads
 .text.perform_ref_signal_measurement
                0x080066f4       0xd4 Src\vl53l0x\vl53l0x_api_calibration.o
                0x080066f4                perform_ref_signal_measurement
 .text.VL53L0X_perform_ref_spad_management
                0x080067c8      0x418 Src\vl53l0x\vl53l0x_api_calibration.o
                0x080067c8                VL53L0X_perform_ref_spad_management
 .text.VL53L0X_set_reference_spads
                0x08006be0      0x14a Src\vl53l0x\vl53l0x_api_calibration.o
                0x08006be0                VL53L0X_set_reference_spads
 .text.VL53L0X_perform_single_ref_calibration
                0x08006d2a       0x76 Src\vl53l0x\vl53l0x_api_calibration.o
                0x08006d2a                VL53L0X_perform_single_ref_calibration
 .text.VL53L0X_ref_calibration_io
                0x08006da0      0x132 Src\vl53l0x\vl53l0x_api_calibration.o
                0x08006da0                VL53L0X_ref_calibration_io
 .text.VL53L0X_perform_vhv_calibration
                0x08006ed2       0xce Src\vl53l0x\vl53l0x_api_calibration.o
                0x08006ed2                VL53L0X_perform_vhv_calibration
 .text.VL53L0X_perform_phase_calibration
                0x08006fa0       0xca Src\vl53l0x\vl53l0x_api_calibration.o
                0x08006fa0                VL53L0X_perform_phase_calibration
 .text.VL53L0X_perform_ref_calibration
                0x0800706a       0x7a Src\vl53l0x\vl53l0x_api_calibration.o
                0x0800706a                VL53L0X_perform_ref_calibration
 .text.VL53L0X_measurement_poll_for_completion
                0x080070e4       0x60 Src\vl53l0x\vl53l0x_api_core.o
                0x080070e4                VL53L0X_measurement_poll_for_completion
 .text.VL53L0X_decode_vcsel_period
                0x08007144       0x26 Src\vl53l0x\vl53l0x_api_core.o
                0x08007144                VL53L0X_decode_vcsel_period
 .text.VL53L0X_encode_vcsel_period
                0x0800716a       0x26 Src\vl53l0x\vl53l0x_api_core.o
                0x0800716a                VL53L0X_encode_vcsel_period
 .text.VL53L0X_isqrt
                0x08007190       0x68 Src\vl53l0x\vl53l0x_api_core.o
                0x08007190                VL53L0X_isqrt
 .text.VL53L0X_device_read_strobe
                0x080071f8       0x86 Src\vl53l0x\vl53l0x_api_core.o
                0x080071f8                VL53L0X_device_read_strobe
 .text.VL53L0X_get_info_from_device
                0x0800727e      0x99a Src\vl53l0x\vl53l0x_api_core.o
                0x0800727e                VL53L0X_get_info_from_device
 .text.VL53L0X_calc_macro_period_ps
                0x08007c18       0x3a Src\vl53l0x\vl53l0x_api_core.o
                0x08007c18                VL53L0X_calc_macro_period_ps
 .text.VL53L0X_encode_timeout
                0x08007c52       0x58 Src\vl53l0x\vl53l0x_api_core.o
                0x08007c52                VL53L0X_encode_timeout
 .text.VL53L0X_decode_timeout
                0x08007caa       0x2c Src\vl53l0x\vl53l0x_api_core.o
                0x08007caa                VL53L0X_decode_timeout
 *fill*         0x08007cd6        0x2 
 .text.VL53L0X_calc_timeout_mclks
                0x08007cd8       0x54 Src\vl53l0x\vl53l0x_api_core.o
                0x08007cd8                VL53L0X_calc_timeout_mclks
 .text.VL53L0X_calc_timeout_us
                0x08007d2c       0x54 Src\vl53l0x\vl53l0x_api_core.o
                0x08007d2c                VL53L0X_calc_timeout_us
 .text.get_sequence_step_timeout
                0x08007d80      0x1c2 Src\vl53l0x\vl53l0x_api_core.o
                0x08007d80                get_sequence_step_timeout
 .text.set_sequence_step_timeout
                0x08007f42      0x1e4 Src\vl53l0x\vl53l0x_api_core.o
                0x08007f42                set_sequence_step_timeout
 .text.VL53L0X_set_vcsel_pulse_period
                0x08008126      0x50e Src\vl53l0x\vl53l0x_api_core.o
                0x08008126                VL53L0X_set_vcsel_pulse_period
 .text.VL53L0X_get_vcsel_pulse_period
                0x08008634       0x6e Src\vl53l0x\vl53l0x_api_core.o
                0x08008634                VL53L0X_get_vcsel_pulse_period
 .text.VL53L0X_set_measurement_timing_budget_micro_seconds
                0x080086a2      0x1c0 Src\vl53l0x\vl53l0x_api_core.o
                0x080086a2                VL53L0X_set_measurement_timing_budget_micro_seconds
 .text.VL53L0X_get_measurement_timing_budget_micro_seconds
                0x08008862      0x162 Src\vl53l0x\vl53l0x_api_core.o
                0x08008862                VL53L0X_get_measurement_timing_budget_micro_seconds
 .text.VL53L0X_load_tuning_settings
                0x080089c4      0x1c4 Src\vl53l0x\vl53l0x_api_core.o
                0x080089c4                VL53L0X_load_tuning_settings
 .text.VL53L0X_get_total_xtalk_rate
                0x08008b88       0x5e Src\vl53l0x\vl53l0x_api_core.o
                0x08008b88                VL53L0X_get_total_xtalk_rate
 .text.VL53L0X_get_total_signal_rate
                0x08008be6       0x4a Src\vl53l0x\vl53l0x_api_core.o
                0x08008be6                VL53L0X_get_total_signal_rate
 .text.VL53L0X_calc_dmax
                0x08008c30      0x240 Src\vl53l0x\vl53l0x_api_core.o
                0x08008c30                VL53L0X_calc_dmax
 .text.VL53L0X_calc_sigma_estimate
                0x08008e70      0x4a4 Src\vl53l0x\vl53l0x_api_core.o
                0x08008e70                VL53L0X_calc_sigma_estimate
 .text.VL53L0X_get_pal_range_status
                0x08009314      0x3b6 Src\vl53l0x\vl53l0x_api_core.o
                0x08009314                VL53L0X_get_pal_range_status
 *fill*         0x080096ca        0x2 
 .text.VL53L0X_write_byte
                0x080096cc       0x48 Src\vl53l0x\vl53l0x_i2c_platform.o
                0x080096cc                VL53L0X_write_byte
 .text.VL53L0X_read_byte
                0x08009714       0x52 Src\vl53l0x\vl53l0x_i2c_platform.o
                0x08009714                VL53L0X_read_byte
 *fill*         0x08009766        0x2 
 .text.VL53L0X_read_dword
                0x08009768       0x80 Src\vl53l0x\vl53l0x_i2c_platform.o
                0x08009768                VL53L0X_read_dword
 .text.VL53L0X_write_word
                0x080097e8       0x54 Src\vl53l0x\vl53l0x_i2c_platform.o
                0x080097e8                VL53L0X_write_word
 .text.VL53L0X_read_word
                0x0800983c       0x78 Src\vl53l0x\vl53l0x_i2c_platform.o
                0x0800983c                VL53L0X_read_word
 .text.VL53L0X_read_multi
                0x080098b4       0x60 Src\vl53l0x\vl53l0x_i2c_platform.o
                0x080098b4                VL53L0X_read_multi
 .text.VL53L0X_write_multi
                0x08009914       0x50 Src\vl53l0x\vl53l0x_i2c_platform.o
                0x08009914                VL53L0X_write_multi
 .text.VL53L0X_WriteMulti
                0x08009964       0x56 Src\vl53l0x\vl53l0x_platform.o
                0x08009964                VL53L0X_WriteMulti
 .text.VL53L0X_ReadMulti
                0x080099ba       0x52 Src\vl53l0x\vl53l0x_platform.o
                0x080099ba                VL53L0X_ReadMulti
 .text.VL53L0X_WrByte
                0x08009a0c       0x44 Src\vl53l0x\vl53l0x_platform.o
                0x08009a0c                VL53L0X_WrByte
 .text.VL53L0X_WrWord
                0x08009a50       0x44 Src\vl53l0x\vl53l0x_platform.o
                0x08009a50                VL53L0X_WrWord
 .text.VL53L0X_UpdateByte
                0x08009a94       0x84 Src\vl53l0x\vl53l0x_platform.o
                0x08009a94                VL53L0X_UpdateByte
 .text.VL53L0X_RdByte
                0x08009b18       0x42 Src\vl53l0x\vl53l0x_platform.o
                0x08009b18                VL53L0X_RdByte
 .text.VL53L0X_RdWord
                0x08009b5a       0x42 Src\vl53l0x\vl53l0x_platform.o
                0x08009b5a                VL53L0X_RdWord
 .text.VL53L0X_RdDWord
                0x08009b9c       0x42 Src\vl53l0x\vl53l0x_platform.o
                0x08009b9c                VL53L0X_RdDWord
 *fill*         0x08009bde        0x2 
 .text.VL53L0X_PollingDelay
                0x08009be0       0x34 Src\vl53l0x\vl53l0x_platform.o
                0x08009be0                VL53L0X_PollingDelay
 .text.VL53L1_DataInit
                0x08009c14       0xaa Src\vl53l1x\vl53l1_api.o
                0x08009c14                VL53L1_DataInit
 .text.VL53L1_StaticInit
                0x08009cbe       0x4e Src\vl53l1x\vl53l1_api.o
                0x08009cbe                VL53L1_StaticInit
 .text.VL53L1_WaitDeviceBooted
                0x08009d0c       0x26 Src\vl53l1x\vl53l1_api.o
                0x08009d0c                VL53L1_WaitDeviceBooted
 *fill*         0x08009d32        0x2 
 .text.ComputeDevicePresetMode
                0x08009d34       0xd4 Src\vl53l1x\vl53l1_api.o
 .text.SetPresetMode
                0x08009e08       0xce Src\vl53l1x\vl53l1_api.o
 .text.VL53L1_SetPresetMode
                0x08009ed6       0x90 Src\vl53l1x\vl53l1_api.o
                0x08009ed6                VL53L1_SetPresetMode
 .text.VL53L1_SetDistanceMode
                0x08009f66      0x10c Src\vl53l1x\vl53l1_api.o
                0x08009f66                VL53L1_SetDistanceMode
 *fill*         0x0800a072        0x2 
 .text.VL53L1_SetMeasurementTimingBudgetMicroSeconds
                0x0800a074      0x1a8 Src\vl53l1x\vl53l1_api.o
                0x0800a074                VL53L1_SetMeasurementTimingBudgetMicroSeconds
 .text.VL53L1_GetMeasurementTimingBudgetMicroSeconds
                0x0800a21c      0x152 Src\vl53l1x\vl53l1_api.o
                0x0800a21c                VL53L1_GetMeasurementTimingBudgetMicroSeconds
 *fill*         0x0800a36e        0x2 
 .text.VL53L1_SetInterMeasurementPeriodMilliSeconds
                0x0800a370       0x40 Src\vl53l1x\vl53l1_api.o
                0x0800a370                VL53L1_SetInterMeasurementPeriodMilliSeconds
 .text.VL53L1_GetInterMeasurementPeriodMilliSeconds
                0x0800a3b0       0x48 Src\vl53l1x\vl53l1_api.o
                0x0800a3b0                VL53L1_GetInterMeasurementPeriodMilliSeconds
 .text.SetLimitValue
                0x0800a3f8       0x52 Src\vl53l1x\vl53l1_api.o
 .text.VL53L1_SetLimitCheckEnable
                0x0800a44a       0x7c Src\vl53l1x\vl53l1_api.o
                0x0800a44a                VL53L1_SetLimitCheckEnable
 .text.VL53L1_GetLimitCheckEnable
                0x0800a4c6       0x46 Src\vl53l1x\vl53l1_api.o
                0x0800a4c6                VL53L1_GetLimitCheckEnable
 .text.VL53L1_SetLimitCheckValue
                0x0800a50c       0x72 Src\vl53l1x\vl53l1_api.o
                0x0800a50c                VL53L1_SetLimitCheckValue
 .text.VL53L1_GetLimitCheckValue
                0x0800a57e       0xae Src\vl53l1x\vl53l1_api.o
                0x0800a57e                VL53L1_GetLimitCheckValue
 .text.VL53L1_GetSequenceStepEnable
                0x0800a62c       0x2e Src\vl53l1x\vl53l1_api.o
                0x0800a62c                VL53L1_GetSequenceStepEnable
 *fill*         0x0800a65a        0x2 
 .text.VL53L1_StartMeasurement
                0x0800a65c       0xc8 Src\vl53l1x\vl53l1_api.o
                0x0800a65c                VL53L1_StartMeasurement
 .text.ChangePresetMode
                0x0800a724      0x124 Src\vl53l1x\vl53l1_api.o
 .text.VL53L1_ClearInterruptAndStartMeasurement
                0x0800a848       0x50 Src\vl53l1x\vl53l1_api.o
                0x0800a848                VL53L1_ClearInterruptAndStartMeasurement
 .text.ComputeRQL
                0x0800a898       0xf4 Src\vl53l1x\vl53l1_api.o
 .text.ConvertStatusLite
                0x0800a98c       0xa0 Src\vl53l1x\vl53l1_api.o
 .text.SetSimpleData
                0x0800aa2c      0x1f8 Src\vl53l1x\vl53l1_api.o
 .text.VL53L1_GetRangingMeasurementData
                0x0800ac24       0x78 Src\vl53l1x\vl53l1_api.o
                0x0800ac24                VL53L1_GetRangingMeasurementData
 .text.VL53L1_data_init
                0x0800ac9c      0x13a Src\vl53l1x\vl53l1_api_core.o
                0x0800ac9c                VL53L1_data_init
 .text.VL53L1_read_p2p_data
                0x0800add6      0x100 Src\vl53l1x\vl53l1_api_core.o
                0x0800add6                VL53L1_read_p2p_data
 .text.VL53L1_set_inter_measurement_period_ms
                0x0800aed6       0x52 Src\vl53l1x\vl53l1_api_core.o
                0x0800aed6                VL53L1_set_inter_measurement_period_ms
 .text.VL53L1_get_inter_measurement_period_ms
                0x0800af28       0x4c Src\vl53l1x\vl53l1_api_core.o
                0x0800af28                VL53L1_get_inter_measurement_period_ms
 .text.VL53L1_set_timeouts_us
                0x0800af74       0x70 Src\vl53l1x\vl53l1_api_core.o
                0x0800af74                VL53L1_set_timeouts_us
 .text.VL53L1_get_timeouts_us
                0x0800afe4       0xd6 Src\vl53l1x\vl53l1_api_core.o
                0x0800afe4                VL53L1_get_timeouts_us
 .text.VL53L1_get_sequence_config_bit
                0x0800b0ba       0x6e Src\vl53l1x\vl53l1_api_core.o
                0x0800b0ba                VL53L1_get_sequence_config_bit
 .text.VL53L1_set_user_zone
                0x0800b128       0x46 Src\vl53l1x\vl53l1_api_core.o
                0x0800b128                VL53L1_set_user_zone
 .text.VL53L1_get_user_zone
                0x0800b16e       0x44 Src\vl53l1x\vl53l1_api_core.o
                0x0800b16e                VL53L1_get_user_zone
 .text.VL53L1_get_mode_mitigation_roi
                0x0800b1b2       0x68 Src\vl53l1x\vl53l1_api_core.o
                0x0800b1b2                VL53L1_get_mode_mitigation_roi
 *fill*         0x0800b21a        0x2 
 .text.VL53L1_get_preset_mode_timing_cfg
                0x0800b21c      0x154 Src\vl53l1x\vl53l1_api_core.o
                0x0800b21c                VL53L1_get_preset_mode_timing_cfg
 .text.VL53L1_set_preset_mode
                0x0800b370      0x2ec Src\vl53l1x\vl53l1_api_core.o
                0x0800b370                VL53L1_set_preset_mode
 .text.VL53L1_get_lite_sigma_threshold
                0x0800b65c       0x2c Src\vl53l1x\vl53l1_api_core.o
                0x0800b65c                VL53L1_get_lite_sigma_threshold
 .text.VL53L1_set_lite_sigma_threshold
                0x0800b688       0x2c Src\vl53l1x\vl53l1_api_core.o
                0x0800b688                VL53L1_set_lite_sigma_threshold
 .text.VL53L1_get_lite_min_count_rate
                0x0800b6b4       0x2c Src\vl53l1x\vl53l1_api_core.o
                0x0800b6b4                VL53L1_get_lite_min_count_rate
 .text.VL53L1_set_lite_min_count_rate
                0x0800b6e0       0x2c Src\vl53l1x\vl53l1_api_core.o
                0x0800b6e0                VL53L1_set_lite_min_count_rate
 .text.VL53L1_set_vhv_loopbound
                0x0800b70c       0x40 Src\vl53l1x\vl53l1_api_core.o
                0x0800b70c                VL53L1_set_vhv_loopbound
 .text.VL53L1_init_and_start_range
                0x0800b74c      0x454 Src\vl53l1x\vl53l1_api_core.o
                0x0800b74c                VL53L1_init_and_start_range
 .text.VL53L1_stop_range
                0x0800bba0       0x74 Src\vl53l1x\vl53l1_api_core.o
                0x0800bba0                VL53L1_stop_range
 .text.VL53L1_get_measurement_results
                0x0800bc14      0x14e Src\vl53l1x\vl53l1_api_core.o
                0x0800bc14                VL53L1_get_measurement_results
 .text.VL53L1_get_device_results
                0x0800bd62       0xfc Src\vl53l1x\vl53l1_api_core.o
                0x0800bd62                VL53L1_get_device_results
 .text.VL53L1_clear_interrupt_and_enable_next_range
                0x0800be5e       0x34 Src\vl53l1x\vl53l1_api_core.o
                0x0800be5e                VL53L1_clear_interrupt_and_enable_next_range
 *fill*         0x0800be92        0x2 
 .text.VL53L1_copy_sys_and_core_results_to_range_results
                0x0800be94      0x25c Src\vl53l1x\vl53l1_api_core.o
                0x0800be94                VL53L1_copy_sys_and_core_results_to_range_results
 .text.VL53L1_get_tuning_parm
                0x0800c0f0      0x448 Src\vl53l1x\vl53l1_api_core.o
                0x0800c0f0                VL53L1_get_tuning_parm
 .text.VL53L1_init_refspadchar_config_struct
                0x0800c538       0x48 Src\vl53l1x\vl53l1_api_preset_modes.o
                0x0800c538                VL53L1_init_refspadchar_config_struct
 .text.VL53L1_init_ssc_config_struct
                0x0800c580       0x42 Src\vl53l1x\vl53l1_api_preset_modes.o
                0x0800c580                VL53L1_init_ssc_config_struct
 .text.VL53L1_init_xtalk_config_struct
                0x0800c5c2       0xc4 Src\vl53l1x\vl53l1_api_preset_modes.o
                0x0800c5c2                VL53L1_init_xtalk_config_struct
 .text.VL53L1_init_offset_cal_config_struct
                0x0800c686       0x4e Src\vl53l1x\vl53l1_api_preset_modes.o
                0x0800c686                VL53L1_init_offset_cal_config_struct
 .text.VL53L1_init_tuning_parm_storage_struct
                0x0800c6d4      0x11c Src\vl53l1x\vl53l1_api_preset_modes.o
                0x0800c6d4                VL53L1_init_tuning_parm_storage_struct
 .text.VL53L1_preset_mode_standard_ranging
                0x0800c7f0      0x23c Src\vl53l1x\vl53l1_api_preset_modes.o
                0x0800c7f0                VL53L1_preset_mode_standard_ranging
 .text.VL53L1_preset_mode_standard_ranging_short_range
                0x0800ca2c       0x82 Src\vl53l1x\vl53l1_api_preset_modes.o
                0x0800ca2c                VL53L1_preset_mode_standard_ranging_short_range
 .text.VL53L1_preset_mode_standard_ranging_long_range
                0x0800caae       0x82 Src\vl53l1x\vl53l1_api_preset_modes.o
                0x0800caae                VL53L1_preset_mode_standard_ranging_long_range
 .text.VL53L1_preset_mode_standard_ranging_mm1_cal
                0x0800cb30       0x4a Src\vl53l1x\vl53l1_api_preset_modes.o
                0x0800cb30                VL53L1_preset_mode_standard_ranging_mm1_cal
 .text.VL53L1_preset_mode_standard_ranging_mm2_cal
                0x0800cb7a       0x4a Src\vl53l1x\vl53l1_api_preset_modes.o
                0x0800cb7a                VL53L1_preset_mode_standard_ranging_mm2_cal
 .text.VL53L1_preset_mode_timed_ranging
                0x0800cbc4       0x74 Src\vl53l1x\vl53l1_api_preset_modes.o
                0x0800cbc4                VL53L1_preset_mode_timed_ranging
 .text.VL53L1_preset_mode_timed_ranging_short_range
                0x0800cc38       0x74 Src\vl53l1x\vl53l1_api_preset_modes.o
                0x0800cc38                VL53L1_preset_mode_timed_ranging_short_range
 .text.VL53L1_preset_mode_timed_ranging_long_range
                0x0800ccac       0x74 Src\vl53l1x\vl53l1_api_preset_modes.o
                0x0800ccac                VL53L1_preset_mode_timed_ranging_long_range
 .text.VL53L1_preset_mode_low_power_auto_ranging
                0x0800cd20       0x4c Src\vl53l1x\vl53l1_api_preset_modes.o
                0x0800cd20                VL53L1_preset_mode_low_power_auto_ranging
 .text.VL53L1_preset_mode_low_power_auto_short_ranging
                0x0800cd6c       0x4c Src\vl53l1x\vl53l1_api_preset_modes.o
                0x0800cd6c                VL53L1_preset_mode_low_power_auto_short_ranging
 .text.VL53L1_preset_mode_low_power_auto_long_ranging
                0x0800cdb8       0x4c Src\vl53l1x\vl53l1_api_preset_modes.o
                0x0800cdb8                VL53L1_preset_mode_low_power_auto_long_ranging
 .text.VL53L1_preset_mode_singleshot_ranging
                0x0800ce04       0x6c Src\vl53l1x\vl53l1_api_preset_modes.o
                0x0800ce04                VL53L1_preset_mode_singleshot_ranging
 .text.VL53L1_preset_mode_olt
                0x0800ce70       0x44 Src\vl53l1x\vl53l1_api_preset_modes.o
                0x0800ce70                VL53L1_preset_mode_olt
 .text.VL53L1_init_version
                0x0800ceb4       0x38 Src\vl53l1x\vl53l1_core.o
                0x0800ceb4                VL53L1_init_version
 .text.VL53L1_init_ll_driver_state
                0x0800ceec       0x52 Src\vl53l1x\vl53l1_core.o
                0x0800ceec                VL53L1_init_ll_driver_state
 *fill*         0x0800cf3e        0x2 
 .text.VL53L1_update_ll_driver_rd_state
                0x0800cf40      0x110 Src\vl53l1x\vl53l1_core.o
                0x0800cf40                VL53L1_update_ll_driver_rd_state
 .text.VL53L1_check_ll_driver_rd_state
                0x0800d050       0x96 Src\vl53l1x\vl53l1_core.o
                0x0800d050                VL53L1_check_ll_driver_rd_state
 .text.VL53L1_update_ll_driver_cfg_state
                0x0800d0e6       0xcc Src\vl53l1x\vl53l1_core.o
                0x0800d0e6                VL53L1_update_ll_driver_cfg_state
 .text.VL53L1_copy_rtn_good_spads_to_buffer
                0x0800d1b2      0x174 Src\vl53l1x\vl53l1_core.o
                0x0800d1b2                VL53L1_copy_rtn_good_spads_to_buffer
 .text.VL53L1_i2c_encode_uint16_t
                0x0800d326       0x54 Src\vl53l1x\vl53l1_core.o
                0x0800d326                VL53L1_i2c_encode_uint16_t
 .text.VL53L1_i2c_decode_uint16_t
                0x0800d37a       0x40 Src\vl53l1x\vl53l1_core.o
                0x0800d37a                VL53L1_i2c_decode_uint16_t
 .text.VL53L1_i2c_encode_int16_t
                0x0800d3ba       0x56 Src\vl53l1x\vl53l1_core.o
                0x0800d3ba                VL53L1_i2c_encode_int16_t
 .text.VL53L1_i2c_decode_int16_t
                0x0800d410       0x52 Src\vl53l1x\vl53l1_core.o
                0x0800d410                VL53L1_i2c_decode_int16_t
 .text.VL53L1_i2c_encode_uint32_t
                0x0800d462       0x52 Src\vl53l1x\vl53l1_core.o
                0x0800d462                VL53L1_i2c_encode_uint32_t
 .text.VL53L1_i2c_decode_uint32_t
                0x0800d4b4       0x3a Src\vl53l1x\vl53l1_core.o
                0x0800d4b4                VL53L1_i2c_decode_uint32_t
 .text.VL53L1_i2c_decode_int32_t
                0x0800d4ee       0x4a Src\vl53l1x\vl53l1_core.o
                0x0800d4ee                VL53L1_i2c_decode_int32_t
 .text.VL53L1_calc_macro_period_us
                0x0800d538       0x5e Src\vl53l1x\vl53l1_core.o
                0x0800d538                VL53L1_calc_macro_period_us
 *fill*         0x0800d596        0x2 
 .text.VL53L1_calc_range_ignore_threshold
                0x0800d598       0xc4 Src\vl53l1x\vl53l1_core.o
                0x0800d598                VL53L1_calc_range_ignore_threshold
 .text.VL53L1_calc_timeout_mclks
                0x0800d65c       0x2e Src\vl53l1x\vl53l1_core.o
                0x0800d65c                VL53L1_calc_timeout_mclks
 .text.VL53L1_calc_encoded_timeout
                0x0800d68a       0x30 Src\vl53l1x\vl53l1_core.o
                0x0800d68a                VL53L1_calc_encoded_timeout
 .text.VL53L1_calc_timeout_us
                0x0800d6ba       0x72 Src\vl53l1x\vl53l1_core.o
                0x0800d6ba                VL53L1_calc_timeout_us
 .text.VL53L1_calc_decoded_timeout_us
                0x0800d72c       0x32 Src\vl53l1x\vl53l1_core.o
                0x0800d72c                VL53L1_calc_decoded_timeout_us
 .text.VL53L1_encode_timeout
                0x0800d75e       0x58 Src\vl53l1x\vl53l1_core.o
                0x0800d75e                VL53L1_encode_timeout
 .text.VL53L1_decode_timeout
                0x0800d7b6       0x2c Src\vl53l1x\vl53l1_core.o
                0x0800d7b6                VL53L1_decode_timeout
 .text.VL53L1_calc_timeout_register_values
                0x0800d7e2       0xf2 Src\vl53l1x\vl53l1_core.o
                0x0800d7e2                VL53L1_calc_timeout_register_values
 .text.VL53L1_encode_row_col
                0x0800d8d4       0x4e Src\vl53l1x\vl53l1_core.o
                0x0800d8d4                VL53L1_encode_row_col
 .text.VL53L1_decode_zone_size
                0x0800d922       0x30 Src\vl53l1x\vl53l1_core.o
                0x0800d922                VL53L1_decode_zone_size
 .text.VL53L1_encode_zone_size
                0x0800d952       0x2c Src\vl53l1x\vl53l1_core.o
                0x0800d952                VL53L1_encode_zone_size
 .text.VL53L1_low_power_auto_data_init
                0x0800d97e       0x68 Src\vl53l1x\vl53l1_core.o
                0x0800d97e                VL53L1_low_power_auto_data_init
 .text.VL53L1_low_power_auto_data_stop_range
                0x0800d9e6       0x74 Src\vl53l1x\vl53l1_core.o
                0x0800d9e6                VL53L1_low_power_auto_data_stop_range
 .text.VL53L1_config_low_power_auto_mode
                0x0800da5a       0x40 Src\vl53l1x\vl53l1_core.o
                0x0800da5a                VL53L1_config_low_power_auto_mode
 .text.VL53L1_low_power_auto_setup_manual_calibration
                0x0800da9a       0x8a Src\vl53l1x\vl53l1_core.o
                0x0800da9a                VL53L1_low_power_auto_setup_manual_calibration
 .text.VL53L1_low_power_auto_update_DSS
                0x0800db24       0xee Src\vl53l1x\vl53l1_core.o
                0x0800db24                VL53L1_low_power_auto_update_DSS
 .text.VL53L1_calc_pll_period_us
                0x0800dc12       0x28 Src\vl53l1x\vl53l1_core_support.o
                0x0800dc12                VL53L1_calc_pll_period_us
 .text.VL53L1_decode_vcsel_period
                0x0800dc3a       0x26 Src\vl53l1x\vl53l1_core_support.o
                0x0800dc3a                VL53L1_decode_vcsel_period
 .text.VL53L1_decode_row_col
                0x0800dc60       0x5e Src\vl53l1x\vl53l1_core_support.o
                0x0800dc60                VL53L1_decode_row_col
 .text._I2CWrite
                0x0800dcbe       0x3e Src\vl53l1x\vl53l1_platform.o
                0x0800dcbe                _I2CWrite
 .text._I2CRead
                0x0800dcfc       0x44 Src\vl53l1x\vl53l1_platform.o
                0x0800dcfc                _I2CRead
 .text.VL53L1_WriteMulti
                0x0800dd40       0x6c Src\vl53l1x\vl53l1_platform.o
                0x0800dd40                VL53L1_WriteMulti
 .text.VL53L1_ReadMulti
                0x0800ddac       0x68 Src\vl53l1x\vl53l1_platform.o
                0x0800ddac                VL53L1_ReadMulti
 .text.VL53L1_RdByte
                0x0800de14       0x64 Src\vl53l1x\vl53l1_platform.o
                0x0800de14                VL53L1_RdByte
 .text.VL53L1_RdWord
                0x0800de78       0x80 Src\vl53l1x\vl53l1_platform.o
                0x0800de78                VL53L1_RdWord
 .text.VL53L1_GetTickCount
                0x0800def8       0x22 Src\vl53l1x\vl53l1_platform.o
                0x0800def8                VL53L1_GetTickCount
 .text.VL53L1_WaitMs
                0x0800df1a       0x1c Src\vl53l1x\vl53l1_platform.o
                0x0800df1a                VL53L1_WaitMs
 *fill*         0x0800df36        0x2 
 .text.VL53L1_WaitUs
                0x0800df38       0x2c Src\vl53l1x\vl53l1_platform.o
                0x0800df38                VL53L1_WaitUs
 .text.VL53L1_WaitValueMaskEx
                0x0800df64      0x128 Src\vl53l1x\vl53l1_platform.o
                0x0800df64                VL53L1_WaitValueMaskEx
 .text.VL53L1_i2c_encode_static_nvm_managed
                0x0800e08c       0xb6 Src\vl53l1x\vl53l1_register_funcs.o
                0x0800e08c                VL53L1_i2c_encode_static_nvm_managed
 .text.VL53L1_i2c_decode_static_nvm_managed
                0x0800e142       0xb4 Src\vl53l1x\vl53l1_register_funcs.o
                0x0800e142                VL53L1_i2c_decode_static_nvm_managed
 .text.VL53L1_get_static_nvm_managed
                0x0800e1f6       0x4e Src\vl53l1x\vl53l1_register_funcs.o
                0x0800e1f6                VL53L1_get_static_nvm_managed
 .text.VL53L1_i2c_encode_customer_nvm_managed
                0x0800e244      0x114 Src\vl53l1x\vl53l1_register_funcs.o
                0x0800e244                VL53L1_i2c_encode_customer_nvm_managed
 .text.VL53L1_i2c_decode_customer_nvm_managed
                0x0800e358      0x11a Src\vl53l1x\vl53l1_register_funcs.o
                0x0800e358                VL53L1_i2c_decode_customer_nvm_managed
 .text.VL53L1_get_customer_nvm_managed
                0x0800e472       0x4e Src\vl53l1x\vl53l1_register_funcs.o
                0x0800e472                VL53L1_get_customer_nvm_managed
 .text.VL53L1_i2c_encode_static_config
                0x0800e4c0      0x1c6 Src\vl53l1x\vl53l1_register_funcs.o
                0x0800e4c0                VL53L1_i2c_encode_static_config
 .text.VL53L1_i2c_encode_general_config
                0x0800e686      0x108 Src\vl53l1x\vl53l1_register_funcs.o
                0x0800e686                VL53L1_i2c_encode_general_config
 .text.VL53L1_i2c_encode_timing_config
                0x0800e78e      0x104 Src\vl53l1x\vl53l1_register_funcs.o
                0x0800e78e                VL53L1_i2c_encode_timing_config
 .text.VL53L1_i2c_encode_dynamic_config
                0x0800e892      0x10a Src\vl53l1x\vl53l1_register_funcs.o
                0x0800e892                VL53L1_i2c_encode_dynamic_config
 .text.VL53L1_i2c_encode_system_control
                0x0800e99c       0x76 Src\vl53l1x\vl53l1_register_funcs.o
                0x0800e99c                VL53L1_i2c_encode_system_control
 .text.VL53L1_set_system_control
                0x0800ea12       0x4e Src\vl53l1x\vl53l1_register_funcs.o
                0x0800ea12                VL53L1_set_system_control
 .text.VL53L1_i2c_decode_system_results
                0x0800ea60      0x1ec Src\vl53l1x\vl53l1_register_funcs.o
                0x0800ea60                VL53L1_i2c_decode_system_results
 .text.VL53L1_i2c_decode_core_results
                0x0800ec4c       0xc2 Src\vl53l1x\vl53l1_register_funcs.o
                0x0800ec4c                VL53L1_i2c_decode_core_results
 .text.VL53L1_i2c_decode_debug_results
                0x0800ed0e      0x2e4 Src\vl53l1x\vl53l1_register_funcs.o
                0x0800ed0e                VL53L1_i2c_decode_debug_results
 .text.VL53L1_i2c_decode_nvm_copy_data
                0x0800eff2      0x24c Src\vl53l1x\vl53l1_register_funcs.o
                0x0800eff2                VL53L1_i2c_decode_nvm_copy_data
 .text.VL53L1_get_nvm_copy_data
                0x0800f23e       0x56 Src\vl53l1x\vl53l1_register_funcs.o
                0x0800f23e                VL53L1_get_nvm_copy_data
 .text.VL53L1_poll_for_boot_completion
                0x0800f294       0x58 Src\vl53l1x\vl53l1_wait.o
                0x0800f294                VL53L1_poll_for_boot_completion
 .text.Reset_Handler
                0x0800f2ec       0x50 startup\startup_stm32f401xe.o
                0x0800f2ec                Reset_Handler
 .text.Default_Handler
                0x0800f33c        0x2 startup\startup_stm32f401xe.o
                0x0800f33c                RTC_Alarm_IRQHandler
                0x0800f33c                EXTI2_IRQHandler
                0x0800f33c                SPI4_IRQHandler
                0x0800f33c                TIM1_CC_IRQHandler
                0x0800f33c                DMA2_Stream5_IRQHandler
                0x0800f33c                DMA1_Stream5_IRQHandler
                0x0800f33c                PVD_IRQHandler
                0x0800f33c                SDIO_IRQHandler
                0x0800f33c                TAMP_STAMP_IRQHandler
                0x0800f33c                EXTI3_IRQHandler
                0x0800f33c                TIM1_UP_TIM10_IRQHandler
                0x0800f33c                I2C3_ER_IRQHandler
                0x0800f33c                EXTI0_IRQHandler
                0x0800f33c                I2C2_EV_IRQHandler
                0x0800f33c                DMA1_Stream2_IRQHandler
                0x0800f33c                FPU_IRQHandler
                0x0800f33c                DMA2_Stream2_IRQHandler
                0x0800f33c                SPI1_IRQHandler
                0x0800f33c                TIM1_BRK_TIM9_IRQHandler
                0x0800f33c                DMA2_Stream3_IRQHandler
                0x0800f33c                USART6_IRQHandler
                0x0800f33c                TIM4_IRQHandler
                0x0800f33c                I2C1_EV_IRQHandler
                0x0800f33c                DMA1_Stream6_IRQHandler
                0x0800f33c                DMA1_Stream1_IRQHandler
                0x0800f33c                TIM3_IRQHandler
                0x0800f33c                RCC_IRQHandler
                0x0800f33c                Default_Handler
                0x0800f33c                EXTI15_10_IRQHandler
                0x0800f33c                ADC_IRQHandler
                0x0800f33c                DMA1_Stream7_IRQHandler
                0x0800f33c                TIM5_IRQHandler
                0x0800f33c                DMA2_Stream7_IRQHandler
                0x0800f33c                I2C3_EV_IRQHandler
                0x0800f33c                RTC_WKUP_IRQHandler
                0x0800f33c                SPI2_IRQHandler
                0x0800f33c                DMA1_Stream0_IRQHandler
                0x0800f33c                WWDG_IRQHandler
                0x0800f33c                TIM2_IRQHandler
                0x0800f33c                OTG_FS_WKUP_IRQHandler
                0x0800f33c                TIM1_TRG_COM_TIM11_IRQHandler
                0x0800f33c                EXTI1_IRQHandler
                0x0800f33c                USART2_IRQHandler
                0x0800f33c                I2C2_ER_IRQHandler
                0x0800f33c                FLASH_IRQHandler
                0x0800f33c                DMA2_Stream4_IRQHandler
                0x0800f33c                USART1_IRQHandler
                0x0800f33c                OTG_FS_IRQHandler
                0x0800f33c                SPI3_IRQHandler
                0x0800f33c                DMA1_Stream4_IRQHandler
                0x0800f33c                I2C1_ER_IRQHandler
                0x0800f33c                DMA2_Stream6_IRQHandler
                0x0800f33c                DMA1_Stream3_IRQHandler
 *fill*         0x0800f33e        0x2 
 .text.__sflush_r
                0x0800f340      0x110 c:/program files (x86)/atollic/truestudio for stm32 9.0.1/armtools/bin/../lib/gcc/arm-atollic-eabi/6.3.1/../../../../arm-atollic-eabi/lib/armv7e-m/fpu\libc_nano.a(lib_a-fflush.o)
                0x0800f340                __sflush_r
 .text._fflush_r
                0x0800f450       0x54 c:/program files (x86)/atollic/truestudio for stm32 9.0.1/armtools/bin/../lib/gcc/arm-atollic-eabi/6.3.1/../../../../arm-atollic-eabi/lib/armv7e-m/fpu\libc_nano.a(lib_a-fflush.o)
                0x0800f450                _fflush_r
 .text._cleanup_r
                0x0800f4a4        0xc c:/program files (x86)/atollic/truestudio for stm32 9.0.1/armtools/bin/../lib/gcc/arm-atollic-eabi/6.3.1/../../../../arm-atollic-eabi/lib/armv7e-m/fpu\libc_nano.a(lib_a-findfp.o)
                0x0800f4a4                _cleanup_r
 .text.std.isra.0
                0x0800f4b0       0x48 c:/program files (x86)/atollic/truestudio for stm32 9.0.1/armtools/bin/../lib/gcc/arm-atollic-eabi/6.3.1/../../../../arm-atollic-eabi/lib/armv7e-m/fpu\libc_nano.a(lib_a-findfp.o)
 .text.__sfmoreglue
                0x0800f4f8       0x2c c:/program files (x86)/atollic/truestudio for stm32 9.0.1/armtools/bin/../lib/gcc/arm-atollic-eabi/6.3.1/../../../../arm-atollic-eabi/lib/armv7e-m/fpu\libc_nano.a(lib_a-findfp.o)
                0x0800f4f8                __sfmoreglue
 .text.__sinit  0x0800f524       0x60 c:/program files (x86)/atollic/truestudio for stm32 9.0.1/armtools/bin/../lib/gcc/arm-atollic-eabi/6.3.1/../../../../arm-atollic-eabi/lib/armv7e-m/fpu\libc_nano.a(lib_a-findfp.o)
                0x0800f524                __sinit
 .text.__sfp    0x0800f584       0x78 c:/program files (x86)/atollic/truestudio for stm32 9.0.1/armtools/bin/../lib/gcc/arm-atollic-eabi/6.3.1/../../../../arm-atollic-eabi/lib/armv7e-m/fpu\libc_nano.a(lib_a-findfp.o)
                0x0800f584                __sfp
 .text._fwalk_reent
                0x0800f5fc       0x3c c:/program files (x86)/atollic/truestudio for stm32 9.0.1/armtools/bin/../lib/gcc/arm-atollic-eabi/6.3.1/../../../../arm-atollic-eabi/lib/armv7e-m/fpu\libc_nano.a(lib_a-fwalk.o)
                0x0800f5fc                _fwalk_reent
 .text.__libc_init_array
                0x0800f638       0x48 c:/program files (x86)/atollic/truestudio for stm32 9.0.1/armtools/bin/../lib/gcc/arm-atollic-eabi/6.3.1/../../../../arm-atollic-eabi/lib/armv7e-m/fpu\libc_nano.a(lib_a-init.o)
                0x0800f638                __libc_init_array
 .text.__swhatbuf_r
                0x0800f680       0x48 c:/program files (x86)/atollic/truestudio for stm32 9.0.1/armtools/bin/../lib/gcc/arm-atollic-eabi/6.3.1/../../../../arm-atollic-eabi/lib/armv7e-m/fpu\libc_nano.a(lib_a-makebuf.o)
                0x0800f680                __swhatbuf_r
 .text.__smakebuf_r
                0x0800f6c8       0x80 c:/program files (x86)/atollic/truestudio for stm32 9.0.1/armtools/bin/../lib/gcc/arm-atollic-eabi/6.3.1/../../../../arm-atollic-eabi/lib/armv7e-m/fpu\libc_nano.a(lib_a-makebuf.o)
                0x0800f6c8                __smakebuf_r
 .text.malloc   0x0800f748       0x10 c:/program files (x86)/atollic/truestudio for stm32 9.0.1/armtools/bin/../lib/gcc/arm-atollic-eabi/6.3.1/../../../../arm-atollic-eabi/lib/armv7e-m/fpu\libc_nano.a(lib_a-malloc.o)
                0x0800f748                malloc
 .text.memcpy   0x0800f758       0x16 c:/program files (x86)/atollic/truestudio for stm32 9.0.1/armtools/bin/../lib/gcc/arm-atollic-eabi/6.3.1/../../../../arm-atollic-eabi/lib/armv7e-m/fpu\libc_nano.a(lib_a-memcpy-stub.o)
                0x0800f758                memcpy
 .text.memset   0x0800f76e       0x10 c:/program files (x86)/atollic/truestudio for stm32 9.0.1/armtools/bin/../lib/gcc/arm-atollic-eabi/6.3.1/../../../../arm-atollic-eabi/lib/armv7e-m/fpu\libc_nano.a(lib_a-memset.o)
                0x0800f76e                memset
 *fill*         0x0800f77e        0x2 
 .text._free_r  0x0800f780       0x9c c:/program files (x86)/atollic/truestudio for stm32 9.0.1/armtools/bin/../lib/gcc/arm-atollic-eabi/6.3.1/../../../../arm-atollic-eabi/lib/armv7e-m/fpu\libc_nano.a(lib_a-nano-freer.o)
                0x0800f780                _free_r
 .text._malloc_r
                0x0800f81c       0xbc c:/program files (x86)/atollic/truestudio for stm32 9.0.1/armtools/bin/../lib/gcc/arm-atollic-eabi/6.3.1/../../../../arm-atollic-eabi/lib/armv7e-m/fpu\libc_nano.a(lib_a-nano-mallocr.o)
                0x0800f81c                _malloc_r
 .text.__sfputc_r
                0x0800f8d8       0x30 c:/program files (x86)/atollic/truestudio for stm32 9.0.1/armtools/bin/../lib/gcc/arm-atollic-eabi/6.3.1/../../../../arm-atollic-eabi/lib/armv7e-m/fpu\libc_nano.a(lib_a-nano-vfprintf.o)
 .text.__sfputs_r
                0x0800f908       0x24 c:/program files (x86)/atollic/truestudio for stm32 9.0.1/armtools/bin/../lib/gcc/arm-atollic-eabi/6.3.1/../../../../arm-atollic-eabi/lib/armv7e-m/fpu\libc_nano.a(lib_a-nano-vfprintf.o)
                0x0800f908                __sfputs_r
 .text._vfprintf_r
                0x0800f92c      0x22c c:/program files (x86)/atollic/truestudio for stm32 9.0.1/armtools/bin/../lib/gcc/arm-atollic-eabi/6.3.1/../../../../arm-atollic-eabi/lib/armv7e-m/fpu\libc_nano.a(lib_a-nano-vfprintf.o)
                0x0800f92c                _vfprintf_r
                0x0800f92c                _vfiprintf_r
 .text._printf_common
                0x0800fb58       0xec c:/program files (x86)/atollic/truestudio for stm32 9.0.1/armtools/bin/../lib/gcc/arm-atollic-eabi/6.3.1/../../../../arm-atollic-eabi/lib/armv7e-m/fpu\libc_nano.a(lib_a-nano-vfprintf_i.o)
                0x0800fb58                _printf_common
 .text._printf_i
                0x0800fc44      0x240 c:/program files (x86)/atollic/truestudio for stm32 9.0.1/armtools/bin/../lib/gcc/arm-atollic-eabi/6.3.1/../../../../arm-atollic-eabi/lib/armv7e-m/fpu\libc_nano.a(lib_a-nano-vfprintf_i.o)
                0x0800fc44                _printf_i
 .text.printf   0x0800fe84       0x30 c:/program files (x86)/atollic/truestudio for stm32 9.0.1/armtools/bin/../lib/gcc/arm-atollic-eabi/6.3.1/../../../../arm-atollic-eabi/lib/armv7e-m/fpu\libc_nano.a(lib_a-printf.o)
                0x0800fe84                iprintf
                0x0800fe84                printf
 .text._puts_r  0x0800feb4       0xb8 c:/program files (x86)/atollic/truestudio for stm32 9.0.1/armtools/bin/../lib/gcc/arm-atollic-eabi/6.3.1/../../../../arm-atollic-eabi/lib/armv7e-m/fpu\libc_nano.a(lib_a-puts.o)
                0x0800feb4                _puts_r
 .text.puts     0x0800ff6c       0x10 c:/program files (x86)/atollic/truestudio for stm32 9.0.1/armtools/bin/../lib/gcc/arm-atollic-eabi/6.3.1/../../../../arm-atollic-eabi/lib/armv7e-m/fpu\libc_nano.a(lib_a-puts.o)
                0x0800ff6c                puts
 .text._sbrk_r  0x0800ff7c       0x20 c:/program files (x86)/atollic/truestudio for stm32 9.0.1/armtools/bin/../lib/gcc/arm-atollic-eabi/6.3.1/../../../../arm-atollic-eabi/lib/armv7e-m/fpu\libc_nano.a(lib_a-sbrkr.o)
                0x0800ff7c                _sbrk_r
 .text.__sread  0x0800ff9c       0x22 c:/program files (x86)/atollic/truestudio for stm32 9.0.1/armtools/bin/../lib/gcc/arm-atollic-eabi/6.3.1/../../../../arm-atollic-eabi/lib/armv7e-m/fpu\libc_nano.a(lib_a-stdio.o)
                0x0800ff9c                __sread
 .text.__swrite
                0x0800ffbe       0x38 c:/program files (x86)/atollic/truestudio for stm32 9.0.1/armtools/bin/../lib/gcc/arm-atollic-eabi/6.3.1/../../../../arm-atollic-eabi/lib/armv7e-m/fpu\libc_nano.a(lib_a-stdio.o)
                0x0800ffbe                __swrite
 .text.__sseek  0x0800fff6       0x24 c:/program files (x86)/atollic/truestudio for stm32 9.0.1/armtools/bin/../lib/gcc/arm-atollic-eabi/6.3.1/../../../../arm-atollic-eabi/lib/armv7e-m/fpu\libc_nano.a(lib_a-stdio.o)
                0x0800fff6                __sseek
 .text.__sclose
                0x0801001a        0x8 c:/program files (x86)/atollic/truestudio for stm32 9.0.1/armtools/bin/../lib/gcc/arm-atollic-eabi/6.3.1/../../../../arm-atollic-eabi/lib/armv7e-m/fpu\libc_nano.a(lib_a-stdio.o)
                0x0801001a                __sclose
 .text.strcpy   0x08010022       0x10 c:/program files (x86)/atollic/truestudio for stm32 9.0.1/armtools/bin/../lib/gcc/arm-atollic-eabi/6.3.1/../../../../arm-atollic-eabi/lib/armv7e-m/fpu\libc_nano.a(lib_a-strcpy.o)
                0x08010022                strcpy
 .text.strncpy  0x08010032       0x2a c:/program files (x86)/atollic/truestudio for stm32 9.0.1/armtools/bin/../lib/gcc/arm-atollic-eabi/6.3.1/../../../../arm-atollic-eabi/lib/armv7e-m/fpu\libc_nano.a(lib_a-strncpy.o)
                0x08010032                strncpy
 .text.__swbuf_r
                0x0801005c       0xa4 c:/program files (x86)/atollic/truestudio for stm32 9.0.1/armtools/bin/../lib/gcc/arm-atollic-eabi/6.3.1/../../../../arm-atollic-eabi/lib/armv7e-m/fpu\libc_nano.a(lib_a-wbuf.o)
                0x0801005c                __swbuf_r
 .text._write_r
                0x08010100       0x24 c:/program files (x86)/atollic/truestudio for stm32 9.0.1/armtools/bin/../lib/gcc/arm-atollic-eabi/6.3.1/../../../../arm-atollic-eabi/lib/armv7e-m/fpu\libc_nano.a(lib_a-writer.o)
                0x08010100                _write_r
 .text.__swsetup_r
                0x08010124       0xdc c:/program files (x86)/atollic/truestudio for stm32 9.0.1/armtools/bin/../lib/gcc/arm-atollic-eabi/6.3.1/../../../../arm-atollic-eabi/lib/armv7e-m/fpu\libc_nano.a(lib_a-wsetup.o)
                0x08010124                __swsetup_r
 .text._close_r
                0x08010200       0x20 c:/program files (x86)/atollic/truestudio for stm32 9.0.1/armtools/bin/../lib/gcc/arm-atollic-eabi/6.3.1/../../../../arm-atollic-eabi/lib/armv7e-m/fpu\libc_nano.a(lib_a-closer.o)
                0x08010200                _close_r
 .text._fstat_r
                0x08010220       0x24 c:/program files (x86)/atollic/truestudio for stm32 9.0.1/armtools/bin/../lib/gcc/arm-atollic-eabi/6.3.1/../../../../arm-atollic-eabi/lib/armv7e-m/fpu\libc_nano.a(lib_a-fstatr.o)
                0x08010220                _fstat_r
 .text._isatty_r
                0x08010244       0x20 c:/program files (x86)/atollic/truestudio for stm32 9.0.1/armtools/bin/../lib/gcc/arm-atollic-eabi/6.3.1/../../../../arm-atollic-eabi/lib/armv7e-m/fpu\libc_nano.a(lib_a-isattyr.o)
                0x08010244                _isatty_r
 .text._lseek_r
                0x08010264       0x24 c:/program files (x86)/atollic/truestudio for stm32 9.0.1/armtools/bin/../lib/gcc/arm-atollic-eabi/6.3.1/../../../../arm-atollic-eabi/lib/armv7e-m/fpu\libc_nano.a(lib_a-lseekr.o)
                0x08010264                _lseek_r
 .text.__malloc_lock
                0x08010288        0x2 c:/program files (x86)/atollic/truestudio for stm32 9.0.1/armtools/bin/../lib/gcc/arm-atollic-eabi/6.3.1/../../../../arm-atollic-eabi/lib/armv7e-m/fpu\libc_nano.a(lib_a-mlock.o)
                0x08010288                __malloc_lock
 .text.__malloc_unlock
                0x0801028a        0x2 c:/program files (x86)/atollic/truestudio for stm32 9.0.1/armtools/bin/../lib/gcc/arm-atollic-eabi/6.3.1/../../../../arm-atollic-eabi/lib/armv7e-m/fpu\libc_nano.a(lib_a-mlock.o)
                0x0801028a                __malloc_unlock
 .text._read_r  0x0801028c       0x24 c:/program files (x86)/atollic/truestudio for stm32 9.0.1/armtools/bin/../lib/gcc/arm-atollic-eabi/6.3.1/../../../../arm-atollic-eabi/lib/armv7e-m/fpu\libc_nano.a(lib_a-readr.o)
                0x0801028c                _read_r
 .text._close   0x080102b0       0x10 c:/program files (x86)/atollic/truestudio for stm32 9.0.1/armtools/bin/../lib/gcc/arm-atollic-eabi/6.3.1/../../../../arm-atollic-eabi/lib/armv7e-m/fpu\libnosys.a(close.o)
                0x080102b0                _close
 .text._fstat   0x080102c0       0x10 c:/program files (x86)/atollic/truestudio for stm32 9.0.1/armtools/bin/../lib/gcc/arm-atollic-eabi/6.3.1/../../../../arm-atollic-eabi/lib/armv7e-m/fpu\libnosys.a(fstat.o)
                0x080102c0                _fstat
 .text._isatty  0x080102d0       0x10 c:/program files (x86)/atollic/truestudio for stm32 9.0.1/armtools/bin/../lib/gcc/arm-atollic-eabi/6.3.1/../../../../arm-atollic-eabi/lib/armv7e-m/fpu\libnosys.a(isatty.o)
                0x080102d0                _isatty
 .text._lseek   0x080102e0       0x10 c:/program files (x86)/atollic/truestudio for stm32 9.0.1/armtools/bin/../lib/gcc/arm-atollic-eabi/6.3.1/../../../../arm-atollic-eabi/lib/armv7e-m/fpu\libnosys.a(lseek.o)
                0x080102e0                _lseek
 .text._read    0x080102f0       0x10 c:/program files (x86)/atollic/truestudio for stm32 9.0.1/armtools/bin/../lib/gcc/arm-atollic-eabi/6.3.1/../../../../arm-atollic-eabi/lib/armv7e-m/fpu\libnosys.a(read.o)
                0x080102f0                _read
 .text._sbrk    0x08010300       0x1c c:/program files (x86)/atollic/truestudio for stm32 9.0.1/armtools/bin/../lib/gcc/arm-atollic-eabi/6.3.1/../../../../arm-atollic-eabi/lib/armv7e-m/fpu\libnosys.a(sbrk.o)
                0x08010300                _sbrk
 *(.glue_7)
 .glue_7        0x0801031c        0x0 linker stubs
 *(.glue_7t)
 .glue_7t       0x0801031c        0x0 linker stubs
 *(.eh_frame)
 .eh_frame      0x0801031c        0x0 c:/program files (x86)/atollic/truestudio for stm32 9.0.1/armtools/bin/../lib/gcc/arm-atollic-eabi/6.3.1/armv7e-m/fpu/crtbegin.o
 *(.init)
 .init          0x0801031c        0x4 c:/program files (x86)/atollic/truestudio for stm32 9.0.1/armtools/bin/../lib/gcc/arm-atollic-eabi/6.3.1/armv7e-m/fpu/crti.o
                0x0801031c                _init
 .init          0x08010320        0x8 c:/program files (x86)/atollic/truestudio for stm32 9.0.1/armtools/bin/../lib/gcc/arm-atollic-eabi/6.3.1/armv7e-m/fpu/crtn.o
 *(.fini)
 .fini          0x08010328        0x4 c:/program files (x86)/atollic/truestudio for stm32 9.0.1/armtools/bin/../lib/gcc/arm-atollic-eabi/6.3.1/armv7e-m/fpu/crti.o
                0x08010328                _fini
 .fini          0x0801032c        0x8 c:/program files (x86)/atollic/truestudio for stm32 9.0.1/armtools/bin/../lib/gcc/arm-atollic-eabi/6.3.1/armv7e-m/fpu/crtn.o
                0x08010334                . = ALIGN (0x4)
                0x08010334                _etext = .

.vfp11_veneer   0x08010334        0x0
 .vfp11_veneer  0x08010334        0x0 linker stubs

.v4_bx          0x08010334        0x0
 .v4_bx         0x08010334        0x0 linker stubs

.iplt           0x08010334        0x0
 .iplt          0x08010334        0x0 c:/program files (x86)/atollic/truestudio for stm32 9.0.1/armtools/bin/../lib/gcc/arm-atollic-eabi/6.3.1/armv7e-m/fpu/crtbegin.o

.rodata         0x08010334      0x3c0
                0x08010334                . = ALIGN (0x4)
 *(.rodata)
 .rodata        0x08010334       0xc9 Src\TFMini.o
 *fill*         0x080103fd        0x3 
 .rodata        0x08010400        0xd Src\adc.o
 *fill*         0x0801040d        0x3 
 .rodata        0x08010410        0xd Src\i2c.o
 *fill*         0x0801041d        0x3 
 .rodata        0x08010420       0xf2 Src\main.o
 *fill*         0x08010512        0x2 
 .rodata        0x08010514       0x60 Src\psd.o
 .rodata        0x08010574       0x76 Src\timer.o
 *fill*         0x080105ea        0x2 
 .rodata        0x080105ec        0xf Src\usart.o
 *fill*         0x080105fb        0x1 
 .rodata        0x080105fc       0x3a Src\vl53l1x\vl53l1_api.o
 *fill*         0x08010636        0x2 
 .rodata        0x08010638        0x1 Src\vl53l1x\vl53l1_platform.o
 *(.rodata*)
 *fill*         0x08010639        0x3 
 .rodata.flagBitshiftOffset.8547
                0x0801063c        0x8 Drivers\STM32F4xx_HAL_Driver\Src\stm32f4xx_hal_dma.o
 .rodata.AHBPrescTable
                0x08010644       0x10 Src\system_stm32f4xx.o
                0x08010644                AHBPrescTable
 .rodata.APBPrescTable
                0x08010654        0x8 Src\system_stm32f4xx.o
                0x08010654                APBPrescTable
 .rodata.__sf_fake_stderr
                0x0801065c       0x20 c:/program files (x86)/atollic/truestudio for stm32 9.0.1/armtools/bin/../lib/gcc/arm-atollic-eabi/6.3.1/../../../../arm-atollic-eabi/lib/armv7e-m/fpu\libc_nano.a(lib_a-findfp.o)
                0x0801065c                __sf_fake_stderr
 .rodata.__sf_fake_stdin
                0x0801067c       0x20 c:/program files (x86)/atollic/truestudio for stm32 9.0.1/armtools/bin/../lib/gcc/arm-atollic-eabi/6.3.1/../../../../arm-atollic-eabi/lib/armv7e-m/fpu\libc_nano.a(lib_a-findfp.o)
                0x0801067c                __sf_fake_stdin
 .rodata.__sf_fake_stdout
                0x0801069c       0x20 c:/program files (x86)/atollic/truestudio for stm32 9.0.1/armtools/bin/../lib/gcc/arm-atollic-eabi/6.3.1/../../../../arm-atollic-eabi/lib/armv7e-m/fpu\libc_nano.a(lib_a-findfp.o)
                0x0801069c                __sf_fake_stdout
 .rodata._global_impure_ptr
                0x080106bc        0x4 c:/program files (x86)/atollic/truestudio for stm32 9.0.1/armtools/bin/../lib/gcc/arm-atollic-eabi/6.3.1/../../../../arm-atollic-eabi/lib/armv7e-m/fpu\libc_nano.a(lib_a-impure.o)
                0x080106bc                _global_impure_ptr
 .rodata._vfprintf_r.str1.1
                0x080106c0       0x11 c:/program files (x86)/atollic/truestudio for stm32 9.0.1/armtools/bin/../lib/gcc/arm-atollic-eabi/6.3.1/../../../../arm-atollic-eabi/lib/armv7e-m/fpu\libc_nano.a(lib_a-nano-vfprintf.o)
 .rodata._printf_i.str1.1
                0x080106d1       0x22 c:/program files (x86)/atollic/truestudio for stm32 9.0.1/armtools/bin/../lib/gcc/arm-atollic-eabi/6.3.1/../../../../arm-atollic-eabi/lib/armv7e-m/fpu\libc_nano.a(lib_a-nano-vfprintf_i.o)
                0x080106f4                . = ALIGN (0x4)
 *fill*         0x080106f3        0x1 

.ARM.extab
 *(.ARM.extab* .gnu.linkonce.armextab.*)

.ARM            0x080106f4        0x8
                0x080106f4                __exidx_start = .
 *(.ARM.exidx*)
 .ARM.exidx     0x080106f4        0x8 c:/program files (x86)/atollic/truestudio for stm32 9.0.1/armtools/bin/../lib/gcc/arm-atollic-eabi/6.3.1/armv7e-m/fpu\libgcc.a(_udivmoddi4.o)
                0x080106fc                __exidx_end = .

.rel.dyn        0x080106fc        0x0
 .rel.iplt      0x080106fc        0x0 c:/program files (x86)/atollic/truestudio for stm32 9.0.1/armtools/bin/../lib/gcc/arm-atollic-eabi/6.3.1/armv7e-m/fpu/crtbegin.o

.preinit_array  0x080106fc        0x0
                0x080106fc                PROVIDE (__preinit_array_start, .)
 *(.preinit_array*)
                0x080106fc                PROVIDE (__preinit_array_end, .)

.init_array     0x080106fc        0x4
                0x080106fc                PROVIDE (__init_array_start, .)
 *(SORT(.init_array.*))
 *(.init_array*)
 .init_array    0x080106fc        0x4 c:/program files (x86)/atollic/truestudio for stm32 9.0.1/armtools/bin/../lib/gcc/arm-atollic-eabi/6.3.1/armv7e-m/fpu/crtbegin.o
                0x08010700                PROVIDE (__init_array_end, .)

.fini_array     0x08010700        0x4
                [!provide]                PROVIDE (__fini_array_start, .)
 *(SORT(.fini_array.*))
 *(.fini_array*)
 .fini_array    0x08010700        0x4 c:/program files (x86)/atollic/truestudio for stm32 9.0.1/armtools/bin/../lib/gcc/arm-atollic-eabi/6.3.1/armv7e-m/fpu/crtbegin.o
                [!provide]                PROVIDE (__fini_array_end, .)
                0x08010704                _sidata = LOADADDR (.data)

.data           0x20000000      0x358 load address 0x08010704
                0x20000000                . = ALIGN (0x4)
                0x20000000                _sdata = .
 *(.data)
 *(.data*)
 .data.uwTickPrio
                0x20000000        0x4 Drivers\STM32F4xx_HAL_Driver\Src\stm32f4xx_hal.o
                0x20000000                uwTickPrio
 .data.uwTickFreq
                0x20000004        0x1 Drivers\STM32F4xx_HAL_Driver\Src\stm32f4xx_hal.o
                0x20000004                uwTickFreq
 *fill*         0x20000005        0x3 
 .data.number_of_characters
                0x20000008        0x4 Src\TFMini.o
 .data.Dev      0x2000000c        0x4 Src\main.o
                0x2000000c                Dev
 .data.Dev2     0x20000010        0x4 Src\main.o
                0x20000010                Dev2
 .data.SystemCoreClock
                0x20000014        0x4 Src\system_stm32f4xx.o
                0x20000014                SystemCoreClock
 .data.DefaultTuningSettings
                0x20000018       0xf3 Src\vl53l0x\vl53l0x_api.o
                0x20000018                DefaultTuningSettings
 *fill*         0x2000010b        0x1 
 .data.InterruptThresholdSettings
                0x2000010c      0x1b6 Src\vl53l0x\vl53l0x_api.o
                0x2000010c                InterruptThresholdSettings
 *fill*         0x200002c2        0x2 
 .data.refArrayQuadrants
                0x200002c4       0x10 Src\vl53l0x\vl53l0x_api_calibration.o
                0x200002c4                refArrayQuadrants
 .data.BDTable  0x200002d4       0x20 Src\vl53l1x\vl53l1_api.o
 .data._impure_ptr
                0x200002f4        0x4 c:/program files (x86)/atollic/truestudio for stm32 9.0.1/armtools/bin/../lib/gcc/arm-atollic-eabi/6.3.1/../../../../arm-atollic-eabi/lib/armv7e-m/fpu\libc_nano.a(lib_a-impure.o)
                0x200002f4                _impure_ptr
 .data.impure_data
                0x200002f8       0x60 c:/program files (x86)/atollic/truestudio for stm32 9.0.1/armtools/bin/../lib/gcc/arm-atollic-eabi/6.3.1/../../../../arm-atollic-eabi/lib/armv7e-m/fpu\libc_nano.a(lib_a-impure.o)
                0x20000358                . = ALIGN (0x4)
                0x20000358                _edata = .

.igot.plt       0x20000358        0x0 load address 0x08010a5c
 .igot.plt      0x20000358        0x0 c:/program files (x86)/atollic/truestudio for stm32 9.0.1/armtools/bin/../lib/gcc/arm-atollic-eabi/6.3.1/armv7e-m/fpu/crtbegin.o
                0x20000358                . = ALIGN (0x4)

.bss            0x20000358      0x910 load address 0x08010a5c
                0x20000358                _sbss = .
                0x20000358                __bss_start__ = _sbss
 *(.bss)
 .bss           0x20000358       0x1c c:/program files (x86)/atollic/truestudio for stm32 9.0.1/armtools/bin/../lib/gcc/arm-atollic-eabi/6.3.1/armv7e-m/fpu/crtbegin.o
 *(.bss*)
 .bss.ting      0x20000374        0x4 Src\main.o
                0x20000374                ting
 .bss.RangingData.11089
                0x20000378       0x1c Src\main.o
 .bss.RangingData.11096
                0x20000394       0x1c Src\main.o
 .bss.__malloc_free_list
                0x200003b0        0x4 c:/program files (x86)/atollic/truestudio for stm32 9.0.1/armtools/bin/../lib/gcc/arm-atollic-eabi/6.3.1/../../../../arm-atollic-eabi/lib/armv7e-m/fpu\libc_nano.a(lib_a-nano-mallocr.o)
                0x200003b0                __malloc_free_list
 .bss.__malloc_sbrk_start
                0x200003b4        0x4 c:/program files (x86)/atollic/truestudio for stm32 9.0.1/armtools/bin/../lib/gcc/arm-atollic-eabi/6.3.1/../../../../arm-atollic-eabi/lib/armv7e-m/fpu\libc_nano.a(lib_a-nano-mallocr.o)
                0x200003b4                __malloc_sbrk_start
 .bss.heap_end.5239
                0x200003b8        0x4 c:/program files (x86)/atollic/truestudio for stm32 9.0.1/armtools/bin/../lib/gcc/arm-atollic-eabi/6.3.1/../../../../arm-atollic-eabi/lib/armv7e-m/fpu\libnosys.a(sbrk.o)
 *(COMMON)
 COMMON         0x200003bc        0x4 Drivers\STM32F4xx_HAL_Driver\Src\stm32f4xx_hal.o
                0x200003bc                uwTick
 COMMON         0x200003c0        0x4 Src\TFMini.o
                0x200003c0                lidar_raw_values
 COMMON         0x200003c4       0xa8 Src\adc.o
                0x200003c4                hadc1
                0x2000040c                hdma_adc1
 COMMON         0x2000046c       0xa8 Src\i2c.o
                0x2000046c                hi2c3
                0x200004c0                hi2c1
 COMMON         0x20000514      0x530 Src\main.o
                0x20000514                dev
                0x200008b8                stopwatch_lock_time
                0x200008bc                VL53L0X_callback_counter
                0x200008c0                psd_raw_values
                0x200008c4                status2
                0x200008c8                is_stopwatch_on
                0x200008cc                VL53L1X_callback_counter
                0x200008d0                status
                0x200008d4                dev2
                0x20000a40                stopwatch
 COMMON         0x20000a44       0xe0 Src\usart.o
                0x20000a44                hdma_usart6_rx
                0x20000aa4                huart6
                0x20000ae4                huart2
 COMMON         0x20000b24       0x40 Src\vl53l0x\vl53l0x_i2c_platform.o
                0x20000b24                _i2c_buffer
 COMMON         0x20000b64      0x100 Src\vl53l1x\vl53l1_platform.o
                0x20000b64                _I2CBuffer
 COMMON         0x20000c64        0x4 c:/program files (x86)/atollic/truestudio for stm32 9.0.1/armtools/bin/../lib/gcc/arm-atollic-eabi/6.3.1/../../../../arm-atollic-eabi/lib/armv7e-m/fpu\libc_nano.a(lib_a-reent.o)
                0x20000c64                errno
                0x20000c68                . = ALIGN (0x4)
                0x20000c68                _ebss = .
                0x20000c68                __bss_end__ = _ebss

._user_heap_stack
                0x20000c68      0x600 load address 0x08010a5c
                0x20000c68                . = ALIGN (0x4)
                0x20000c68                PROVIDE (end, .)
                [!provide]                PROVIDE (_end, .)
                0x20000e68                . = (. + _Min_Heap_Size)
 *fill*         0x20000c68      0x200 
                0x20001268                . = (. + _Min_Stack_Size)
 *fill*         0x20000e68      0x400 
                0x20001268                . = ALIGN (0x4)

/DISCARD/
 libc.a(*)
 libm.a(*)
 libgcc.a(*)

.ARM.attributes
                0x00000000       0x30
 *(.ARM.attributes)
 .ARM.attributes
                0x00000000       0x22 c:/program files (x86)/atollic/truestudio for stm32 9.0.1/armtools/bin/../lib/gcc/arm-atollic-eabi/6.3.1/armv7e-m/fpu/crti.o
 .ARM.attributes
                0x00000022       0x34 c:/program files (x86)/atollic/truestudio for stm32 9.0.1/armtools/bin/../lib/gcc/arm-atollic-eabi/6.3.1/armv7e-m/fpu/crtbegin.o
 .ARM.attributes
                0x00000056       0x39 Drivers\STM32F4xx_HAL_Driver\Src\stm32f4xx_hal.o
 .ARM.attributes
                0x0000008f       0x39 Drivers\STM32F4xx_HAL_Driver\Src\stm32f4xx_hal_adc.o
 .ARM.attributes
                0x000000c8       0x39 Drivers\STM32F4xx_HAL_Driver\Src\stm32f4xx_hal_cortex.o
 .ARM.attributes
                0x00000101       0x39 Drivers\STM32F4xx_HAL_Driver\Src\stm32f4xx_hal_dma.o
 .ARM.attributes
                0x0000013a       0x39 Drivers\STM32F4xx_HAL_Driver\Src\stm32f4xx_hal_gpio.o
 .ARM.attributes
                0x00000173       0x39 Drivers\STM32F4xx_HAL_Driver\Src\stm32f4xx_hal_i2c.o
 .ARM.attributes
                0x000001ac       0x39 Drivers\STM32F4xx_HAL_Driver\Src\stm32f4xx_hal_rcc.o
 .ARM.attributes
                0x000001e5       0x39 Drivers\STM32F4xx_HAL_Driver\Src\stm32f4xx_hal_uart.o
 .ARM.attributes
                0x0000021e       0x39 Src\TFMini.o
 .ARM.attributes
                0x00000257       0x39 Src\adc.o
 .ARM.attributes
                0x00000290       0x39 Src\dma.o
 .ARM.attributes
                0x000002c9       0x39 Src\gpio.o
 .ARM.attributes
                0x00000302       0x39 Src\i2c.o
 .ARM.attributes
                0x0000033b       0x39 Src\main.o
 .ARM.attributes
                0x00000374       0x39 Src\psd.o
 .ARM.attributes
                0x000003ad       0x39 Src\stm32f4xx_hal_msp.o
 .ARM.attributes
                0x000003e6       0x39 Src\stm32f4xx_it.o
 .ARM.attributes
                0x0000041f       0x39 Src\system_stm32f4xx.o
 .ARM.attributes
                0x00000458       0x39 Src\timer.o
 .ARM.attributes
                0x00000491       0x39 Src\usart.o
 .ARM.attributes
                0x000004ca       0x39 Src\vl53l0x\vl53l0x_api.o
 .ARM.attributes
                0x00000503       0x39 Src\vl53l0x\vl53l0x_api_calibration.o
 .ARM.attributes
                0x0000053c       0x39 Src\vl53l0x\vl53l0x_api_core.o
 .ARM.attributes
                0x00000575       0x39 Src\vl53l0x\vl53l0x_i2c_platform.o
 .ARM.attributes
                0x000005ae       0x39 Src\vl53l0x\vl53l0x_platform.o
 .ARM.attributes
                0x000005e7       0x39 Src\vl53l1x\vl53l1_api.o
 .ARM.attributes
                0x00000620       0x39 Src\vl53l1x\vl53l1_api_core.o
 .ARM.attributes
                0x00000659       0x39 Src\vl53l1x\vl53l1_api_preset_modes.o
 .ARM.attributes
                0x00000692       0x39 Src\vl53l1x\vl53l1_core.o
 .ARM.attributes
                0x000006cb       0x39 Src\vl53l1x\vl53l1_core_support.o
 .ARM.attributes
                0x00000704       0x39 Src\vl53l1x\vl53l1_platform.o
 .ARM.attributes
                0x0000073d       0x39 Src\vl53l1x\vl53l1_register_funcs.o
 .ARM.attributes
                0x00000776       0x39 Src\vl53l1x\vl53l1_wait.o
 .ARM.attributes
                0x000007af       0x21 startup\startup_stm32f401xe.o
 .ARM.attributes
                0x000007d0       0x34 c:/program files (x86)/atollic/truestudio for stm32 9.0.1/armtools/bin/../lib/gcc/arm-atollic-eabi/6.3.1/../../../../arm-atollic-eabi/lib/armv7e-m/fpu\libc_nano.a(lib_a-fflush.o)
 .ARM.attributes
                0x00000804       0x34 c:/program files (x86)/atollic/truestudio for stm32 9.0.1/armtools/bin/../lib/gcc/arm-atollic-eabi/6.3.1/../../../../arm-atollic-eabi/lib/armv7e-m/fpu\libc_nano.a(lib_a-findfp.o)
 .ARM.attributes
                0x00000838       0x34 c:/program files (x86)/atollic/truestudio for stm32 9.0.1/armtools/bin/../lib/gcc/arm-atollic-eabi/6.3.1/../../../../arm-atollic-eabi/lib/armv7e-m/fpu\libc_nano.a(lib_a-fwalk.o)
 .ARM.attributes
                0x0000086c       0x34 c:/program files (x86)/atollic/truestudio for stm32 9.0.1/armtools/bin/../lib/gcc/arm-atollic-eabi/6.3.1/../../../../arm-atollic-eabi/lib/armv7e-m/fpu\libc_nano.a(lib_a-impure.o)
 .ARM.attributes
                0x000008a0       0x34 c:/program files (x86)/atollic/truestudio for stm32 9.0.1/armtools/bin/../lib/gcc/arm-atollic-eabi/6.3.1/../../../../arm-atollic-eabi/lib/armv7e-m/fpu\libc_nano.a(lib_a-init.o)
 .ARM.attributes
                0x000008d4       0x34 c:/program files (x86)/atollic/truestudio for stm32 9.0.1/armtools/bin/../lib/gcc/arm-atollic-eabi/6.3.1/../../../../arm-atollic-eabi/lib/armv7e-m/fpu\libc_nano.a(lib_a-makebuf.o)
 .ARM.attributes
                0x00000908       0x34 c:/program files (x86)/atollic/truestudio for stm32 9.0.1/armtools/bin/../lib/gcc/arm-atollic-eabi/6.3.1/../../../../arm-atollic-eabi/lib/armv7e-m/fpu\libc_nano.a(lib_a-malloc.o)
 .ARM.attributes
                0x0000093c       0x34 c:/program files (x86)/atollic/truestudio for stm32 9.0.1/armtools/bin/../lib/gcc/arm-atollic-eabi/6.3.1/../../../../arm-atollic-eabi/lib/armv7e-m/fpu\libc_nano.a(lib_a-memcpy-stub.o)
 .ARM.attributes
                0x00000970       0x34 c:/program files (x86)/atollic/truestudio for stm32 9.0.1/armtools/bin/../lib/gcc/arm-atollic-eabi/6.3.1/../../../../arm-atollic-eabi/lib/armv7e-m/fpu\libc_nano.a(lib_a-memset.o)
 .ARM.attributes
                0x000009a4       0x34 c:/program files (x86)/atollic/truestudio for stm32 9.0.1/armtools/bin/../lib/gcc/arm-atollic-eabi/6.3.1/../../../../arm-atollic-eabi/lib/armv7e-m/fpu\libc_nano.a(lib_a-nano-freer.o)