Archive member included to satisfy reference by file (symbol)

c:/program files (x86)/atollic/truestudio for stm32 9.0.1/armtools/bin/../lib/gcc/arm-atollic-eabi/6.3.1/../../../../arm-atollic-eabi/lib/armv7e-m/fpu\libc_nano.a(lib_a-fclose.o)
                              Src\vl53l0x\vl53l0x_platform_log.o (fclose)
c:/program files (x86)/atollic/truestudio for stm32 9.0.1/armtools/bin/../lib/gcc/arm-atollic-eabi/6.3.1/../../../../arm-atollic-eabi/lib/armv7e-m/fpu\libc_nano.a(lib_a-fflush.o)
                              c:/program files (x86)/atollic/truestudio for stm32 9.0.1/armtools/bin/../lib/gcc/arm-atollic-eabi/6.3.1/../../../../arm-atollic-eabi/lib/armv7e-m/fpu\libc_nano.a(lib_a-fclose.o) (__sflush_r)
c:/program files (x86)/atollic/truestudio for stm32 9.0.1/armtools/bin/../lib/gcc/arm-atollic-eabi/6.3.1/../../../../arm-atollic-eabi/lib/armv7e-m/fpu\libc_nano.a(lib_a-findfp.o)
                              c:/program files (x86)/atollic/truestudio for stm32 9.0.1/armtools/bin/../lib/gcc/arm-atollic-eabi/6.3.1/../../../../arm-atollic-eabi/lib/armv7e-m/fpu\libc_nano.a(lib_a-fclose.o) (__sinit)
c:/program files (x86)/atollic/truestudio for stm32 9.0.1/armtools/bin/../lib/gcc/arm-atollic-eabi/6.3.1/../../../../arm-atollic-eabi/lib/armv7e-m/fpu\libc_nano.a(lib_a-fopen.o)
                              Src\vl53l0x\vl53l0x_platform_log.o (fopen)
c:/program files (x86)/atollic/truestudio for stm32 9.0.1/armtools/bin/../lib/gcc/arm-atollic-eabi/6.3.1/../../../../arm-atollic-eabi/lib/armv7e-m/fpu\libc_nano.a(lib_a-fprintf.o)
                              Src\vl53l0x\vl53l0x_platform_log.o (fprintf)
c:/program files (x86)/atollic/truestudio for stm32 9.0.1/armtools/bin/../lib/gcc/arm-atollic-eabi/6.3.1/../../../../arm-atollic-eabi/lib/armv7e-m/fpu\libc_nano.a(lib_a-fseek.o)
                              c:/program files (x86)/atollic/truestudio for stm32 9.0.1/armtools/bin/../lib/gcc/arm-atollic-eabi/6.3.1/../../../../arm-atollic-eabi/lib/armv7e-m/fpu\libc_nano.a(lib_a-fopen.o) (_fseek_r)
c:/program files (x86)/atollic/truestudio for stm32 9.0.1/armtools/bin/../lib/gcc/arm-atollic-eabi/6.3.1/../../../../arm-atollic-eabi/lib/armv7e-m/fpu\libc_nano.a(lib_a-fseeko.o)
                              c:/program files (x86)/atollic/truestudio for stm32 9.0.1/armtools/bin/../lib/gcc/arm-atollic-eabi/6.3.1/../../../../arm-atollic-eabi/lib/armv7e-m/fpu\libc_nano.a(lib_a-fseek.o) (_fseeko_r)
c:/program files (x86)/atollic/truestudio for stm32 9.0.1/armtools/bin/../lib/gcc/arm-atollic-eabi/6.3.1/../../../../arm-atollic-eabi/lib/armv7e-m/fpu\libc_nano.a(lib_a-fwalk.o)
                              c:/program files (x86)/atollic/truestudio for stm32 9.0.1/armtools/bin/../lib/gcc/arm-atollic-eabi/6.3.1/../../../../arm-atollic-eabi/lib/armv7e-m/fpu\libc_nano.a(lib_a-findfp.o) (_fwalk)
c:/program files (x86)/atollic/truestudio for stm32 9.0.1/armtools/bin/../lib/gcc/arm-atollic-eabi/6.3.1/../../../../arm-atollic-eabi/lib/armv7e-m/fpu\libc_nano.a(lib_a-impure.o)
                              c:/program files (x86)/atollic/truestudio for stm32 9.0.1/armtools/bin/../lib/gcc/arm-atollic-eabi/6.3.1/../../../../arm-atollic-eabi/lib/armv7e-m/fpu\libc_nano.a(lib_a-fflush.o) (_global_impure_ptr)
c:/program files (x86)/atollic/truestudio for stm32 9.0.1/armtools/bin/../lib/gcc/arm-atollic-eabi/6.3.1/../../../../arm-atollic-eabi/lib/armv7e-m/fpu\libc_nano.a(lib_a-init.o)
                              startup\startup_stm32f401xe.o (__libc_init_array)
c:/program files (x86)/atollic/truestudio for stm32 9.0.1/armtools/bin/../lib/gcc/arm-atollic-eabi/6.3.1/../../../../arm-atollic-eabi/lib/armv7e-m/fpu\libc_nano.a(lib_a-makebuf.o)
                              c:/program files (x86)/atollic/truestudio for stm32 9.0.1/armtools/bin/../lib/gcc/arm-atollic-eabi/6.3.1/../../../../arm-atollic-eabi/lib/armv7e-m/fpu\libc_nano.a(lib_a-fseeko.o) (__smakebuf_r)
c:/program files (x86)/atollic/truestudio for stm32 9.0.1/armtools/bin/../lib/gcc/arm-atollic-eabi/6.3.1/../../../../arm-atollic-eabi/lib/armv7e-m/fpu\libc_nano.a(lib_a-malloc.o)
                              Src\TFMini.o (malloc)
c:/program files (x86)/atollic/truestudio for stm32 9.0.1/armtools/bin/../lib/gcc/arm-atollic-eabi/6.3.1/../../../../arm-atollic-eabi/lib/armv7e-m/fpu\libc_nano.a(lib_a-memcpy-stub.o)
                              Src\vl53l0x\vl53l0x_api_calibration.o (memcpy)
c:/program files (x86)/atollic/truestudio for stm32 9.0.1/armtools/bin/../lib/gcc/arm-atollic-eabi/6.3.1/../../../../arm-atollic-eabi/lib/armv7e-m/fpu\libc_nano.a(lib_a-memset.o)
                              Src\vl53l0x\vl53l0x_api.o (memset)
c:/program files (x86)/atollic/truestudio for stm32 9.0.1/armtools/bin/../lib/gcc/arm-atollic-eabi/6.3.1/../../../../arm-atollic-eabi/lib/armv7e-m/fpu\libc_nano.a(lib_a-nano-freer.o)
[...]
Memory Configuration

Name             Origin             Length             Attributes
RAM              0x20000000         0x00018000         xrw
FLASH            0x08000000         0x00080000         xr
*default*        0x00000000         0xffffffff

Linker script and memory map

LOAD c:/program files (x86)/atollic/truestudio for stm32 9.0.1/armtools/bin/../lib/gcc/arm-atollic-eabi/6.3.1/armv7e-m/fpu/crti.o
LOAD c:/program files (x86)/atollic/truestudio for stm32 9.0.1/armtools/bin/../lib/gcc/arm-atollic-eabi/6.3.1/armv7e-m/fpu/crtbegin.o
LOAD Drivers\STM32F4xx_HAL_Driver\Src\stm32f4xx_hal.o
LOAD Drivers\STM32F4xx_HAL_Driver\Src\stm32f4xx_hal_adc.o
LOAD Drivers\STM32F4xx_HAL_Driver\Src\stm32f4xx_hal_adc_ex.o
LOAD Drivers\STM32F4xx_HAL_Driver\Src\stm32f4xx_hal_cortex.o
LOAD Drivers\STM32F4xx_HAL_Driver\Src\stm32f4xx_hal_dma.o
LOAD Drivers\STM32F4xx_HAL_Driver\Src\stm32f4xx_hal_dma_ex.o
LOAD Drivers\STM32F4xx_HAL_Driver\Src\stm32f4xx_hal_flash.o
LOAD Drivers\STM32F4xx_HAL_Driver\Src\stm32f4xx_hal_flash_ex.o
LOAD Drivers\STM32F4xx_HAL_Driver\Src\stm32f4xx_hal_flash_ramfunc.o
LOAD Drivers\STM32F4xx_HAL_Driver\Src\stm32f4xx_hal_gpio.o
LOAD Drivers\STM32F4xx_HAL_Driver\Src\stm32f4xx_hal_i2c.o
LOAD Drivers\STM32F4xx_HAL_Driver\Src\stm32f4xx_hal_i2c_ex.o
LOAD Drivers\STM32F4xx_HAL_Driver\Src\stm32f4xx_hal_pwr.o
LOAD Drivers\STM32F4xx_HAL_Driver\Src\stm32f4xx_hal_pwr_ex.o
LOAD Drivers\STM32F4xx_HAL_Driver\Src\stm32f4xx_hal_rcc.o
LOAD Drivers\STM32F4xx_HAL_Driver\Src\stm32f4xx_hal_rcc_ex.o
LOAD Drivers\STM32F4xx_HAL_Driver\Src\stm32f4xx_hal_spi.o
LOAD Drivers\STM32F4xx_HAL_Driver\Src\stm32f4xx_hal_tim.o
LOAD Drivers\STM32F4xx_HAL_Driver\Src\stm32f4xx_hal_tim_ex.o
LOAD Drivers\STM32F4xx_HAL_Driver\Src\stm32f4xx_hal_uart.o
LOAD Src\TFMini.o
LOAD Src\VL53L0X.o
LOAD Src\VL53L1X.o
LOAD Src\adc.o
LOAD Src\dma.o
LOAD Src\gpio.o
LOAD Src\i2c.o
LOAD Src\main.o
LOAD Src\psd.o
LOAD Src\spi.o
LOAD Src\stm32f4xx_hal_msp.o
LOAD Src\stm32f4xx_it.o
LOAD Src\system_stm32f4xx.o
LOAD Src\timer.o
LOAD Src\usart.o
LOAD Src\vl53l0x\vl53l0x_api.o
LOAD Src\vl53l0x\vl53l0x_api_calibration.o
LOAD Src\vl53l0x\vl53l0x_api_core.o
LOAD Src\vl53l0x\vl53l0x_api_ranging.o
LOAD Src\vl53l0x\vl53l0x_api_strings.o
LOAD Src\vl53l0x\vl53l0x_i2c_platform.o
LOAD Src\vl53l0x\vl53l0x_platform.o
LOAD Src\vl53l0x\vl53l0x_platform_log.o
LOAD Src\vl53l1x\vl53l1_api.o
LOAD Src\vl53l1x\vl53l1_api_calibration.o
LOAD Src\vl53l1x\vl53l1_api_core.o
LOAD Src\vl53l1x\vl53l1_api_debug.o
LOAD Src\vl53l1x\vl53l1_api_preset_modes.o
LOAD Src\vl53l1x\vl53l1_api_strings.o
LOAD Src\vl53l1x\vl53l1_core.o
LOAD Src\vl53l1x\vl53l1_core_support.o
LOAD Src\vl53l1x\vl53l1_error_strings.o
LOAD Src\vl53l1x\vl53l1_platform.o
LOAD Src\vl53l1x\vl53l1_register_funcs.o
LOAD Src\vl53l1x\vl53l1_silicon_core.o
LOAD Src\vl53l1x\vl53l1_wait.o
LOAD startup\startup_stm32f401xe.o
                0x00000080                malloc_getpagesize_P = 0x80
START GROUP
LOAD c:/program files (x86)/atollic/truestudio for stm32 9.0.1/armtools/bin/../lib/gcc/arm-atollic-eabi/6.3.1/../../../../arm-atollic-eabi/lib/armv7e-m/fpu\libc_nano.a
LOAD c:/program files (x86)/atollic/truestudio for stm32 9.0.1/armtools/bin/../lib/gcc/arm-atollic-eabi/6.3.1/../../../../arm-atollic-eabi/lib/armv7e-m/fpu\libm.a
END GROUP
START GROUP
LOAD c:/program files (x86)/atollic/truestudio for stm32 9.0.1/armtools/bin/../lib/gcc/arm-atollic-eabi/6.3.1/armv7e-m/fpu\libgcc.a
LOAD c:/program files (x86)/atollic/truestudio for stm32 9.0.1/armtools/bin/../lib/gcc/arm-atollic-eabi/6.3.1/../../../../arm-atollic-eabi/lib/armv7e-m/fpu\libc_nano.a
END GROUP
START GROUP
LOAD c:/program files (x86)/atollic/truestudio for stm32 9.0.1/armtools/bin/../lib/gcc/arm-atollic-eabi/6.3.1/armv7e-m/fpu\libgcc.a
LOAD c:/program files (x86)/atollic/truestudio for stm32 9.0.1/armtools/bin/../lib/gcc/arm-atollic-eabi/6.3.1/../../../../arm-atollic-eabi/lib/armv7e-m/fpu\libc_nano.a
LOAD c:/program files (x86)/atollic/truestudio for stm32 9.0.1/armtools/bin/../lib/gcc/arm-atollic-eabi/6.3.1/../../../../arm-atollic-eabi/lib/armv7e-m/fpu\libnosys.a
END GROUP
START GROUP
LOAD c:/program files (x86)/atollic/truestudio for stm32 9.0.1/armtools/bin/../lib/gcc/arm-atollic-eabi/6.3.1/armv7e-m/fpu\libgcc.a
LOAD c:/program files (x86)/atollic/truestudio for stm32 9.0.1/armtools/bin/../lib/gcc/arm-atollic-eabi/6.3.1/../../../../arm-atollic-eabi/lib/armv7e-m/fpu\libc_nano.a
LOAD c:/program files (x86)/atollic/truestudio for stm32 9.0.1/armtools/bin/../lib/gcc/arm-atollic-eabi/6.3.1/../../../../arm-atollic-eabi/lib/armv7e-m/fpu\libnosys.a
END GROUP
LOAD c:/program files (x86)/atollic/truestudio for stm32 9.0.1/armtools/bin/../lib/gcc/arm-atollic-eabi/6.3.1/armv7e-m/fpu/crtend.o
LOAD c:/program files (x86)/atollic/truestudio for stm32 9.0.1/armtools/bin/../lib/gcc/arm-atollic-eabi/6.3.1/armv7e-m/fpu/crtn.o
                0x20018000                _estack = 0x20018000
                0x00000200                _Min_Heap_Size = 0x200
                0x00000400                _Min_Stack_Size = 0x400

.isr_vector     0x08000000      0x194
                0x08000000                . = ALIGN (0x4)
 *(.isr_vector)
 .isr_vector    0x08000000      0x194 startup\startup_stm32f401xe.o
                0x08000000                g_pfnVectors
                0x08000194                . = ALIGN (0x4)

.text           0x080001a0    0x11214
                0x080001a0                . = ALIGN (0x4)
 *(.text)
 .text          0x080001a0       0x40 c:/program files (x86)/atollic/truestudio for stm32 9.0.1/armtools/bin/../lib/gcc/arm-atollic-eabi/6.3.1/armv7e-m/fpu/crtbegin.o
 .text          0x080001e0       0xa0 c:/program files (x86)/atollic/truestudio for stm32 9.0.1/armtools/bin/../lib/gcc/arm-atollic-eabi/6.3.1/../../../../arm-atollic-eabi/lib/armv7e-m/fpu\libc_nano.a(lib_a-memchr.o)
                0x080001e0                memchr
 .text          0x08000280       0x30 c:/program files (x86)/atollic/truestudio for stm32 9.0.1/armtools/bin/../lib/gcc/arm-atollic-eabi/6.3.1/armv7e-m/fpu\libgcc.a(_aeabi_uldivmod.o)
                0x08000280                __aeabi_uldivmod
 .text          0x080002b0      0x2dc c:/program files (x86)/atollic/truestudio for stm32 9.0.1/armtools/bin/../lib/gcc/arm-atollic-eabi/6.3.1/armv7e-m/fpu\libgcc.a(_udivmoddi4.o)
                0x080002b0                __udivmoddi4
 .text          0x0800058c        0x4 c:/program files (x86)/atollic/truestudio for stm32 9.0.1/armtools/bin/../lib/gcc/arm-atollic-eabi/6.3.1/armv7e-m/fpu\libgcc.a(_dvmd_tls.o)
                0x0800058c                __aeabi_idiv0
                0x0800058c                __aeabi_ldiv0
 *(.text*)
 .text.HAL_Init
                0x08000590       0x44 Drivers\STM32F4xx_HAL_Driver\Src\stm32f4xx_hal.o
                0x08000590                HAL_Init
 .text.HAL_InitTick
                0x080005d4       0x60 Drivers\STM32F4xx_HAL_Driver\Src\stm32f4xx_hal.o
                0x080005d4                HAL_InitTick
 .text.HAL_IncTick
                0x08000634       0x28 Drivers\STM32F4xx_HAL_Driver\Src\stm32f4xx_hal.o
                0x08000634                HAL_IncTick
 .text.HAL_GetTick
                0x0800065c       0x18 Drivers\STM32F4xx_HAL_Driver\Src\stm32f4xx_hal.o
                0x0800065c                HAL_GetTick
 .text.HAL_Delay
                0x08000674       0x44 Drivers\STM32F4xx_HAL_Driver\Src\stm32f4xx_hal.o
                0x08000674                HAL_Delay
 .text.HAL_ADC_Init
                0x080006b8       0x86 Drivers\STM32F4xx_HAL_Driver\Src\stm32f4xx_hal_adc.o
                0x080006b8                HAL_ADC_Init
 *fill*         0x0800073e        0x2 
 .text.HAL_ADC_Start_DMA
                0x08000740      0x1a4 Drivers\STM32F4xx_HAL_Driver\Src\stm32f4xx_hal_adc.o
                0x08000740                HAL_ADC_Start_DMA
 .text.HAL_ADC_Stop_DMA
                0x080008e4       0x94 Drivers\STM32F4xx_HAL_Driver\Src\stm32f4xx_hal_adc.o
                0x080008e4                HAL_ADC_Stop_DMA
 .text.HAL_ADC_ConvCpltCallback
                0x08000978       0x14 Drivers\STM32F4xx_HAL_Driver\Src\stm32f4xx_hal_adc.o
                0x08000978                HAL_ADC_ConvCpltCallback
 .text.HAL_ADC_ConvHalfCpltCallback
                0x0800098c       0x14 Drivers\STM32F4xx_HAL_Driver\Src\stm32f4xx_hal_adc.o
                0x0800098c                HAL_ADC_ConvHalfCpltCallback
 .text.HAL_ADC_ErrorCallback
                0x080009a0       0x14 Drivers\STM32F4xx_HAL_Driver\Src\stm32f4xx_hal_adc.o
                0x080009a0                HAL_ADC_ErrorCallback
 .text.HAL_ADC_ConfigChannel
                0x080009b4      0x248 Drivers\STM32F4xx_HAL_Driver\Src\stm32f4xx_hal_adc.o
                0x080009b4                HAL_ADC_ConfigChannel
 .text.ADC_Init
                0x08000bfc      0x1f4 Drivers\STM32F4xx_HAL_Driver\Src\stm32f4xx_hal_adc.o
 .text.ADC_DMAConvCplt
                0x08000df0       0xa6 Drivers\STM32F4xx_HAL_Driver\Src\stm32f4xx_hal_adc.o
 .text.ADC_DMAHalfConvCplt
                0x08000e96       0x1c Drivers\STM32F4xx_HAL_Driver\Src\stm32f4xx_hal_adc.o
 .text.ADC_DMAError
                0x08000eb2       0x2e Drivers\STM32F4xx_HAL_Driver\Src\stm32f4xx_hal_adc.o
 .text.NVIC_SetPriorityGrouping
                0x08000ee0       0x48 Drivers\STM32F4xx_HAL_Driver\Src\stm32f4xx_hal_cortex.o
 .text.NVIC_GetPriorityGrouping
                0x08000f28       0x1c Drivers\STM32F4xx_HAL_Driver\Src\stm32f4xx_hal_cortex.o
 .text.NVIC_EnableIRQ
                0x08000f44       0x34 Drivers\STM32F4xx_HAL_Driver\Src\stm32f4xx_hal_cortex.o
 .text.NVIC_SetPriority
                0x08000f78       0x54 Drivers\STM32F4xx_HAL_Driver\Src\stm32f4xx_hal_cortex.o
 .text.NVIC_EncodePriority
                0x08000fcc       0x62 Drivers\STM32F4xx_HAL_Driver\Src\stm32f4xx_hal_cortex.o
 *fill*         0x0800102e        0x2 
 .text.SysTick_Config
                0x08001030       0x44 Drivers\STM32F4xx_HAL_Driver\Src\stm32f4xx_hal_cortex.o
 .text.HAL_NVIC_SetPriorityGrouping
                0x08001074       0x16 Drivers\STM32F4xx_HAL_Driver\Src\stm32f4xx_hal_cortex.o
                0x08001074                HAL_NVIC_SetPriorityGrouping
 .text.HAL_NVIC_SetPriority
                0x0800108a       0x38 Drivers\STM32F4xx_HAL_Driver\Src\stm32f4xx_hal_cortex.o
                0x0800108a                HAL_NVIC_SetPriority
 .text.HAL_NVIC_EnableIRQ
                0x080010c2       0x1c Drivers\STM32F4xx_HAL_Driver\Src\stm32f4xx_hal_cortex.o
                0x080010c2                HAL_NVIC_EnableIRQ
 .text.HAL_SYSTICK_Config
                0x080010de       0x18 Drivers\STM32F4xx_HAL_Driver\Src\stm32f4xx_hal_cortex.o
                0x080010de                HAL_SYSTICK_Config
 *fill*         0x080010f6        0x2 
 .text.HAL_SYSTICK_CLKSourceConfig
                0x080010f8       0x38 Drivers\STM32F4xx_HAL_Driver\Src\stm32f4xx_hal_cortex.o
                0x080010f8                HAL_SYSTICK_CLKSourceConfig
 .text.HAL_SYSTICK_IRQHandler
                0x08001130        0xc Drivers\STM32F4xx_HAL_Driver\Src\stm32f4xx_hal_cortex.o
                0x08001130                HAL_SYSTICK_IRQHandler
 .text.HAL_SYSTICK_Callback
                0x0800113c        0xe Drivers\STM32F4xx_HAL_Driver\Src\stm32f4xx_hal_cortex.o
                0x0800113c                HAL_SYSTICK_Callback
 *fill*         0x0800114a        0x2 
 .text.HAL_DMA_Init
                0x0800114c      0x15c Drivers\STM32F4xx_HAL_Driver\Src\stm32f4xx_hal_dma.o
                0x0800114c                HAL_DMA_Init
 .text.HAL_DMA_Start_IT
                0x080012a8       0xc0 Drivers\STM32F4xx_HAL_Driver\Src\stm32f4xx_hal_dma.o
                0x080012a8                HAL_DMA_Start_IT
 .text.HAL_DMA_Abort
                0x08001368       0xe0 Drivers\STM32F4xx_HAL_Driver\Src\stm32f4xx_hal_dma.o
                0x08001368                HAL_DMA_Abort
 .text.HAL_DMA_Abort_IT
                0x08001448       0x44 Drivers\STM32F4xx_HAL_Driver\Src\stm32f4xx_hal_dma.o
                0x08001448                HAL_DMA_Abort_IT
 .text.HAL_DMA_IRQHandler
                0x0800148c      0x314 Drivers\STM32F4xx_HAL_Driver\Src\stm32f4xx_hal_dma.o
                0x0800148c                HAL_DMA_IRQHandler
 .text.DMA_SetConfig
                0x080017a0       0x5c Drivers\STM32F4xx_HAL_Driver\Src\stm32f4xx_hal_dma.o
 .text.DMA_CalcBaseAndBitshift
                0x080017fc       0x6c Drivers\STM32F4xx_HAL_Driver\Src\stm32f4xx_hal_dma.o
 .text.DMA_CheckFifoParam
                0x08001868       0xf4 Drivers\STM32F4xx_HAL_Driver\Src\stm32f4xx_hal_dma.o
 .text.HAL_GPIO_Init
                0x0800195c      0x304 Drivers\STM32F4xx_HAL_Driver\Src\stm32f4xx_hal_gpio.o
                0x0800195c                HAL_GPIO_Init
 .text.HAL_GPIO_WritePin
                0x08001c60       0x32 Drivers\STM32F4xx_HAL_Driver\Src\stm32f4xx_hal_gpio.o
                0x08001c60                HAL_GPIO_WritePin
 .text.HAL_GPIO_TogglePin
                0x08001c92       0x24 Drivers\STM32F4xx_HAL_Driver\Src\stm32f4xx_hal_gpio.o
                0x08001c92                HAL_GPIO_TogglePin
 *fill*         0x08001cb6        0x2 
 .text.HAL_GPIO_EXTI_IRQHandler
                0x08001cb8       0x30 Drivers\STM32F4xx_HAL_Driver\Src\stm32f4xx_hal_gpio.o
                0x08001cb8                HAL_GPIO_EXTI_IRQHandler
 .text.HAL_I2C_Init
                0x08001ce8      0x1c0 Drivers\STM32F4xx_HAL_Driver\Src\stm32f4xx_hal_i2c.o
                0x08001ce8                HAL_I2C_Init
 .text.HAL_I2C_Master_Transmit
                0x08001ea8      0x21c Drivers\STM32F4xx_HAL_Driver\Src\stm32f4xx_hal_i2c.o
                0x08001ea8                HAL_I2C_Master_Transmit
 .text.HAL_I2C_Master_Receive
                0x080020c4      0x464 Drivers\STM32F4xx_HAL_Driver\Src\stm32f4xx_hal_i2c.o
                0x080020c4                HAL_I2C_Master_Receive
 .text.I2C_MasterRequestWrite
                0x08002528      0x104 Drivers\STM32F4xx_HAL_Driver\Src\stm32f4xx_hal_i2c.o
 .text.I2C_MasterRequestRead
                0x0800262c      0x190 Drivers\STM32F4xx_HAL_Driver\Src\stm32f4xx_hal_i2c.o
 .text.I2C_WaitOnFlagUntilTimeout
                0x080027bc       0xa2 Drivers\STM32F4xx_HAL_Driver\Src\stm32f4xx_hal_i2c.o
 .text.I2C_WaitOnMasterAddressFlagUntilTimeout
                0x0800285e       0xdc Drivers\STM32F4xx_HAL_Driver\Src\stm32f4xx_hal_i2c.o
 .text.I2C_WaitOnTXEFlagUntilTimeout
                0x0800293a       0x7a Drivers\STM32F4xx_HAL_Driver\Src\stm32f4xx_hal_i2c.o
 .text.I2C_WaitOnBTFFlagUntilTimeout
                0x080029b4       0x7a Drivers\STM32F4xx_HAL_Driver\Src\stm32f4xx_hal_i2c.o
 .text.I2C_WaitOnRXNEFlagUntilTimeout
                0x08002a2e       0x94 Drivers\STM32F4xx_HAL_Driver\Src\stm32f4xx_hal_i2c.o
 .text.I2C_IsAcknowledgeFailed
                0x08002ac2       0x50 Drivers\STM32F4xx_HAL_Driver\Src\stm32f4xx_hal_i2c.o
 *fill*         0x08002b12        0x2 
 .text.HAL_RCC_OscConfig
                0x08002b14      0x484 Drivers\STM32F4xx_HAL_Driver\Src\stm32f4xx_hal_rcc.o
                0x08002b14                HAL_RCC_OscConfig
 .text.HAL_RCC_ClockConfig
                0x08002f98      0x1c4 Drivers\STM32F4xx_HAL_Driver\Src\stm32f4xx_hal_rcc.o
                0x08002f98                HAL_RCC_ClockConfig
 .text.HAL_RCC_GetSysClockFreq
                0x0800315c      0x1b0 Drivers\STM32F4xx_HAL_Driver\Src\stm32f4xx_hal_rcc.o
                0x0800315c                HAL_RCC_GetSysClockFreq
 .text.HAL_RCC_GetHCLKFreq
                0x0800330c       0x18 Drivers\STM32F4xx_HAL_Driver\Src\stm32f4xx_hal_rcc.o
                0x0800330c                HAL_RCC_GetHCLKFreq
 .text.HAL_RCC_GetPCLK1Freq
                0x08003324       0x28 Drivers\STM32F4xx_HAL_Driver\Src\stm32f4xx_hal_rcc.o
                0x08003324                HAL_RCC_GetPCLK1Freq
 .text.HAL_RCC_GetPCLK2Freq
                0x0800334c       0x28 Drivers\STM32F4xx_HAL_Driver\Src\stm32f4xx_hal_rcc.o
                0x0800334c                HAL_RCC_GetPCLK2Freq
 .text.HAL_SPI_Init
                0x08003374       0xc6 Drivers\STM32F4xx_HAL_Driver\Src\stm32f4xx_hal_spi.o
                0x08003374                HAL_SPI_Init
 .text.HAL_UART_Init
                0x0800343a       0x9a Drivers\STM32F4xx_HAL_Driver\Src\stm32f4xx_hal_uart.o
                0x0800343a                HAL_UART_Init
 .text.HAL_UART_Transmit
                0x080034d4      0x130 Drivers\STM32F4xx_HAL_Driver\Src\stm32f4xx_hal_uart.o
                0x080034d4                HAL_UART_Transmit
 .text.HAL_UART_Transmit_IT
                0x08003604       0x8a Drivers\STM32F4xx_HAL_Driver\Src\stm32f4xx_hal_uart.o
                0x08003604                HAL_UART_Transmit_IT
 .text.HAL_UART_Receive_IT
                0x0800368e       0x9a Drivers\STM32F4xx_HAL_Driver\Src\stm32f4xx_hal_uart.o
                0x0800368e                HAL_UART_Receive_IT
 .text.HAL_UART_Receive_DMA
                0x08003728      0x100 Drivers\STM32F4xx_HAL_Driver\Src\stm32f4xx_hal_uart.o
                0x08003728                HAL_UART_Receive_DMA
 .text.HAL_UART_DMAStop
                0x08003828       0xb6 Drivers\STM32F4xx_HAL_Driver\Src\stm32f4xx_hal_uart.o
                0x08003828                HAL_UART_DMAStop
 *fill*         0x080038de        0x2 
 .text.HAL_UART_IRQHandler
                0x080038e0      0x1f8 Drivers\STM32F4xx_HAL_Driver\Src\stm32f4xx_hal_uart.o
                0x080038e0                HAL_UART_IRQHandler
 .text.HAL_UART_TxCpltCallback
                0x08003ad8       0x14 Drivers\STM32F4xx_HAL_Driver\Src\stm32f4xx_hal_uart.o
                0x08003ad8                HAL_UART_TxCpltCallback
 .text.HAL_UART_RxHalfCpltCallback
                0x08003aec       0x14 Drivers\STM32F4xx_HAL_Driver\Src\stm32f4xx_hal_uart.o
                0x08003aec                HAL_UART_RxHalfCpltCallback
 .text.HAL_UART_ErrorCallback
                0x08003b00       0x14 Drivers\STM32F4xx_HAL_Driver\Src\stm32f4xx_hal_uart.o
                0x08003b00                HAL_UART_ErrorCallback
 .text.UART_DMAReceiveCplt
                0x08003b14       0x68 Drivers\STM32F4xx_HAL_Driver\Src\stm32f4xx_hal_uart.o
 .text.UART_DMARxHalfCplt
                0x08003b7c       0x1c Drivers\STM32F4xx_HAL_Driver\Src\stm32f4xx_hal_uart.o
 .text.UART_DMAError
                0x08003b98       0x94 Drivers\STM32F4xx_HAL_Driver\Src\stm32f4xx_hal_uart.o
 .text.UART_WaitOnFlagUntilTimeout
                0x08003c2c       0x94 Drivers\STM32F4xx_HAL_Driver\Src\stm32f4xx_hal_uart.o
 .text.UART_EndTxTransfer
                0x08003cc0       0x2c Drivers\STM32F4xx_HAL_Driver\Src\stm32f4xx_hal_uart.o
 .text.UART_EndRxTransfer
                0x08003cec       0x3c Drivers\STM32F4xx_HAL_Driver\Src\stm32f4xx_hal_uart.o
 .text.UART_DMAAbortOnError
                0x08003d28       0x28 Drivers\STM32F4xx_HAL_Driver\Src\stm32f4xx_hal_uart.o
 .text.UART_Transmit_IT
                0x08003d50       0xaa Drivers\STM32F4xx_HAL_Driver\Src\stm32f4xx_hal_uart.o
 .text.UART_EndTransmit_IT
                0x08003dfa       0x30 Drivers\STM32F4xx_HAL_Driver\Src\stm32f4xx_hal_uart.o
 .text.UART_Receive_IT
                0x08003e2a       0xf2 Drivers\STM32F4xx_HAL_Driver\Src\stm32f4xx_hal_uart.o
 .text.UART_SetConfig
                0x08003f1c      0x438 Drivers\STM32F4xx_HAL_Driver\Src\stm32f4xx_hal_uart.o
 .text.lidar_init
                0x08004354       0x44 Src\TFMini.o
                0x08004354                lidar_init
 .text.lidar_read
                0x08004398       0xf0 Src\TFMini.o
                0x08004398                lidar_read
 .text.lidar_distance_cm
                0x08004488       0x30 Src\TFMini.o
                0x08004488                lidar_distance_cm
 .text.my_VL53L0X_init
                0x080044b8      0x158 Src\VL53L0X.o
                0x080044b8                my_VL53L0X_init
 .text.my_VL53L0X_read
                0x08004610       0x44 Src\VL53L0X.o
                0x08004610                my_VL53L0X_read
 .text.my_VL53L0X_distance_mm
                0x08004654       0x28 Src\VL53L0X.o
                0x08004654                my_VL53L0X_distance_mm
 .text.my_VL53L1X_init
                0x0800467c       0xe8 Src\VL53L1X.o
                0x0800467c                my_VL53L1X_init
 .text.my_VL53L1X_read
                0x08004764       0x64 Src\VL53L1X.o
                0x08004764                my_VL53L1X_read
 .text.my_VL53L1X_distance_mm
                0x080047c8       0x30 Src\VL53L1X.o
                0x080047c8                my_VL53L1X_distance_mm
 .text.MX_ADC1_Init
                0x080047f8       0xe0 Src\adc.o
                0x080047f8                MX_ADC1_Init
 .text.HAL_ADC_MspInit
                0x080048d8       0xcc Src\adc.o
                0x080048d8                HAL_ADC_MspInit
 .text.MX_DMA_Init
                0x080049a4       0x60 Src\dma.o
                0x080049a4                MX_DMA_Init
 .text.MX_GPIO_Init
                0x08004a04      0x148 Src\gpio.o
                0x08004a04                MX_GPIO_Init
 .text.MX_I2C1_Init
                0x08004b4c       0x64 Src\i2c.o
                0x08004b4c                MX_I2C1_Init
 .text.MX_I2C3_Init
                0x08004bb0       0x64 Src\i2c.o
                0x08004bb0                MX_I2C3_Init
 .text.HAL_I2C_MspInit
                0x08004c14       0xdc Src\i2c.o
                0x08004c14                HAL_I2C_MspInit
 .text._write   0x08004cf0       0x28 Src\main.o
                0x08004cf0                _write
 .text.HAL_GPIO_EXTI_Callback
                0x08004d18       0x2c Src\main.o
                0x08004d18                HAL_GPIO_EXTI_Callback
 .text.HAL_UART_RxCpltCallback
                0x08004d44       0x88 Src\main.o
                0x08004d44                HAL_UART_RxCpltCallback
 .text.simultaneous_read
                0x08004dcc      0x1dc Src\main.o
                0x08004dcc                simultaneous_read
 .text.main     0x08004fa8       0xf4 Src\main.o
                0x08004fa8                main
 .text.SystemClock_Config
                0x0800509c       0xf4 Src\main.o
                0x0800509c                SystemClock_Config
 .text._Error_Handler
                0x08005190        0xc Src\main.o
                0x08005190                _Error_Handler
 .text.PSD_init
                0x0800519c       0x40 Src\psd.o
                0x0800519c                PSD_init
 .text.PSD_read
                0x080051dc       0x2c Src\psd.o
                0x080051dc                PSD_read
 .text.PSD_short_distance_cm
                0x08005208       0x48 Src\psd.o
                0x08005208                PSD_short_distance_cm
 .text.PSD_short2_distance_cm
                0x08005250       0x4c Src\psd.o
                0x08005250                PSD_short2_distance_cm
 .text.PSD_big_distance_cm
                0x0800529c       0x4c Src\psd.o
                0x0800529c                PSD_big_distance_cm
 .text.MX_SPI3_Init
                0x080052e8       0x74 Src\spi.o
                0x080052e8                MX_SPI3_Init
 .text.HAL_SPI_MspInit
                0x0800535c       0x64 Src\spi.o
                0x0800535c                HAL_SPI_MspInit
 .text.HAL_MspInit
                0x080053c0       0xa4 Src\stm32f4xx_hal_msp.o
                0x080053c0                HAL_MspInit
 .text.NMI_Handler
                0x08005464        0xe Src\stm32f4xx_it.o
                0x08005464                NMI_Handler
 .text.HardFault_Handler
                0x08005472        0x6 Src\stm32f4xx_it.o
                0x08005472                HardFault_Handler
 .text.MemManage_Handler
                0x08005478        0x6 Src\stm32f4xx_it.o
                0x08005478                MemManage_Handler
 .text.BusFault_Handler
                0x0800547e        0x6 Src\stm32f4xx_it.o
                0x0800547e                BusFault_Handler
 .text.UsageFault_Handler
                0x08005484        0x6 Src\stm32f4xx_it.o
                0x08005484                UsageFault_Handler
 .text.SVC_Handler
                0x0800548a        0xe Src\stm32f4xx_it.o
                0x0800548a                SVC_Handler
 .text.DebugMon_Handler
                0x08005498        0xe Src\stm32f4xx_it.o
                0x08005498                DebugMon_Handler
 .text.PendSV_Handler
                0x080054a6        0xe Src\stm32f4xx_it.o
                0x080054a6                PendSV_Handler
 .text.SysTick_Handler
                0x080054b4       0x10 Src\stm32f4xx_it.o
                0x080054b4                SysTick_Handler
 .text.EXTI4_IRQHandler
                0x080054c4        0xe Src\stm32f4xx_it.o
                0x080054c4                EXTI4_IRQHandler
 .text.EXTI9_5_IRQHandler
                0x080054d2        0xe Src\stm32f4xx_it.o
                0x080054d2                EXTI9_5_IRQHandler
 .text.USART2_IRQHandler
                0x080054e0       0x14 Src\stm32f4xx_it.o
                0x080054e0                USART2_IRQHandler
 .text.DMA2_Stream0_IRQHandler
                0x080054f4       0x14 Src\stm32f4xx_it.o
                0x080054f4                DMA2_Stream0_IRQHandler
 .text.DMA2_Stream1_IRQHandler
                0x08005508       0x14 Src\stm32f4xx_it.o
                0x08005508                DMA2_Stream1_IRQHandler
 .text.DMA2_Stream6_IRQHandler
                0x0800551c       0x14 Src\stm32f4xx_it.o
                0x0800551c                DMA2_Stream6_IRQHandler
 .text.USART6_IRQHandler
                0x08005530       0x14 Src\stm32f4xx_it.o
                0x08005530                USART6_IRQHandler
 .text.SystemInit
                0x08005544       0x6c Src\system_stm32f4xx.o
                0x08005544                SystemInit
 .text.MX_USART1_UART_Init
                0x080055b0       0x5c Src\usart.o
                0x080055b0                MX_USART1_UART_Init
 .text.MX_USART2_UART_Init
                0x0800560c       0x5c Src\usart.o
                0x0800560c                MX_USART2_UART_Init
 .text.MX_USART6_UART_Init
                0x08005668       0x5c Src\usart.o
                0x08005668                MX_USART6_UART_Init
 .text.HAL_UART_MspInit
                0x080056c4      0x1f8 Src\usart.o
                0x080056c4                HAL_UART_MspInit
 .text.VL53L0X_GetOffsetCalibrationDataMicroMeter
                0x080058bc       0x26 Src\vl53l0x\vl53l0x_api.o
                0x080058bc                VL53L0X_GetOffsetCalibrationDataMicroMeter
 *fill*         0x080058e2        0x2 
 .text.VL53L0X_DataInit
                0x080058e4      0x2c8 Src\vl53l0x\vl53l0x_api.o
                0x080058e4                VL53L0X_DataInit
 .text.VL53L0X_StaticInit
                0x08005bac      0x304 Src\vl53l0x\vl53l0x_api.o
                0x08005bac                VL53L0X_StaticInit
 .text.VL53L0X_WaitDeviceBooted
                0x08005eb0       0x1c Src\vl53l0x\vl53l0x_api.o
                0x08005eb0                VL53L0X_WaitDeviceBooted
 .text.VL53L0X_GetDeviceParameters
                0x08005ecc      0x120 Src\vl53l0x\vl53l0x_api.o
                0x08005ecc                VL53L0X_GetDeviceParameters
 .text.VL53L0X_SetDeviceMode
                0x08005fec       0x90 Src\vl53l0x\vl53l0x_api.o
                0x08005fec                VL53L0X_SetDeviceMode
 .text.VL53L0X_GetDeviceMode
                0x0800607c       0x26 Src\vl53l0x\vl53l0x_api.o
                0x0800607c                VL53L0X_GetDeviceMode
 .text.VL53L0X_GetFractionEnable
                0x080060a2       0x3e Src\vl53l0x\vl53l0x_api.o
                0x080060a2                VL53L0X_GetFractionEnable
 .text.VL53L0X_SetMeasurementTimingBudgetMicroSeconds
                0x080060e0       0x26 Src\vl53l0x\vl53l0x_api.o
                0x080060e0                VL53L0X_SetMeasurementTimingBudgetMicroSeconds
 .text.VL53L0X_GetMeasurementTimingBudgetMicroSeconds
                0x08006106       0x26 Src\vl53l0x\vl53l0x_api.o
                0x08006106                VL53L0X_GetMeasurementTimingBudgetMicroSeconds
 .text.VL53L0X_SetVcselPulsePeriod
                0x0800612c       0x30 Src\vl53l0x\vl53l0x_api.o
                0x0800612c                VL53L0X_SetVcselPulsePeriod
 .text.VL53L0X_GetVcselPulsePeriod
                0x0800615c       0x2e Src\vl53l0x\vl53l0x_api.o
                0x0800615c                VL53L0X_GetVcselPulsePeriod
 *fill*         0x0800618a        0x2 
 .text.VL53L0X_SetSequenceStepEnable
                0x0800618c      0x140 Src\vl53l0x\vl53l0x_api.o
                0x0800618c                VL53L0X_SetSequenceStepEnable
 .text.sequence_step_enabled
                0x080062cc       0xa4 Src\vl53l0x\vl53l0x_api.o
                0x080062cc                sequence_step_enabled
 .text.VL53L0X_GetSequenceStepEnables
                0x08006370       0xb0 Src\vl53l0x\vl53l0x_api.o
                0x08006370                VL53L0X_GetSequenceStepEnables
 .text.VL53L0X_SetInterMeasurementPeriodMilliSeconds
                0x08006420       0x68 Src\vl53l0x\vl53l0x_api.o
                0x08006420                VL53L0X_SetInterMeasurementPeriodMilliSeconds
 .text.VL53L0X_GetInterMeasurementPeriodMilliSeconds
                0x08006488       0x68 Src\vl53l0x\vl53l0x_api.o
                0x08006488                VL53L0X_GetInterMeasurementPeriodMilliSeconds
 .text.VL53L0X_GetXTalkCompensationEnable
                0x080064f0       0x2a Src\vl53l0x\vl53l0x_api.o
                0x080064f0                VL53L0X_GetXTalkCompensationEnable
 .text.VL53L0X_GetXTalkCompensationRateMegaCps
                0x0800651a       0x66 Src\vl53l0x\vl53l0x_api.o
                0x0800651a                VL53L0X_GetXTalkCompensationRateMegaCps
 .text.VL53L0X_SetLimitCheckEnable
                0x08006580      0x118 Src\vl53l0x\vl53l0x_api.o
                0x08006580                VL53L0X_SetLimitCheckEnable
 .text.VL53L0X_GetLimitCheckEnable
                0x08006698       0x46 Src\vl53l0x\vl53l0x_api.o
                0x08006698                VL53L0X_GetLimitCheckEnable
 *fill*         0x080066de        0x2 
 .text.VL53L0X_SetLimitCheckValue
                0x080066e0       0xc4 Src\vl53l0x\vl53l0x_api.o
                0x080066e0                VL53L0X_SetLimitCheckValue
 .text.VL53L0X_GetLimitCheckValue
                0x080067a4      0x11c Src\vl53l0x\vl53l0x_api.o
                0x080067a4                VL53L0X_GetLimitCheckValue
 .text.VL53L0X_GetWrapAroundCheckEnable
                0x080068c0       0x64 Src\vl53l0x\vl53l0x_api.o
                0x080068c0                VL53L0X_GetWrapAroundCheckEnable
 .text.VL53L0X_PerformSingleMeasurement
                0x08006924       0x68 Src\vl53l0x\vl53l0x_api.o
                0x08006924                VL53L0X_PerformSingleMeasurement
 .text.VL53L0X_PerformRefCalibration
                0x0800698c       0x2c Src\vl53l0x\vl53l0x_api.o
                0x0800698c                VL53L0X_PerformRefCalibration
 .text.VL53L0X_CheckAndLoadInterruptSettings
                0x080069b8       0xcc Src\vl53l0x\vl53l0x_api.o
                0x080069b8                VL53L0X_CheckAndLoadInterruptSettings
 .text.VL53L0X_StartMeasurement
                0x08006a84      0x17e Src\vl53l0x\vl53l0x_api.o
                0x08006a84                VL53L0X_StartMeasurement
 .text.VL53L0X_GetMeasurementDataReady
                0x08006c02       0x80 Src\vl53l0x\vl53l0x_api.o
                0x08006c02                VL53L0X_GetMeasurementDataReady
 *fill*         0x08006c82        0x2 
 .text.VL53L0X_GetRangingMeasurementData
                0x08006c84      0x24c Src\vl53l0x\vl53l0x_api.o
                0x08006c84                VL53L0X_GetRangingMeasurementData
 .text.VL53L0X_PerformSingleRangingMeasurement
                0x08006ed0       0x60 Src\vl53l0x\vl53l0x_api.o
                0x08006ed0                VL53L0X_PerformSingleRangingMeasurement
 .text.VL53L0X_SetGpioConfig
                0x08006f30      0x244 Src\vl53l0x\vl53l0x_api.o
                0x08006f30                VL53L0X_SetGpioConfig
 .text.VL53L0X_GetInterruptThresholds
                0x08007174       0x6c Src\vl53l0x\vl53l0x_api.o
                0x08007174                VL53L0X_GetInterruptThresholds
 .text.VL53L0X_ClearInterruptMask
                0x080071e0       0x80 Src\vl53l0x\vl53l0x_api.o
                0x080071e0                VL53L0X_ClearInterruptMask
 .text.VL53L0X_GetInterruptMaskStatus
                0x08007260       0x44 Src\vl53l0x\vl53l0x_api.o
                0x08007260                VL53L0X_GetInterruptMaskStatus
 .text.VL53L0X_PerformRefSpadManagement
                0x080072a4       0x2a Src\vl53l0x\vl53l0x_api.o
                0x080072a4                VL53L0X_PerformRefSpadManagement
 .text.VL53L0X_get_offset_calibration_data_micro_meter
                0x080072ce       0x7e Src\vl53l0x\vl53l0x_api_calibration.o
                0x080072ce                VL53L0X_get_offset_calibration_data_micro_meter
 .text.get_next_good_spad
                0x0800734c       0xbc Src\vl53l0x\vl53l0x_api_calibration.o
                0x0800734c                get_next_good_spad
 .text.is_aperture
                0x08007408       0x34 Src\vl53l0x\vl53l0x_api_calibration.o
                0x08007408                is_aperture
 .text.enable_spad_bit
                0x0800743c       0x70 Src\vl53l0x\vl53l0x_api_calibration.o
                0x0800743c                enable_spad_bit
 .text.set_ref_spad_map
                0x080074ac       0x26 Src\vl53l0x\vl53l0x_api_calibration.o
                0x080074ac                set_ref_spad_map
 .text.get_ref_spad_map
                0x080074d2       0x26 Src\vl53l0x\vl53l0x_api_calibration.o
                0x080074d2                get_ref_spad_map
 .text.enable_ref_spads
                0x080074f8       0xf8 Src\vl53l0x\vl53l0x_api_calibration.o
                0x080074f8                enable_ref_spads
 .text.perform_ref_signal_measurement
                0x080075f0       0xd4 Src\vl53l0x\vl53l0x_api_calibration.o
                0x080075f0                perform_ref_signal_measurement
 .text.VL53L0X_perform_ref_spad_management
                0x080076c4      0x418 Src\vl53l0x\vl53l0x_api_calibration.o
                0x080076c4                VL53L0X_perform_ref_spad_management
 .text.VL53L0X_set_reference_spads
                0x08007adc      0x14a Src\vl53l0x\vl53l0x_api_calibration.o
                0x08007adc                VL53L0X_set_reference_spads
 .text.VL53L0X_perform_single_ref_calibration
                0x08007c26       0x76 Src\vl53l0x\vl53l0x_api_calibration.o
                0x08007c26                VL53L0X_perform_single_ref_calibration
 .text.VL53L0X_ref_calibration_io
                0x08007c9c      0x132 Src\vl53l0x\vl53l0x_api_calibration.o
                0x08007c9c                VL53L0X_ref_calibration_io
 .text.VL53L0X_perform_vhv_calibration
                0x08007dce       0xce Src\vl53l0x\vl53l0x_api_calibration.o
                0x08007dce                VL53L0X_perform_vhv_calibration
 .text.VL53L0X_perform_phase_calibration
                0x08007e9c       0xca Src\vl53l0x\vl53l0x_api_calibration.o
                0x08007e9c                VL53L0X_perform_phase_calibration
 .text.VL53L0X_perform_ref_calibration
                0x08007f66       0x7a Src\vl53l0x\vl53l0x_api_calibration.o
                0x08007f66                VL53L0X_perform_ref_calibration
 .text.VL53L0X_measurement_poll_for_completion
                0x08007fe0       0x60 Src\vl53l0x\vl53l0x_api_core.o
                0x08007fe0                VL53L0X_measurement_poll_for_completion
 .text.VL53L0X_decode_vcsel_period
                0x08008040       0x26 Src\vl53l0x\vl53l0x_api_core.o
                0x08008040                VL53L0X_decode_vcsel_period
 .text.VL53L0X_encode_vcsel_period
                0x08008066       0x26 Src\vl53l0x\vl53l0x_api_core.o
                0x08008066                VL53L0X_encode_vcsel_period
 .text.VL53L0X_isqrt
                0x0800808c       0x68 Src\vl53l0x\vl53l0x_api_core.o
                0x0800808c                VL53L0X_isqrt
 .text.VL53L0X_device_read_strobe
                0x080080f4       0x86 Src\vl53l0x\vl53l0x_api_core.o
                0x080080f4                VL53L0X_device_read_strobe
 .text.VL53L0X_get_info_from_device
                0x0800817a      0x99a Src\vl53l0x\vl53l0x_api_core.o
                0x0800817a                VL53L0X_get_info_from_device
 .text.VL53L0X_calc_macro_period_ps
                0x08008b14       0x3a Src\vl53l0x\vl53l0x_api_core.o
                0x08008b14                VL53L0X_calc_macro_period_ps
 .text.VL53L0X_encode_timeout
                0x08008b4e       0x58 Src\vl53l0x\vl53l0x_api_core.o
                0x08008b4e                VL53L0X_encode_timeout
 .text.VL53L0X_decode_timeout
                0x08008ba6       0x2c Src\vl53l0x\vl53l0x_api_core.o
                0x08008ba6                VL53L0X_decode_timeout
 *fill*         0x08008bd2        0x2 
 .text.VL53L0X_calc_timeout_mclks
                0x08008bd4       0x54 Src\vl53l0x\vl53l0x_api_core.o
                0x08008bd4                VL53L0X_calc_timeout_mclks
 .text.VL53L0X_calc_timeout_us
                0x08008c28       0x54 Src\vl53l0x\vl53l0x_api_core.o
                0x08008c28                VL53L0X_calc_timeout_us
 .text.get_sequence_step_timeout
                0x08008c7c      0x1c2 Src\vl53l0x\vl53l0x_api_core.o
                0x08008c7c                get_sequence_step_timeout
 .text.set_sequence_step_timeout
                0x08008e3e      0x1e4 Src\vl53l0x\vl53l0x_api_core.o
                0x08008e3e                set_sequence_step_timeout
 .text.VL53L0X_set_vcsel_pulse_period
                0x08009022      0x50e Src\vl53l0x\vl53l0x_api_core.o
                0x08009022                VL53L0X_set_vcsel_pulse_period
 .text.VL53L0X_get_vcsel_pulse_period
                0x08009530       0x6e Src\vl53l0x\vl53l0x_api_core.o
                0x08009530                VL53L0X_get_vcsel_pulse_period
 .text.VL53L0X_set_measurement_timing_budget_micro_seconds
                0x0800959e      0x1c0 Src\vl53l0x\vl53l0x_api_core.o
                0x0800959e                VL53L0X_set_measurement_timing_budget_micro_seconds
 .text.VL53L0X_get_measurement_timing_budget_micro_seconds
                0x0800975e      0x162 Src\vl53l0x\vl53l0x_api_core.o
                0x0800975e                VL53L0X_get_measurement_timing_budget_micro_seconds
 .text.VL53L0X_load_tuning_settings
                0x080098c0      0x1c4 Src\vl53l0x\vl53l0x_api_core.o
                0x080098c0                VL53L0X_load_tuning_settings
 .text.VL53L0X_get_total_xtalk_rate
                0x08009a84       0x5e Src\vl53l0x\vl53l0x_api_core.o
                0x08009a84                VL53L0X_get_total_xtalk_rate
 .text.VL53L0X_get_total_signal_rate
                0x08009ae2       0x4a Src\vl53l0x\vl53l0x_api_core.o
                0x08009ae2                VL53L0X_get_total_signal_rate
 .text.VL53L0X_calc_dmax
                0x08009b2c      0x240 Src\vl53l0x\vl53l0x_api_core.o
                0x08009b2c                VL53L0X_calc_dmax
 .text.VL53L0X_calc_sigma_estimate
                0x08009d6c      0x4a4 Src\vl53l0x\vl53l0x_api_core.o
                0x08009d6c                VL53L0X_calc_sigma_estimate
 .text.VL53L0X_get_pal_range_status
                0x0800a210      0x3b6 Src\vl53l0x\vl53l0x_api_core.o
                0x0800a210                VL53L0X_get_pal_range_status
 *fill*         0x0800a5c6        0x2 
 .text.VL53L0X_write_byte
                0x0800a5c8       0x48 Src\vl53l0x\vl53l0x_i2c_platform.o
                0x0800a5c8                VL53L0X_write_byte
 .text.VL53L0X_read_byte
                0x0800a610       0x52 Src\vl53l0x\vl53l0x_i2c_platform.o
                0x0800a610                VL53L0X_read_byte
 *fill*         0x0800a662        0x2 
 .text.VL53L0X_read_dword
                0x0800a664       0x80 Src\vl53l0x\vl53l0x_i2c_platform.o
                0x0800a664                VL53L0X_read_dword
 .text.VL53L0X_write_word
                0x0800a6e4       0x54 Src\vl53l0x\vl53l0x_i2c_platform.o
                0x0800a6e4                VL53L0X_write_word
 .text.VL53L0X_read_word
                0x0800a738       0x78 Src\vl53l0x\vl53l0x_i2c_platform.o
                0x0800a738                VL53L0X_read_word
 .text.VL53L0X_read_multi
                0x0800a7b0       0x60 Src\vl53l0x\vl53l0x_i2c_platform.o
                0x0800a7b0                VL53L0X_read_multi
 .text.VL53L0X_write_multi
                0x0800a810       0x50 Src\vl53l0x\vl53l0x_i2c_platform.o
                0x0800a810                VL53L0X_write_multi
 .text.VL53L0X_WriteMulti
                0x0800a860       0x56 Src\vl53l0x\vl53l0x_platform.o
                0x0800a860                VL53L0X_WriteMulti
 .text.VL53L0X_ReadMulti
                0x0800a8b6       0x52 Src\vl53l0x\vl53l0x_platform.o
                0x0800a8b6                VL53L0X_ReadMulti
 .text.VL53L0X_WrByte
                0x0800a908       0x44 Src\vl53l0x\vl53l0x_platform.o
                0x0800a908                VL53L0X_WrByte
 .text.VL53L0X_WrWord
                0x0800a94c       0x44 Src\vl53l0x\vl53l0x_platform.o
                0x0800a94c                VL53L0X_WrWord
 .text.VL53L0X_WrDWord
                0x0800a990       0x34 Src\vl53l0x\vl53l0x_platform.o
                0x0800a990                VL53L0X_WrDWord
 .text.VL53L0X_UpdateByte
                0x0800a9c4       0x84 Src\vl53l0x\vl53l0x_platform.o
                0x0800a9c4                VL53L0X_UpdateByte
 .text.VL53L0X_RdByte
                0x0800aa48       0x42 Src\vl53l0x\vl53l0x_platform.o
                0x0800aa48                VL53L0X_RdByte
 .text.VL53L0X_RdWord
                0x0800aa8a       0x42 Src\vl53l0x\vl53l0x_platform.o
                0x0800aa8a                VL53L0X_RdWord
 .text.VL53L0X_RdDWord
                0x0800aacc       0x42 Src\vl53l0x\vl53l0x_platform.o
                0x0800aacc                VL53L0X_RdDWord
 *fill*         0x0800ab0e        0x2 
 .text.VL53L0X_PollingDelay
                0x0800ab10       0x34 Src\vl53l0x\vl53l0x_platform.o
                0x0800ab10                VL53L0X_PollingDelay
 .text.VL53L1_DataInit
                0x0800ab44       0xaa Src\vl53l1x\vl53l1_api.o
                0x0800ab44                VL53L1_DataInit
 .text.VL53L1_StaticInit
                0x0800abee       0x4e Src\vl53l1x\vl53l1_api.o
                0x0800abee                VL53L1_StaticInit
 .text.VL53L1_WaitDeviceBooted
                0x0800ac3c       0x26 Src\vl53l1x\vl53l1_api.o
                0x0800ac3c                VL53L1_WaitDeviceBooted
 *fill*         0x0800ac62        0x2 
 .text.ComputeDevicePresetMode
                0x0800ac64       0xd4 Src\vl53l1x\vl53l1_api.o
 .text.SetPresetMode
                0x0800ad38       0xce Src\vl53l1x\vl53l1_api.o
 .text.VL53L1_SetPresetMode
                0x0800ae06       0x90 Src\vl53l1x\vl53l1_api.o
                0x0800ae06                VL53L1_SetPresetMode
 .text.VL53L1_SetDistanceMode
                0x0800ae96      0x10c Src\vl53l1x\vl53l1_api.o
                0x0800ae96                VL53L1_SetDistanceMode
 *fill*         0x0800afa2        0x2 
 .text.VL53L1_SetMeasurementTimingBudgetMicroSeconds
                0x0800afa4      0x1a8 Src\vl53l1x\vl53l1_api.o
                0x0800afa4                VL53L1_SetMeasurementTimingBudgetMicroSeconds
 .text.VL53L1_GetMeasurementTimingBudgetMicroSeconds
                0x0800b14c      0x152 Src\vl53l1x\vl53l1_api.o
                0x0800b14c                VL53L1_GetMeasurementTimingBudgetMicroSeconds
 *fill*         0x0800b29e        0x2 
 .text.VL53L1_SetInterMeasurementPeriodMilliSeconds
                0x0800b2a0       0x40 Src\vl53l1x\vl53l1_api.o
                0x0800b2a0                VL53L1_SetInterMeasurementPeriodMilliSeconds
 .text.VL53L1_GetInterMeasurementPeriodMilliSeconds
                0x0800b2e0       0x48 Src\vl53l1x\vl53l1_api.o
                0x0800b2e0                VL53L1_GetInterMeasurementPeriodMilliSeconds
 .text.SetLimitValue
                0x0800b328       0x52 Src\vl53l1x\vl53l1_api.o
 .text.VL53L1_SetLimitCheckEnable
                0x0800b37a       0x7c Src\vl53l1x\vl53l1_api.o
                0x0800b37a                VL53L1_SetLimitCheckEnable
 .text.VL53L1_GetLimitCheckEnable
                0x0800b3f6       0x46 Src\vl53l1x\vl53l1_api.o
                0x0800b3f6                VL53L1_GetLimitCheckEnable
 .text.VL53L1_SetLimitCheckValue
                0x0800b43c       0x72 Src\vl53l1x\vl53l1_api.o
                0x0800b43c                VL53L1_SetLimitCheckValue
 .text.VL53L1_GetLimitCheckValue
                0x0800b4ae       0xae Src\vl53l1x\vl53l1_api.o
                0x0800b4ae                VL53L1_GetLimitCheckValue
 .text.VL53L1_GetSequenceStepEnable
                0x0800b55c       0x2e Src\vl53l1x\vl53l1_api.o
                0x0800b55c                VL53L1_GetSequenceStepEnable
 *fill*         0x0800b58a        0x2 
 .text.VL53L1_StartMeasurement
                0x0800b58c       0xc8 Src\vl53l1x\vl53l1_api.o
                0x0800b58c                VL53L1_StartMeasurement
 .text.ChangePresetMode
                0x0800b654      0x124 Src\vl53l1x\vl53l1_api.o
 .text.VL53L1_ClearInterruptAndStartMeasurement
                0x0800b778       0x50 Src\vl53l1x\vl53l1_api.o
                0x0800b778                VL53L1_ClearInterruptAndStartMeasurement
 .text.VL53L1_WaitMeasurementDataReady
                0x0800b7c8       0x26 Src\vl53l1x\vl53l1_api.o
                0x0800b7c8                VL53L1_WaitMeasurementDataReady
 *fill*         0x0800b7ee        0x2 
 .text.ComputeRQL
                0x0800b7f0       0xf4 Src\vl53l1x\vl53l1_api.o
 .text.ConvertStatusLite
                0x0800b8e4       0xa0 Src\vl53l1x\vl53l1_api.o
 .text.SetSimpleData
                0x0800b984      0x1f8 Src\vl53l1x\vl53l1_api.o
 .text.VL53L1_GetRangingMeasurementData
                0x0800bb7c       0x78 Src\vl53l1x\vl53l1_api.o
                0x0800bb7c                VL53L1_GetRangingMeasurementData
 .text.VL53L1_data_init
                0x0800bbf4      0x13a Src\vl53l1x\vl53l1_api_core.o
                0x0800bbf4                VL53L1_data_init
 .text.VL53L1_read_p2p_data
                0x0800bd2e      0x100 Src\vl53l1x\vl53l1_api_core.o
                0x0800bd2e                VL53L1_read_p2p_data
 .text.VL53L1_set_inter_measurement_period_ms
                0x0800be2e       0x52 Src\vl53l1x\vl53l1_api_core.o
                0x0800be2e                VL53L1_set_inter_measurement_period_ms
 .text.VL53L1_get_inter_measurement_period_ms
                0x0800be80       0x4c Src\vl53l1x\vl53l1_api_core.o
                0x0800be80                VL53L1_get_inter_measurement_period_ms
 .text.VL53L1_set_timeouts_us
                0x0800becc       0x70 Src\vl53l1x\vl53l1_api_core.o
                0x0800becc                VL53L1_set_timeouts_us
 .text.VL53L1_get_timeouts_us
                0x0800bf3c       0xd6 Src\vl53l1x\vl53l1_api_core.o
                0x0800bf3c                VL53L1_get_timeouts_us
 .text.VL53L1_get_sequence_config_bit
                0x0800c012       0x6e Src\vl53l1x\vl53l1_api_core.o
                0x0800c012                VL53L1_get_sequence_config_bit
 .text.VL53L1_set_user_zone
                0x0800c080       0x46 Src\vl53l1x\vl53l1_api_core.o
                0x0800c080                VL53L1_set_user_zone
 .text.VL53L1_get_user_zone
                0x0800c0c6       0x44 Src\vl53l1x\vl53l1_api_core.o
                0x0800c0c6                VL53L1_get_user_zone
 .text.VL53L1_get_mode_mitigation_roi
                0x0800c10a       0x68 Src\vl53l1x\vl53l1_api_core.o
                0x0800c10a                VL53L1_get_mode_mitigation_roi
 *fill*         0x0800c172        0x2 
 .text.VL53L1_get_preset_mode_timing_cfg
                0x0800c174      0x154 Src\vl53l1x\vl53l1_api_core.o
                0x0800c174                VL53L1_get_preset_mode_timing_cfg
 .text.VL53L1_set_preset_mode
                0x0800c2c8      0x2ec Src\vl53l1x\vl53l1_api_core.o
                0x0800c2c8                VL53L1_set_preset_mode
 .text.VL53L1_get_lite_sigma_threshold
                0x0800c5b4       0x2c Src\vl53l1x\vl53l1_api_core.o
                0x0800c5b4                VL53L1_get_lite_sigma_threshold
 .text.VL53L1_set_lite_sigma_threshold
                0x0800c5e0       0x2c Src\vl53l1x\vl53l1_api_core.o
                0x0800c5e0                VL53L1_set_lite_sigma_threshold
 .text.VL53L1_get_lite_min_count_rate
                0x0800c60c       0x2c Src\vl53l1x\vl53l1_api_core.o
                0x0800c60c                VL53L1_get_lite_min_count_rate
 .text.VL53L1_set_lite_min_count_rate
                0x0800c638       0x2c Src\vl53l1x\vl53l1_api_core.o
                0x0800c638                VL53L1_set_lite_min_count_rate
 .text.VL53L1_set_vhv_loopbound
                0x0800c664       0x40 Src\vl53l1x\vl53l1_api_core.o
                0x0800c664                VL53L1_set_vhv_loopbound
 .text.VL53L1_init_and_start_range
                0x0800c6a4      0x454 Src\vl53l1x\vl53l1_api_core.o
                0x0800c6a4                VL53L1_init_and_start_range
 .text.VL53L1_stop_range
                0x0800caf8       0x74 Src\vl53l1x\vl53l1_api_core.o
                0x0800caf8                VL53L1_stop_range
 .text.VL53L1_get_measurement_results
                0x0800cb6c      0x14e Src\vl53l1x\vl53l1_api_core.o
                0x0800cb6c                VL53L1_get_measurement_results
 .text.VL53L1_get_device_results
                0x0800ccba       0xfc Src\vl53l1x\vl53l1_api_core.o
                0x0800ccba                VL53L1_get_device_results
 .text.VL53L1_clear_interrupt_and_enable_next_range
                0x0800cdb6       0x34 Src\vl53l1x\vl53l1_api_core.o
                0x0800cdb6                VL53L1_clear_interrupt_and_enable_next_range
 *fill*         0x0800cdea        0x2 
 .text.VL53L1_copy_sys_and_core_results_to_range_results
                0x0800cdec      0x25c Src\vl53l1x\vl53l1_api_core.o
                0x0800cdec                VL53L1_copy_sys_and_core_results_to_range_results
 .text.VL53L1_get_tuning_parm
                0x0800d048      0x448 Src\vl53l1x\vl53l1_api_core.o
                0x0800d048                VL53L1_get_tuning_parm
 .text.VL53L1_init_refspadchar_config_struct
                0x0800d490       0x48 Src\vl53l1x\vl53l1_api_preset_modes.o
                0x0800d490                VL53L1_init_refspadchar_config_struct
 .text.VL53L1_init_ssc_config_struct
                0x0800d4d8       0x42 Src\vl53l1x\vl53l1_api_preset_modes.o
                0x0800d4d8                VL53L1_init_ssc_config_struct
 .text.VL53L1_init_xtalk_config_struct
                0x0800d51a       0xc4 Src\vl53l1x\vl53l1_api_preset_modes.o
                0x0800d51a                VL53L1_init_xtalk_config_struct
 .text.VL53L1_init_offset_cal_config_struct
                0x0800d5de       0x4e Src\vl53l1x\vl53l1_api_preset_modes.o
                0x0800d5de                VL53L1_init_offset_cal_config_struct
 .text.VL53L1_init_tuning_parm_storage_struct
                0x0800d62c      0x11c Src\vl53l1x\vl53l1_api_preset_modes.o
                0x0800d62c                VL53L1_init_tuning_parm_storage_struct
 .text.VL53L1_preset_mode_standard_ranging
                0x0800d748      0x23c Src\vl53l1x\vl53l1_api_preset_modes.o
                0x0800d748                VL53L1_preset_mode_standard_ranging
 .text.VL53L1_preset_mode_standard_ranging_short_range
                0x0800d984       0x82 Src\vl53l1x\vl53l1_api_preset_modes.o
                0x0800d984                VL53L1_preset_mode_standard_ranging_short_range
 .text.VL53L1_preset_mode_standard_ranging_long_range
                0x0800da06       0x82 Src\vl53l1x\vl53l1_api_preset_modes.o
                0x0800da06                VL53L1_preset_mode_standard_ranging_long_range
 .text.VL53L1_preset_mode_standard_ranging_mm1_cal
                0x0800da88       0x4a Src\vl53l1x\vl53l1_api_preset_modes.o
                0x0800da88                VL53L1_preset_mode_standard_ranging_mm1_cal
 .text.VL53L1_preset_mode_standard_ranging_mm2_cal
                0x0800dad2       0x4a Src\vl53l1x\vl53l1_api_preset_modes.o
                0x0800dad2                VL53L1_preset_mode_standard_ranging_mm2_cal
 .text.VL53L1_preset_mode_timed_ranging
                0x0800db1c       0x74 Src\vl53l1x\vl53l1_api_preset_modes.o
                0x0800db1c                VL53L1_preset_mode_timed_ranging
 .text.VL53L1_preset_mode_timed_ranging_short_range
                0x0800db90       0x74 Src\vl53l1x\vl53l1_api_preset_modes.o
                0x0800db90                VL53L1_preset_mode_timed_ranging_short_range
 .text.VL53L1_preset_mode_timed_ranging_long_range
                0x0800dc04       0x74 Src\vl53l1x\vl53l1_api_preset_modes.o
                0x0800dc04                VL53L1_preset_mode_timed_ranging_long_range
 .text.VL53L1_preset_mode_low_power_auto_ranging
                0x0800dc78       0x4c Src\vl53l1x\vl53l1_api_preset_modes.o
                0x0800dc78                VL53L1_preset_mode_low_power_auto_ranging
 .text.VL53L1_preset_mode_low_power_auto_short_ranging
                0x0800dcc4       0x4c Src\vl53l1x\vl53l1_api_preset_modes.o
                0x0800dcc4                VL53L1_preset_mode_low_power_auto_short_ranging
 .text.VL53L1_preset_mode_low_power_auto_long_ranging
                0x0800dd10       0x4c Src\vl53l1x\vl53l1_api_preset_modes.o
                0x0800dd10                VL53L1_preset_mode_low_power_auto_long_ranging
 .text.VL53L1_preset_mode_singleshot_ranging
                0x0800dd5c       0x6c Src\vl53l1x\vl53l1_api_preset_modes.o
                0x0800dd5c                VL53L1_preset_mode_singleshot_ranging
 .text.VL53L1_preset_mode_olt
                0x0800ddc8       0x44 Src\vl53l1x\vl53l1_api_preset_modes.o
                0x0800ddc8                VL53L1_preset_mode_olt
 .text.VL53L1_init_version
                0x0800de0c       0x38 Src\vl53l1x\vl53l1_core.o
                0x0800de0c                VL53L1_init_version
 .text.VL53L1_init_ll_driver_state
                0x0800de44       0x52 Src\vl53l1x\vl53l1_core.o
                0x0800de44                VL53L1_init_ll_driver_state
 *fill*         0x0800de96        0x2 
 .text.VL53L1_update_ll_driver_rd_state
                0x0800de98      0x110 Src\vl53l1x\vl53l1_core.o
                0x0800de98                VL53L1_update_ll_driver_rd_state
 .text.VL53L1_check_ll_driver_rd_state
                0x0800dfa8       0x96 Src\vl53l1x\vl53l1_core.o
                0x0800dfa8                VL53L1_check_ll_driver_rd_state
 .text.VL53L1_update_ll_driver_cfg_state
                0x0800e03e       0xcc Src\vl53l1x\vl53l1_core.o
                0x0800e03e                VL53L1_update_ll_driver_cfg_state
 .text.VL53L1_copy_rtn_good_spads_to_buffer
                0x0800e10a      0x174 Src\vl53l1x\vl53l1_core.o
                0x0800e10a                VL53L1_copy_rtn_good_spads_to_buffer
 .text.VL53L1_i2c_encode_uint16_t
                0x0800e27e       0x54 Src\vl53l1x\vl53l1_core.o
                0x0800e27e                VL53L1_i2c_encode_uint16_t
 .text.VL53L1_i2c_decode_uint16_t
                0x0800e2d2       0x40 Src\vl53l1x\vl53l1_core.o
                0x0800e2d2                VL53L1_i2c_decode_uint16_t
 .text.VL53L1_i2c_encode_int16_t
                0x0800e312       0x56 Src\vl53l1x\vl53l1_core.o
                0x0800e312                VL53L1_i2c_encode_int16_t
 .text.VL53L1_i2c_decode_int16_t
                0x0800e368       0x52 Src\vl53l1x\vl53l1_core.o
                0x0800e368                VL53L1_i2c_decode_int16_t
 .text.VL53L1_i2c_encode_uint32_t
                0x0800e3ba       0x52 Src\vl53l1x\vl53l1_core.o
                0x0800e3ba                VL53L1_i2c_encode_uint32_t
 .text.VL53L1_i2c_decode_uint32_t
                0x0800e40c       0x3a Src\vl53l1x\vl53l1_core.o
                0x0800e40c                VL53L1_i2c_decode_uint32_t
 .text.VL53L1_i2c_decode_int32_t
                0x0800e446       0x4a Src\vl53l1x\vl53l1_core.o
                0x0800e446                VL53L1_i2c_decode_int32_t
 .text.VL53L1_calc_macro_period_us
                0x0800e490       0x5e Src\vl53l1x\vl53l1_core.o
                0x0800e490                VL53L1_calc_macro_period_us
 *fill*         0x0800e4ee        0x2 
 .text.VL53L1_calc_range_ignore_threshold
                0x0800e4f0       0xc4 Src\vl53l1x\vl53l1_core.o
                0x0800e4f0                VL53L1_calc_range_ignore_threshold
 .text.VL53L1_calc_timeout_mclks
                0x0800e5b4       0x2e Src\vl53l1x\vl53l1_core.o
                0x0800e5b4                VL53L1_calc_timeout_mclks
 .text.VL53L1_calc_encoded_timeout
                0x0800e5e2       0x30 Src\vl53l1x\vl53l1_core.o
                0x0800e5e2                VL53L1_calc_encoded_timeout
 .text.VL53L1_calc_timeout_us
                0x0800e612       0x72 Src\vl53l1x\vl53l1_core.o
                0x0800e612                VL53L1_calc_timeout_us
 .text.VL53L1_calc_decoded_timeout_us
                0x0800e684       0x32 Src\vl53l1x\vl53l1_core.o
                0x0800e684                VL53L1_calc_decoded_timeout_us
 .text.VL53L1_encode_timeout
                0x0800e6b6       0x58 Src\vl53l1x\vl53l1_core.o
                0x0800e6b6                VL53L1_encode_timeout
 .text.VL53L1_decode_timeout
                0x0800e70e       0x2c Src\vl53l1x\vl53l1_core.o
                0x0800e70e                VL53L1_decode_timeout
 .text.VL53L1_calc_timeout_register_values
                0x0800e73a       0xf2 Src\vl53l1x\vl53l1_core.o
                0x0800e73a                VL53L1_calc_timeout_register_values
 .text.VL53L1_encode_row_col
                0x0800e82c       0x4e Src\vl53l1x\vl53l1_core.o
                0x0800e82c                VL53L1_encode_row_col
 .text.VL53L1_decode_zone_size
                0x0800e87a       0x30 Src\vl53l1x\vl53l1_core.o
                0x0800e87a                VL53L1_decode_zone_size
 .text.VL53L1_encode_zone_size
                0x0800e8aa       0x2c Src\vl53l1x\vl53l1_core.o
                0x0800e8aa                VL53L1_encode_zone_size
 .text.VL53L1_low_power_auto_data_init
                0x0800e8d6       0x68 Src\vl53l1x\vl53l1_core.o
                0x0800e8d6                VL53L1_low_power_auto_data_init
 .text.VL53L1_low_power_auto_data_stop_range
                0x0800e93e       0x74 Src\vl53l1x\vl53l1_core.o
                0x0800e93e                VL53L1_low_power_auto_data_stop_range
 .text.VL53L1_config_low_power_auto_mode
                0x0800e9b2       0x40 Src\vl53l1x\vl53l1_core.o
                0x0800e9b2                VL53L1_config_low_power_auto_mode
 .text.VL53L1_low_power_auto_setup_manual_calibration
                0x0800e9f2       0x8a Src\vl53l1x\vl53l1_core.o
                0x0800e9f2                VL53L1_low_power_auto_setup_manual_calibration
 .text.VL53L1_low_power_auto_update_DSS
                0x0800ea7c       0xee Src\vl53l1x\vl53l1_core.o
                0x0800ea7c                VL53L1_low_power_auto_update_DSS
 .text.VL53L1_calc_pll_period_us
                0x0800eb6a       0x28 Src\vl53l1x\vl53l1_core_support.o
                0x0800eb6a                VL53L1_calc_pll_period_us
 .text.VL53L1_decode_vcsel_period
                0x0800eb92       0x26 Src\vl53l1x\vl53l1_core_support.o
                0x0800eb92                VL53L1_decode_vcsel_period
 .text.VL53L1_decode_row_col
                0x0800ebb8       0x5e Src\vl53l1x\vl53l1_core_support.o
                0x0800ebb8                VL53L1_decode_row_col
 .text._I2CWrite
                0x0800ec16       0x3e Src\vl53l1x\vl53l1_platform.o
                0x0800ec16                _I2CWrite
 .text._I2CRead
                0x0800ec54       0x44 Src\vl53l1x\vl53l1_platform.o
                0x0800ec54                _I2CRead
 .text.VL53L1_WriteMulti
                0x0800ec98       0x6c Src\vl53l1x\vl53l1_platform.o
                0x0800ec98                VL53L1_WriteMulti
 .text.VL53L1_ReadMulti
                0x0800ed04       0x68 Src\vl53l1x\vl53l1_platform.o
                0x0800ed04                VL53L1_ReadMulti
 .text.VL53L1_RdByte
                0x0800ed6c       0x64 Src\vl53l1x\vl53l1_platform.o
                0x0800ed6c                VL53L1_RdByte
 .text.VL53L1_RdWord
                0x0800edd0       0x80 Src\vl53l1x\vl53l1_platform.o
                0x0800edd0                VL53L1_RdWord
 .text.VL53L1_GetTickCount
                0x0800ee50       0x22 Src\vl53l1x\vl53l1_platform.o
                0x0800ee50                VL53L1_GetTickCount
 .text.VL53L1_WaitMs
                0x0800ee72       0x1c Src\vl53l1x\vl53l1_platform.o
                0x0800ee72                VL53L1_WaitMs
 *fill*         0x0800ee8e        0x2 
 .text.VL53L1_WaitUs
                0x0800ee90       0x2c Src\vl53l1x\vl53l1_platform.o
                0x0800ee90                VL53L1_WaitUs
 .text.VL53L1_WaitValueMaskEx
                0x0800eebc      0x128 Src\vl53l1x\vl53l1_platform.o
                0x0800eebc                VL53L1_WaitValueMaskEx
 .text.VL53L1_i2c_encode_static_nvm_managed
                0x0800efe4       0xb6 Src\vl53l1x\vl53l1_register_funcs.o
                0x0800efe4                VL53L1_i2c_encode_static_nvm_managed
 .text.VL53L1_i2c_decode_static_nvm_managed
                0x0800f09a       0xb4 Src\vl53l1x\vl53l1_register_funcs.o
                0x0800f09a                VL53L1_i2c_decode_static_nvm_managed
 .text.VL53L1_get_static_nvm_managed
                0x0800f14e       0x4e Src\vl53l1x\vl53l1_register_funcs.o
                0x0800f14e                VL53L1_get_static_nvm_managed
 .text.VL53L1_i2c_encode_customer_nvm_managed
                0x0800f19c      0x114 Src\vl53l1x\vl53l1_register_funcs.o
                0x0800f19c                VL53L1_i2c_encode_customer_nvm_managed
 .text.VL53L1_i2c_decode_customer_nvm_managed
                0x0800f2b0      0x11a Src\vl53l1x\vl53l1_register_funcs.o
                0x0800f2b0                VL53L1_i2c_decode_customer_nvm_managed
 .text.VL53L1_get_customer_nvm_managed
                0x0800f3ca       0x4e Src\vl53l1x\vl53l1_register_funcs.o
                0x0800f3ca                VL53L1_get_customer_nvm_managed
 .text.VL53L1_i2c_encode_static_config
                0x0800f418      0x1c6 Src\vl53l1x\vl53l1_register_funcs.o
                0x0800f418                VL53L1_i2c_encode_static_config
 .text.VL53L1_i2c_encode_general_config
                0x0800f5de      0x108 Src\vl53l1x\vl53l1_register_funcs.o
                0x0800f5de                VL53L1_i2c_encode_general_config
 .text.VL53L1_i2c_encode_timing_config
                0x0800f6e6      0x104 Src\vl53l1x\vl53l1_register_funcs.o
                0x0800f6e6                VL53L1_i2c_encode_timing_config
 .text.VL53L1_i2c_encode_dynamic_config
                0x0800f7ea      0x10a Src\vl53l1x\vl53l1_register_funcs.o
                0x0800f7ea                VL53L1_i2c_encode_dynamic_config
 .text.VL53L1_i2c_encode_system_control
                0x0800f8f4       0x76 Src\vl53l1x\vl53l1_register_funcs.o
                0x0800f8f4                VL53L1_i2c_encode_system_control
 .text.VL53L1_set_system_control
                0x0800f96a       0x4e Src\vl53l1x\vl53l1_register_funcs.o
                0x0800f96a                VL53L1_set_system_control
 .text.VL53L1_i2c_decode_system_results
                0x0800f9b8      0x1ec Src\vl53l1x\vl53l1_register_funcs.o
                0x0800f9b8                VL53L1_i2c_decode_system_results
 .text.VL53L1_i2c_decode_core_results
                0x0800fba4       0xc2 Src\vl53l1x\vl53l1_register_funcs.o
                0x0800fba4                VL53L1_i2c_decode_core_results
 .text.VL53L1_i2c_decode_debug_results
                0x0800fc66      0x2e4 Src\vl53l1x\vl53l1_register_funcs.o
                0x0800fc66                VL53L1_i2c_decode_debug_results
 .text.VL53L1_i2c_decode_nvm_copy_data
                0x0800ff4a      0x24c Src\vl53l1x\vl53l1_register_funcs.o
                0x0800ff4a                VL53L1_i2c_decode_nvm_copy_data
 .text.VL53L1_get_nvm_copy_data
                0x08010196       0x56 Src\vl53l1x\vl53l1_register_funcs.o
                0x08010196                VL53L1_get_nvm_copy_data
 .text.VL53L1_poll_for_boot_completion
                0x080101ec       0x58 Src\vl53l1x\vl53l1_wait.o
                0x080101ec                VL53L1_poll_for_boot_completion
 .text.VL53L1_poll_for_range_completion
                0x08010244       0x5c Src\vl53l1x\vl53l1_wait.o
                0x08010244                VL53L1_poll_for_range_completion
 .text.Reset_Handler
                0x080102a0       0x50 startup\startup_stm32f401xe.o
                0x080102a0                Reset_Handler
 .text.Default_Handler
                0x080102f0        0x2 startup\startup_stm32f401xe.o
                0x080102f0                RTC_Alarm_IRQHandler
                0x080102f0                EXTI2_IRQHandler
                0x080102f0                SPI4_IRQHandler
                0x080102f0                TIM1_CC_IRQHandler
                0x080102f0                DMA2_Stream5_IRQHandler
                0x080102f0                DMA1_Stream5_IRQHandler
                0x080102f0                PVD_IRQHandler
                0x080102f0                SDIO_IRQHandler
                0x080102f0                TAMP_STAMP_IRQHandler
                0x080102f0                EXTI3_IRQHandler
                0x080102f0                TIM1_UP_TIM10_IRQHandler
                0x080102f0                I2C3_ER_IRQHandler
                0x080102f0                EXTI0_IRQHandler
                0x080102f0                I2C2_EV_IRQHandler
                0x080102f0                DMA1_Stream2_IRQHandler
                0x080102f0                FPU_IRQHandler
                0x080102f0                DMA2_Stream2_IRQHandler
                0x080102f0                SPI1_IRQHandler
                0x080102f0                TIM1_BRK_TIM9_IRQHandler
                0x080102f0                DMA2_Stream3_IRQHandler
                0x080102f0                TIM4_IRQHandler
                0x080102f0                I2C1_EV_IRQHandler
                0x080102f0                DMA1_Stream6_IRQHandler
                0x080102f0                DMA1_Stream1_IRQHandler
                0x080102f0                TIM3_IRQHandler
                0x080102f0                RCC_IRQHandler
                0x080102f0                Default_Handler
                0x080102f0                EXTI15_10_IRQHandler
                0x080102f0                ADC_IRQHandler
                0x080102f0                DMA1_Stream7_IRQHandler
                0x080102f0                TIM5_IRQHandler
                0x080102f0                DMA2_Stream7_IRQHandler
                0x080102f0                I2C3_EV_IRQHandler
                0x080102f0                RTC_WKUP_IRQHandler
                0x080102f0                SPI2_IRQHandler
                0x080102f0                DMA1_Stream0_IRQHandler
                0x080102f0                WWDG_IRQHandler
                0x080102f0                TIM2_IRQHandler
                0x080102f0                OTG_FS_WKUP_IRQHandler
                0x080102f0                TIM1_TRG_COM_TIM11_IRQHandler
                0x080102f0                EXTI1_IRQHandler
                0x080102f0                I2C2_ER_IRQHandler
                0x080102f0                FLASH_IRQHandler
                0x080102f0                DMA2_Stream4_IRQHandler
                0x080102f0                USART1_IRQHandler
                0x080102f0                OTG_FS_IRQHandler
                0x080102f0                SPI3_IRQHandler
                0x080102f0                DMA1_Stream4_IRQHandler
                0x080102f0                I2C1_ER_IRQHandler
                0x080102f0                DMA1_Stream3_IRQHandler
 *fill*         0x080102f2        0x2 
 .text.__sflush_r
                0x080102f4      0x110 c:/program files (x86)/atollic/truestudio for stm32 9.0.1/armtools/bin/../lib/gcc/arm-atollic-eabi/6.3.1/../../../../arm-atollic-eabi/lib/armv7e-m/fpu\libc_nano.a(lib_a-fflush.o)
                0x080102f4                __sflush_r
 .text._fflush_r
                0x08010404       0x54 c:/program files (x86)/atollic/truestudio for stm32 9.0.1/armtools/bin/../lib/gcc/arm-atollic-eabi/6.3.1/../../../../arm-atollic-eabi/lib/armv7e-m/fpu\libc_nano.a(lib_a-fflush.o)
                0x08010404                _fflush_r
 .text._cleanup_r
                0x08010458        0xc c:/program files (x86)/atollic/truestudio for stm32 9.0.1/armtools/bin/../lib/gcc/arm-atollic-eabi/6.3.1/../../../../arm-atollic-eabi/lib/armv7e-m/fpu\libc_nano.a(lib_a-findfp.o)
                0x08010458                _cleanup_r
 .text.std.isra.0
                0x08010464       0x48 c:/program files (x86)/atollic/truestudio for stm32 9.0.1/armtools/bin/../lib/gcc/arm-atollic-eabi/6.3.1/../../../../arm-atollic-eabi/lib/armv7e-m/fpu\libc_nano.a(lib_a-findfp.o)
 .text.__sfmoreglue
                0x080104ac       0x2c c:/program files (x86)/atollic/truestudio for stm32 9.0.1/armtools/bin/../lib/gcc/arm-atollic-eabi/6.3.1/../../../../arm-atollic-eabi/lib/armv7e-m/fpu\libc_nano.a(lib_a-findfp.o)
                0x080104ac                __sfmoreglue
 .text.__sinit  0x080104d8       0x60 c:/program files (x86)/atollic/truestudio for stm32 9.0.1/armtools/bin/../lib/gcc/arm-atollic-eabi/6.3.1/../../../../arm-atollic-eabi/lib/armv7e-m/fpu\libc_nano.a(lib_a-findfp.o)
                0x080104d8                __sinit
 .text.__sfp    0x08010538       0x78 c:/program files (x86)/atollic/truestudio for stm32 9.0.1/armtools/bin/../lib/gcc/arm-atollic-eabi/6.3.1/../../../../arm-atollic-eabi/lib/armv7e-m/fpu\libc_nano.a(lib_a-findfp.o)
                0x08010538                __sfp
 .text._fwalk_reent
                0x080105b0       0x3c c:/program files (x86)/atollic/truestudio for stm32 9.0.1/armtools/bin/../lib/gcc/arm-atollic-eabi/6.3.1/../../../../arm-atollic-eabi/lib/armv7e-m/fpu\libc_nano.a(lib_a-fwalk.o)
                0x080105b0                _fwalk_reent
 .text.__libc_init_array
                0x080105ec       0x48 c:/program files (x86)/atollic/truestudio for stm32 9.0.1/armtools/bin/../lib/gcc/arm-atollic-eabi/6.3.1/../../../../arm-atollic-eabi/lib/armv7e-m/fpu\libc_nano.a(lib_a-init.o)
                0x080105ec                __libc_init_array
 .text.__swhatbuf_r
                0x08010634       0x48 c:/program files (x86)/atollic/truestudio for stm32 9.0.1/armtools/bin/../lib/gcc/arm-atollic-eabi/6.3.1/../../../../arm-atollic-eabi/lib/armv7e-m/fpu\libc_nano.a(lib_a-makebuf.o)
                0x08010634                __swhatbuf_r
 .text.__smakebuf_r
                0x0801067c       0x80 c:/program files (x86)/atollic/truestudio for stm32 9.0.1/armtools/bin/../lib/gcc/arm-atollic-eabi/6.3.1/../../../../arm-atollic-eabi/lib/armv7e-m/fpu\libc_nano.a(lib_a-makebuf.o)
                0x0801067c                __smakebuf_r
 .text.malloc   0x080106fc       0x10 c:/program files (x86)/atollic/truestudio for stm32 9.0.1/armtools/bin/../lib/gcc/arm-atollic-eabi/6.3.1/../../../../arm-atollic-eabi/lib/armv7e-m/fpu\libc_nano.a(lib_a-malloc.o)
                0x080106fc                malloc
 .text.memcpy   0x0801070c       0x16 c:/program files (x86)/atollic/truestudio for stm32 9.0.1/armtools/bin/../lib/gcc/arm-atollic-eabi/6.3.1/../../../../arm-atollic-eabi/lib/armv7e-m/fpu\libc_nano.a(lib_a-memcpy-stub.o)
                0x0801070c                memcpy
 .text.memset   0x08010722       0x10 c:/program files (x86)/atollic/truestudio for stm32 9.0.1/armtools/bin/../lib/gcc/arm-atollic-eabi/6.3.1/../../../../arm-atollic-eabi/lib/armv7e-m/fpu\libc_nano.a(lib_a-memset.o)
                0x08010722                memset
 *fill*         0x08010732        0x2 
 .text._free_r  0x08010734       0x9c c:/program files (x86)/atollic/truestudio for stm32 9.0.1/armtools/bin/../lib/gcc/arm-atollic-eabi/6.3.1/../../../../arm-atollic-eabi/lib/armv7e-m/fpu\libc_nano.a(lib_a-nano-freer.o)
                0x08010734                _free_r
 .text._malloc_r
                0x080107d0       0xbc c:/program files (x86)/atollic/truestudio for stm32 9.0.1/armtools/bin/../lib/gcc/arm-atollic-eabi/6.3.1/../../../../arm-atollic-eabi/lib/armv7e-m/fpu\libc_nano.a(lib_a-nano-mallocr.o)
                0x080107d0                _malloc_r
 .text._printf_common
                0x0801088c       0xec c:/program files (x86)/atollic/truestudio for stm32 9.0.1/armtools/bin/../lib/gcc/arm-atollic-eabi/6.3.1/../../../../arm-atollic-eabi/lib/armv7e-m/fpu\libc_nano.a(lib_a-nano-vfprintf_i.o)
                0x0801088c                _printf_common
 .text._printf_i
                0x08010978      0x240 c:/program files (x86)/atollic/truestudio for stm32 9.0.1/armtools/bin/../lib/gcc/arm-atollic-eabi/6.3.1/../../../../arm-atollic-eabi/lib/armv7e-m/fpu\libc_nano.a(lib_a-nano-vfprintf_i.o)
                0x08010978                _printf_i
 .text._puts_r  0x08010bb8       0xb8 c:/program files (x86)/atollic/truestudio for stm32 9.0.1/armtools/bin/../lib/gcc/arm-atollic-eabi/6.3.1/../../../../arm-atollic-eabi/lib/armv7e-m/fpu\libc_nano.a(lib_a-puts.o)
                0x08010bb8                _puts_r
 .text.puts     0x08010c70       0x10 c:/program files (x86)/atollic/truestudio for stm32 9.0.1/armtools/bin/../lib/gcc/arm-atollic-eabi/6.3.1/../../../../arm-atollic-eabi/lib/armv7e-m/fpu\libc_nano.a(lib_a-puts.o)
                0x08010c70                puts
 .text._sbrk_r  0x08010c80       0x20 c:/program files (x86)/atollic/truestudio for stm32 9.0.1/armtools/bin/../lib/gcc/arm-atollic-eabi/6.3.1/../../../../arm-atollic-eabi/lib/armv7e-m/fpu\libc_nano.a(lib_a-sbrkr.o)
                0x08010c80                _sbrk_r
 .text.sprintf  0x08010ca0       0x48 c:/program files (x86)/atollic/truestudio for stm32 9.0.1/armtools/bin/../lib/gcc/arm-atollic-eabi/6.3.1/../../../../arm-atollic-eabi/lib/armv7e-m/fpu\libc_nano.a(lib_a-sprintf.o)
                0x08010ca0                siprintf
                0x08010ca0                sprintf
 .text.__sread  0x08010ce8       0x22 c:/program files (x86)/atollic/truestudio for stm32 9.0.1/armtools/bin/../lib/gcc/arm-atollic-eabi/6.3.1/../../../../arm-atollic-eabi/lib/armv7e-m/fpu\libc_nano.a(lib_a-stdio.o)
                0x08010ce8                __sread
 .text.__swrite
                0x08010d0a       0x38 c:/program files (x86)/atollic/truestudio for stm32 9.0.1/armtools/bin/../lib/gcc/arm-atollic-eabi/6.3.1/../../../../arm-atollic-eabi/lib/armv7e-m/fpu\libc_nano.a(lib_a-stdio.o)
                0x08010d0a                __swrite
 .text.__sseek  0x08010d42       0x24 c:/program files (x86)/atollic/truestudio for stm32 9.0.1/armtools/bin/../lib/gcc/arm-atollic-eabi/6.3.1/../../../../arm-atollic-eabi/lib/armv7e-m/fpu\libc_nano.a(lib_a-stdio.o)
                0x08010d42                __sseek
 .text.__sclose
                0x08010d66        0x8 c:/program files (x86)/atollic/truestudio for stm32 9.0.1/armtools/bin/../lib/gcc/arm-atollic-eabi/6.3.1/../../../../arm-atollic-eabi/lib/armv7e-m/fpu\libc_nano.a(lib_a-stdio.o)
                0x08010d66                __sclose
 .text.strcpy   0x08010d6e       0x10 c:/program files (x86)/atollic/truestudio for stm32 9.0.1/armtools/bin/../lib/gcc/arm-atollic-eabi/6.3.1/../../../../arm-atollic-eabi/lib/armv7e-m/fpu\libc_nano.a(lib_a-strcpy.o)
                0x08010d6e                strcpy
 .text.strncpy  0x08010d7e       0x2a c:/program files (x86)/atollic/truestudio for stm32 9.0.1/armtools/bin/../lib/gcc/arm-atollic-eabi/6.3.1/../../../../arm-atollic-eabi/lib/armv7e-m/fpu\libc_nano.a(lib_a-strncpy.o)
                0x08010d7e                strncpy
 .text.__swbuf_r
                0x08010da8       0xa4 c:/program files (x86)/atollic/truestudio for stm32 9.0.1/armtools/bin/../lib/gcc/arm-atollic-eabi/6.3.1/../../../../arm-atollic-eabi/lib/armv7e-m/fpu\libc_nano.a(lib_a-wbuf.o)
                0x08010da8                __swbuf_r
 .text._write_r
                0x08010e4c       0x24 c:/program files (x86)/atollic/truestudio for stm32 9.0.1/armtools/bin/../lib/gcc/arm-atollic-eabi/6.3.1/../../../../arm-atollic-eabi/lib/armv7e-m/fpu\libc_nano.a(lib_a-writer.o)
                0x08010e4c                _write_r
 .text.__swsetup_r
                0x08010e70       0xdc c:/program files (x86)/atollic/truestudio for stm32 9.0.1/armtools/bin/../lib/gcc/arm-atollic-eabi/6.3.1/../../../../arm-atollic-eabi/lib/armv7e-m/fpu\libc_nano.a(lib_a-wsetup.o)
                0x08010e70                __swsetup_r
 .text._close_r
                0x08010f4c       0x20 c:/program files (x86)/atollic/truestudio for stm32 9.0.1/armtools/bin/../lib/gcc/arm-atollic-eabi/6.3.1/../../../../arm-atollic-eabi/lib/armv7e-m/fpu\libc_nano.a(lib_a-closer.o)
                0x08010f4c                _close_r
 .text._fstat_r
                0x08010f6c       0x24 c:/program files (x86)/atollic/truestudio for stm32 9.0.1/armtools/bin/../lib/gcc/arm-atollic-eabi/6.3.1/../../../../arm-atollic-eabi/lib/armv7e-m/fpu\libc_nano.a(lib_a-fstatr.o)
                0x08010f6c                _fstat_r
 .text._isatty_r
                0x08010f90       0x20 c:/program files (x86)/atollic/truestudio for stm32 9.0.1/armtools/bin/../lib/gcc/arm-atollic-eabi/6.3.1/../../../../arm-atollic-eabi/lib/armv7e-m/fpu\libc_nano.a(lib_a-isattyr.o)
                0x08010f90                _isatty_r
 .text._lseek_r
                0x08010fb0       0x24 c:/program files (x86)/atollic/truestudio for stm32 9.0.1/armtools/bin/../lib/gcc/arm-atollic-eabi/6.3.1/../../../../arm-atollic-eabi/lib/armv7e-m/fpu\libc_nano.a(lib_a-lseekr.o)
                0x08010fb0                _lseek_r
 .text.memmove  0x08010fd4       0x34 c:/program files (x86)/atollic/truestudio for stm32 9.0.1/armtools/bin/../lib/gcc/arm-atollic-eabi/6.3.1/../../../../arm-atollic-eabi/lib/armv7e-m/fpu\libc_nano.a(lib_a-memmove.o)
                0x08010fd4                memmove
 .text.__malloc_lock
                0x08011008        0x2 c:/program files (x86)/atollic/truestudio for stm32 9.0.1/armtools/bin/../lib/gcc/arm-atollic-eabi/6.3.1/../../../../arm-atollic-eabi/lib/armv7e-m/fpu\libc_nano.a(lib_a-mlock.o)
                0x08011008                __malloc_lock
 .text.__malloc_unlock
                0x0801100a        0x2 c:/program files (x86)/atollic/truestudio for stm32 9.0.1/armtools/bin/../lib/gcc/arm-atollic-eabi/6.3.1/../../../../arm-atollic-eabi/lib/armv7e-m/fpu\libc_nano.a(lib_a-mlock.o)
                0x0801100a                __malloc_unlock
 .text._realloc_r
                0x0801100c       0x4c c:/program files (x86)/atollic/truestudio for stm32 9.0.1/armtools/bin/../lib/gcc/arm-atollic-eabi/6.3.1/../../../../arm-atollic-eabi/lib/armv7e-m/fpu\libc_nano.a(lib_a-nano-reallocr.o)
                0x0801100c                _realloc_r
 .text.__ssputs_r
                0x08011058       0xb6 c:/program files (x86)/atollic/truestudio for stm32 9.0.1/armtools/bin/../lib/gcc/arm-atollic-eabi/6.3.1/../../../../arm-atollic-eabi/lib/armv7e-m/fpu\libc_nano.a(lib_a-nano-svfprintf.o)
                0x08011058                __ssputs_r
 *fill*         0x0801110e        0x2 
 .text._svfprintf_r
                0x08011110      0x1e8 c:/program files (x86)/atollic/truestudio for stm32 9.0.1/armtools/bin/../lib/gcc/arm-atollic-eabi/6.3.1/../../../../arm-atollic-eabi/lib/armv7e-m/fpu\libc_nano.a(lib_a-nano-svfprintf.o)
                0x08011110                _svfiprintf_r
                0x08011110                _svfprintf_r
 .text._read_r  0x080112f8       0x24 c:/program files (x86)/atollic/truestudio for stm32 9.0.1/armtools/bin/../lib/gcc/arm-atollic-eabi/6.3.1/../../../../arm-atollic-eabi/lib/armv7e-m/fpu\libc_nano.a(lib_a-readr.o)
                0x080112f8                _read_r
 .text._malloc_usable_size_r
                0x0801131c       0x12 c:/program files (x86)/atollic/truestudio for stm32 9.0.1/armtools/bin/../lib/gcc/arm-atollic-eabi/6.3.1/../../../../arm-atollic-eabi/lib/armv7e-m/fpu\libc_nano.a(lib_a-nano-msizer.o)
                0x0801131c                _malloc_usable_size_r
 *fill*         0x0801132e        0x2 
 .text._close   0x08011330       0x10 c:/program files (x86)/atollic/truestudio for stm32 9.0.1/armtools/bin/../lib/gcc/arm-atollic-eabi/6.3.1/../../../../arm-atollic-eabi/lib/armv7e-m/fpu\libnosys.a(close.o)
                0x08011330                _close
 .text._fstat   0x08011340       0x10 c:/program files (x86)/atollic/truestudio for stm32 9.0.1/armtools/bin/../lib/gcc/arm-atollic-eabi/6.3.1/../../../../arm-atollic-eabi/lib/armv7e-m/fpu\libnosys.a(fstat.o)
                0x08011340                _fstat
 .text._isatty  0x08011350       0x10 c:/program files (x86)/atollic/truestudio for stm32 9.0.1/armtools/bin/../lib/gcc/arm-atollic-eabi/6.3.1/../../../../arm-atollic-eabi/lib/armv7e-m/fpu\libnosys.a(isatty.o)
                0x08011350                _isatty
 .text._lseek   0x08011360       0x10 c:/program files (x86)/atollic/truestudio for stm32 9.0.1/armtools/bin/../lib/gcc/arm-atollic-eabi/6.3.1/../../../../arm-atollic-eabi/lib/armv7e-m/fpu\libnosys.a(lseek.o)
                0x08011360                _lseek
 .text._read    0x08011370       0x10 c:/program files (x86)/atollic/truestudio for stm32 9.0.1/armtools/bin/../lib/gcc/arm-atollic-eabi/6.3.1/../../../../arm-atollic-eabi/lib/armv7e-m/fpu\libnosys.a(read.o)
                0x08011370                _read
 .text._sbrk    0x08011380       0x1c c:/program files (x86)/atollic/truestudio for stm32 9.0.1/armtools/bin/../lib/gcc/arm-atollic-eabi/6.3.1/../../../../arm-atollic-eabi/lib/armv7e-m/fpu\libnosys.a(sbrk.o)
                0x08011380                _sbrk
 *(.glue_7)
 .glue_7        0x0801139c        0x0 linker stubs
 *(.glue_7t)
 .glue_7t       0x0801139c        0x0 linker stubs
 *(.eh_frame)
 .eh_frame      0x0801139c        0x0 c:/program files (x86)/atollic/truestudio for stm32 9.0.1/armtools/bin/../lib/gcc/arm-atollic-eabi/6.3.1/armv7e-m/fpu/crtbegin.o
 *(.init)
 .init          0x0801139c        0x4 c:/program files (x86)/atollic/truestudio for stm32 9.0.1/armtools/bin/../lib/gcc/arm-atollic-eabi/6.3.1/armv7e-m/fpu/crti.o
                0x0801139c                _init
 .init          0x080113a0        0x8 c:/program files (x86)/atollic/truestudio for stm32 9.0.1/armtools/bin/../lib/gcc/arm-atollic-eabi/6.3.1/armv7e-m/fpu/crtn.o
 *(.fini)
 .fini          0x080113a8        0x4 c:/program files (x86)/atollic/truestudio for stm32 9.0.1/armtools/bin/../lib/gcc/arm-atollic-eabi/6.3.1/armv7e-m/fpu/crti.o
                0x080113a8                _fini
 .fini          0x080113ac        0x8 c:/program files (x86)/atollic/truestudio for stm32 9.0.1/armtools/bin/../lib/gcc/arm-atollic-eabi/6.3.1/armv7e-m/fpu/crtn.o
                0x080113b4                . = ALIGN (0x4)
                0x080113b4                _etext = .

.vfp11_veneer   0x080113b4        0x0
 .vfp11_veneer  0x080113b4        0x0 linker stubs

.v4_bx          0x080113b4        0x0
 .v4_bx         0x080113b4        0x0 linker stubs

.iplt           0x080113b4        0x0
 .iplt          0x080113b4        0x0 c:/program files (x86)/atollic/truestudio for stm32 9.0.1/armtools/bin/../lib/gcc/arm-atollic-eabi/6.3.1/armv7e-m/fpu/crtbegin.o

.rodata         0x080113b4      0x358
                0x080113b4                . = ALIGN (0x4)
 *(.rodata)
 .rodata        0x080113b4       0xc9 Src\TFMini.o
 *fill*         0x0801147d        0x3 
 .rodata        0x08011480       0x21 Src\VL53L0X.o
 *fill*         0x080114a1        0x3 
 .rodata        0x080114a4       0x21 Src\VL53L1X.o
 *fill*         0x080114c5        0x3 
 .rodata        0x080114c8        0xd Src\adc.o
 *fill*         0x080114d5        0x3 
 .rodata        0x080114d8        0xd Src\i2c.o
 *fill*         0x080114e5        0x3 
 .rodata        0x080114e8       0xaa Src\main.o
 *fill*         0x08011592        0x2 
 .rodata        0x08011594       0x60 Src\psd.o
 .rodata        0x080115f4        0xd Src\spi.o
 *fill*         0x08011601        0x3 
 .rodata        0x08011604        0xf Src\usart.o
 *fill*         0x08011613        0x1 
 .rodata        0x08011614       0x3a Src\vl53l1x\vl53l1_api.o
 *fill*         0x0801164e        0x2 
 .rodata        0x08011650        0x1 Src\vl53l1x\vl53l1_platform.o
 *(.rodata*)
 *fill*         0x08011651        0x3 
 .rodata.flagBitshiftOffset.8670
                0x08011654        0x8 Drivers\STM32F4xx_HAL_Driver\Src\stm32f4xx_hal_dma.o
 .rodata.AHBPrescTable
                0x0801165c       0x10 Src\system_stm32f4xx.o
                0x0801165c                AHBPrescTable
 .rodata.APBPrescTable
                0x0801166c        0x8 Src\system_stm32f4xx.o
                0x0801166c                APBPrescTable
 .rodata.__sf_fake_stderr
                0x08011674       0x20 c:/program files (x86)/atollic/truestudio for stm32 9.0.1/armtools/bin/../lib/gcc/arm-atollic-eabi/6.3.1/../../../../arm-atollic-eabi/lib/armv7e-m/fpu\libc_nano.a(lib_a-findfp.o)
                0x08011674                __sf_fake_stderr
 .rodata.__sf_fake_stdin
                0x08011694       0x20 c:/program files (x86)/atollic/truestudio for stm32 9.0.1/armtools/bin/../lib/gcc/arm-atollic-eabi/6.3.1/../../../../arm-atollic-eabi/lib/armv7e-m/fpu\libc_nano.a(lib_a-findfp.o)
                0x08011694                __sf_fake_stdin
 .rodata.__sf_fake_stdout
                0x080116b4       0x20 c:/program files (x86)/atollic/truestudio for stm32 9.0.1/armtools/bin/../lib/gcc/arm-atollic-eabi/6.3.1/../../../../arm-atollic-eabi/lib/armv7e-m/fpu\libc_nano.a(lib_a-findfp.o)
                0x080116b4                __sf_fake_stdout
 .rodata._global_impure_ptr
                0x080116d4        0x4 c:/program files (x86)/atollic/truestudio for stm32 9.0.1/armtools/bin/../lib/gcc/arm-atollic-eabi/6.3.1/../../../../arm-atollic-eabi/lib/armv7e-m/fpu\libc_nano.a(lib_a-impure.o)
                0x080116d4                _global_impure_ptr
 .rodata._printf_i.str1.1
                0x080116d8       0x22 c:/program files (x86)/atollic/truestudio for stm32 9.0.1/armtools/bin/../lib/gcc/arm-atollic-eabi/6.3.1/../../../../arm-atollic-eabi/lib/armv7e-m/fpu\libc_nano.a(lib_a-nano-vfprintf_i.o)
 .rodata._svfprintf_r.str1.1
                0x080116fa       0x11 c:/program files (x86)/atollic/truestudio for stm32 9.0.1/armtools/bin/../lib/gcc/arm-atollic-eabi/6.3.1/../../../../arm-atollic-eabi/lib/armv7e-m/fpu\libc_nano.a(lib_a-nano-svfprintf.o)
                0x0801170c                . = ALIGN (0x4)
 *fill*         0x0801170b        0x1 

.ARM.extab
 *(.ARM.extab* .gnu.linkonce.armextab.*)

.ARM            0x0801170c        0x8
                0x0801170c                __exidx_start = .
 *(.ARM.exidx*)
 .ARM.exidx     0x0801170c        0x8 c:/program files (x86)/atollic/truestudio for stm32 9.0.1/armtools/bin/../lib/gcc/arm-atollic-eabi/6.3.1/armv7e-m/fpu\libgcc.a(_udivmoddi4.o)
                0x08011714                __exidx_end = .

.rel.dyn        0x08011714        0x0
 .rel.iplt      0x08011714        0x0 c:/program files (x86)/atollic/truestudio for stm32 9.0.1/armtools/bin/../lib/gcc/arm-atollic-eabi/6.3.1/armv7e-m/fpu/crtbegin.o

.preinit_array  0x08011714        0x0
                0x08011714                PROVIDE (__preinit_array_start, .)
 *(.preinit_array*)
                0x08011714                PROVIDE (__preinit_array_end, .)

.init_array     0x08011714        0x4
                0x08011714                PROVIDE (__init_array_start, .)
 *(SORT(.init_array.*))
 *(.init_array*)
 .init_array    0x08011714        0x4 c:/program files (x86)/atollic/truestudio for stm32 9.0.1/armtools/bin/../lib/gcc/arm-atollic-eabi/6.3.1/armv7e-m/fpu/crtbegin.o
                0x08011718                PROVIDE (__init_array_end, .)

.fini_array     0x08011718        0x4
                [!provide]                PROVIDE (__fini_array_start, .)
 *(SORT(.fini_array.*))
 *(.fini_array*)
 .fini_array    0x08011718        0x4 c:/program files (x86)/atollic/truestudio for stm32 9.0.1/armtools/bin/../lib/gcc/arm-atollic-eabi/6.3.1/armv7e-m/fpu/crtbegin.o
                [!provide]                PROVIDE (__fini_array_end, .)
                0x0801171c                _sidata = LOADADDR (.data)

.data           0x20000000      0x370 load address 0x0801171c
                0x20000000                . = ALIGN (0x4)
                0x20000000                _sdata = .
 *(.data)
 *(.data*)
 .data.uwTickPrio
                0x20000000        0x4 Drivers\STM32F4xx_HAL_Driver\Src\stm32f4xx_hal.o
                0x20000000                uwTickPrio
 .data.uwTickFreq
                0x20000004        0x1 Drivers\STM32F4xx_HAL_Driver\Src\stm32f4xx_hal.o
                0x20000004                uwTickFreq
 *fill*         0x20000005        0x3 
 .data.number_of_characters
                0x20000008        0x4 Src\TFMini.o
 .data.Dev0     0x2000000c        0x4 Src\VL53L0X.o
 .data.Dev1     0x20000010        0x4 Src\VL53L1X.o
 .data.sharp_short_1_a
                0x20000014        0x4 Src\main.o
                0x20000014                sharp_short_1_a
 .data.sharp_short_1_b
                0x20000018        0x4 Src\main.o
                0x20000018                sharp_short_1_b
 .data.sharp_short_2_a
                0x2000001c        0x4 Src\main.o
                0x2000001c                sharp_short_2_a
 .data.sharp_short_2_b
                0x20000020        0x4 Src\main.o
                0x20000020                sharp_short_2_b
 .data.sharp_big_a
                0x20000024        0x4 Src\main.o
                0x20000024                sharp_big_a
 .data.sharp_big_b
                0x20000028        0x4 Src\main.o
                0x20000028                sharp_big_b
 .data.SystemCoreClock
                0x2000002c        0x4 Src\system_stm32f4xx.o
                0x2000002c                SystemCoreClock
 .data.DefaultTuningSettings
                0x20000030       0xf3 Src\vl53l0x\vl53l0x_api.o
                0x20000030                DefaultTuningSettings
 *fill*         0x20000123        0x1 
 .data.InterruptThresholdSettings
                0x20000124      0x1b6 Src\vl53l0x\vl53l0x_api.o
                0x20000124                InterruptThresholdSettings
 *fill*         0x200002da        0x2 
 .data.refArrayQuadrants
                0x200002dc       0x10 Src\vl53l0x\vl53l0x_api_calibration.o
                0x200002dc                refArrayQuadrants
 .data.BDTable  0x200002ec       0x20 Src\vl53l1x\vl53l1_api.o
 .data._impure_ptr
                0x2000030c        0x4 c:/program files (x86)/atollic/truestudio for stm32 9.0.1/armtools/bin/../lib/gcc/arm-atollic-eabi/6.3.1/../../../../arm-atollic-eabi/lib/armv7e-m/fpu\libc_nano.a(lib_a-impure.o)
                0x2000030c                _impure_ptr
 .data.impure_data
                0x20000310       0x60 c:/program files (x86)/atollic/truestudio for stm32 9.0.1/armtools/bin/../lib/gcc/arm-atollic-eabi/6.3.1/../../../../arm-atollic-eabi/lib/armv7e-m/fpu\libc_nano.a(lib_a-impure.o)
                0x20000370                . = ALIGN (0x4)
                0x20000370                _edata = .

.igot.plt       0x20000370        0x0 load address 0x08011a8c
 .igot.plt      0x20000370        0x0 c:/program files (x86)/atollic/truestudio for stm32 9.0.1/armtools/bin/../lib/gcc/arm-atollic-eabi/6.3.1/armv7e-m/fpu/crtbegin.o
                0x20000370                . = ALIGN (0x4)

.bss            0x20000370      0xaf0 load address 0x08011a8c
                0x20000370                _sbss = .
                0x20000370                __bss_start__ = _sbss
 *(.bss)
 .bss           0x20000370       0x1c c:/program files (x86)/atollic/truestudio for stm32 9.0.1/armtools/bin/../lib/gcc/arm-atollic-eabi/6.3.1/armv7e-m/fpu/crtbegin.o
 *(.bss*)
 .bss.dev_VL53L0X
                0x2000038c      0x16c Src\VL53L0X.o
 .bss.VL53L0X_status
                0x200004f8        0x4 Src\VL53L0X.o
 .bss.VL53L0X_RangingData
                0x200004fc       0x1c Src\VL53L0X.o
 .bss.dev_VL53L1X
                0x20000518      0x3a4 Src\VL53L1X.o
 .bss.VL53L1X_status
                0x200008bc        0x4 Src\VL53L1X.o
 .bss.VL53L1X_RangingData
                0x200008c0       0x1c Src\VL53L1X.o
 .bss.VL53L1X_callback_counter
                0x200008dc        0x4 Src\main.o
 .bss.received  0x200008e0        0x1 Src\main.o
                0x200008e0                received
 .bss.read_flag
                0x200008e1        0x1 Src\main.o
                0x200008e1                read_flag
 .bss.laser_flag
                0x200008e2        0x1 Src\main.o
                0x200008e2                laser_flag
 *fill*         0x200008e3        0x1 
 .bss.message_size2
                0x200008e4        0x4 Src\main.o
                0x200008e4                message_size2
 .bss.__malloc_free_list